#"Step","Time (ps)","Potential Energy (kJ/mole)","Total Energy (kJ/mole)","Temperature (K)","Speed (ns/day)","Time Remaining"
102500,410.0000000005015,-3627043.9795853887,-3089492.182224269,300.37316601424493,0,--
105000,420.0000000005492,-3628933.582823526,-3089926.6352871023,301.1862747552595,50.8,4:31:32
107500,430.00000000059697,-3631429.3720783535,-3092261.4551756554,301.27622120956664,50.8,4:31:10
110000,440.0000000006447,-3628501.0201096963,-3090516.0845433995,300.6151949585245,50.7,4:31:26
112500,450.00000000069247,-3630714.1741136536,-3092265.6394326147,300.8742448483028,50.7,4:31:21
115000,460.0000000007402,-3626250.8815190196,-3086949.7020887164,301.3506856379701,50.6,4:31:37
117500,470.00000000078796,-3628587.1733951345,-3090470.6639846293,300.6887157845054,50.6,4:31:16
120000,480.0000000008357,-3627675.513627013,-3088637.80177482,301.2034652380618,50.5,4:31:14
122500,490.00000000088346,-3625276.5889438484,-3089560.586842372,299.34736043234574,50.5,4:30:56
125000,500.0000000009312,-3626299.520331962,-3087571.0779564995,301.0306516555695,50.6,4:30:27
127500,510.00000000097896,-3627133.2969850674,-3089727.8962405883,300.2913625202376,50.6,4:30:10
130000,520.0000000010267,-3629283.416780306,-3091305.9821010353,300.6110036132532,50.6,4:29:59
132500,530.0000000010745,-3627743.885628948,-3087671.302722089,301.781730433402,50.6,4:29:40
135000,540.0000000011222,-3631112.4097220637,-3092585.070022064,300.91827951279333,50.5,4:29:37
137500,550.00000000117,-3632111.448068034,-3092718.262953813,301.4020965693543,50.5,4:29:33
140000,560.0000000012177,-3627115.229535347,-3089205.6098724157,300.5731099418689,50.5,4:29:17
142500,570.0000000012654,-3628793.5568771083,-3088171.027924462,302.08902925692183,50.5,4:29:05
145000,580.0000000013132,-3627767.7298411094,-3088420.0535439374,301.37666715487654,50.5,4:28:50
147500,590.000000001361,-3629873.0015903953,-3090229.6651564445,301.5418761110819,50.4,4:28:39
150000,600.0000000014087,-3625045.03455911,-3087200.4708529916,300.53675797762696,50.4,4:28:21
152500,610.0000000014564,-3627983.9527124353,-3088792.139588228,301.2895739390072,50.4,4:28:07
155000,620.0000000015042,-3623961.6886517424,-3084136.907334622,301.6432638736797,50.4,4:27:58
157500,630.0000000015519,-3630120.3171498887,-3089688.5174352713,301.9824535829878,50.4,4:27:44
160000,640.0000000015997,-3631280.4057301246,-3091073.1372685246,301.85699002083624,50.4,4:27:29
162500,650.0000000016474,-3626290.7249813825,-3087211.276449022,301.2267868580849,50.4,4:27:10
165000,660.0000000016952,-3626748.8099190723,-3087695.174982599,301.2123627382867,50.4,4:26:55
167500,670.0000000017429,-3627521.126360651,-3089481.992573972,300.64547983735577,50.4,4:26:34
170000,680.0000000017907,-3625689.7732038703,-3086425.5543797156,301.3300327923446,50.4,4:26:18
172500,690.0000000018384,-3629554.196029756,-3090481.763314687,301.22286656005514,50.4,4:26:02
175000,700.0000000018862,-3630096.2857791446,-3090044.1530836457,301.77030326533713,50.4,4:25:46
177500,710.0000000019339,-3627779.5808320977,-3087521.7305594785,301.88525412262703,50.4,4:25:34
180000,720.0000000019817,-3627816.4812579565,-3089682.3264953564,300.6985756534523,50.4,4:25:14
182500,730.0000000020294,-3626894.0248329956,-3089001.179250339,300.5637369221454,50.4,4:24:56
185000,740.0000000020772,-3625845.0580442604,-3087472.1317218207,300.8319964135264,50.4,4:24:39
187500,750.0000000021249,-3630188.172024237,-3090844.5961624077,301.37437591382417,50.4,4:24:19
190000,760.0000000021727,-3625463.8995051663,-3086070.9625613056,301.4019578967332,50.4,4:24:02
192500,770.0000000022204,-3630182.023850836,-3093463.164063443,299.90773719912295,50.4,4:23:48
195000,780.0000000022682,-3624713.374371117,-3086117.1657308415,300.95676209574077,50.4,4:23:30
197500,790.0000000023159,-3627699.937582463,-3090013.387705327,300.4484630182972,50.4,4:23:17
200000,800.0000000023637,-3628347.1773600243,-3087256.731270345,302.3504919709763,50.4,4:23:02
202500,810.0000000024114,-3629779.6520366017,-3092261.8847287158,300.35415070282824,50.4,4:22:45
205000,820.0000000024592,-3626814.06452018,-3087748.163431083,301.2192168184265,50.4,4:22:29
207500,830.0000000025069,-3628160.931538267,-3088354.749675843,301.63287087132943,50.4,4:22:15
210000,840.0000000025547,-3629935.9078528415,-3090969.813030736,301.16344707762846,50.4,4:21:58
212500,850.0000000026024,-3630090.4606461395,-3089510.5677257795,302.0652050969675,50.3,4:21:42
215000,860.0000000026502,-3627861.826316705,-3088237.556726193,301.5312219412739,50.3,4:21:27
217500,870.0000000026979,-3629983.6170738097,-3090689.9726775438,301.3464752120336,50.3,4:21:08
220000,880.0000000027457,-3629353.792229401,-3090415.737467086,301.14777885444374,50.3,4:20:52
222500,890.0000000027934,-3629612.5232419036,-3090918.4408396548,301.0114519914831,50.3,4:20:37
225000,900.0000000028411,-3628950.487191178,-3088359.205610975,302.0715688517356,50.3,4:20:20
227500,910.0000000028889,-3631206.5210655276,-3092470.880298933,301.03467397220027,50.3,4:20:01
230000,920.0000000029366,-3627250.759714717,-3090164.3595103174,300.11311141466183,50.3,4:19:45
232500,930.0000000029844,-3628298.541800441,-3090612.6089919284,300.44811821272344,50.3,4:19:27
235000,940.0000000030321,-3626676.716824161,-3087191.321684663,301.453621682593,50.3,4:19:10
237500,950.0000000030799,-3625512.9709356856,-3086789.7905108132,301.02771138308594,50.3,4:18:53
240000,960.0000000031276,-3631573.516683096,-3093960.845658716,300.40718099670863,50.3,4:18:34
242500,970.0000000031754,-3628526.990847217,-3090553.915027553,300.60856796990356,50.4,4:18:15
245000,980.0000000032231,-3628960.6201103143,-3090495.927459184,300.8832735980094,50.4,4:17:57
247500,990.0000000032709,-3624876.4633463826,-3085089.7523666653,301.62199093248,50.4,4:17:39
250000,1000.0000000033186,-3629193.4040141683,-3090082.910904209,301.244133945578,50.4,4:17:20
252500,1010.0000000033664,-3628828.7914797086,-3091081.5203907713,300.482392813942,50.4,4:17:04
255000,1020.0000000034141,-3629659.3670248687,-3090802.804579633,301.10224258164715,50.4,4:16:46
257500,1030.0000000032912,-3629904.723176297,-3091289.131412899,300.9675929962942,50.4,4:16:30
260000,1040.0000000030548,-3624910.668522386,-3086493.972514621,300.8564540360684,50.4,4:16:13
262500,1050.0000000028183,-3630289.664937943,-3091528.819910409,301.04875760784745,50.4,4:15:56
265000,1060.0000000025818,-3628548.574063001,-3090079.698998435,300.88561064677646,50.4,4:15:39
267500,1070.0000000023454,-3627849.322341958,-3089806.2686895365,300.647670179736,50.4,4:15:23
270000,1080.000000002109,-3630662.4037702996,-3092151.508201778,300.9090908618416,50.4,4:15:05
272500,1090.0000000018724,-3628879.2938188277,-3090049.0540371244,301.08753400505594,50.4,4:14:47
275000,1100.000000001636,-3630886.916489808,-3091232.1886797203,301.548241383661,50.4,4:14:29
277500,1110.0000000013995,-3625072.4458274525,-3086666.8451904566,300.8502541653539,50.4,4:14:12
280000,1120.000000001163,-3629403.830505168,-3091520.584546134,300.55837284494544,50.4,4:13:53
282500,1130.0000000009265,-3630683.0119745973,-3092686.118148568,300.62187699429006,50.4,4:13:36
285000,1140.00000000069,-3630888.7575009502,-3091727.4174150457,301.2725462162129,50.4,4:13:19
287500,1150.0000000004536,-3628678.697099615,-3089563.3241808955,301.24686068486903,50.4,4:13:01
290000,1160.0000000002171,-3629148.9093989003,-3091674.015539671,300.33019387936673,50.4,4:12:44
292500,1169.9999999999807,-3631278.8888357766,-3092253.476534585,301.196592495578,50.4,4:12:29
295000,1179.9999999997442,-3626118.065156445,-3088255.481892312,300.5468269453385,50.4,4:12:12
297500,1189.9999999995077,-3628998.2002507336,-3091887.388765828,300.1267519487423,50.4,4:11:55
300000,1199.9999999992713,-3626565.1118966993,-3086536.838926335,301.7569709293391,50.4,4:11:37
302500,1209.9999999990348,-3628614.578741707,-3089677.8580445396,301.147033405588,50.4,4:11:20
305000,1219.9999999987983,-3627784.9004016165,-3090125.076574817,300.4335290372484,50.4,4:11:03
307500,1229.9999999985619,-3630369.081365969,-3093450.6597110066,300.01924836934285,50.4,4:10:45
310000,1239.9999999983254,-3628433.7257261984,-3091003.3360070083,300.305325858257,50.4,4:10:27
312500,1249.999999998089,-3628021.051620979,-3089859.4616650864,300.71390588936595,50.4,4:10:09
315000,1259.9999999978525,-3629968.557380626,-3092951.7938433597,300.0741998413395,50.4,4:09:50
317500,1269.999999997616,-3630306.8112036083,-3092628.246692353,300.44400095595626,50.4,4:09:33
320000,1279.9999999973795,-3628404.8153201155,-3086661.0188556453,302.71557106020254,50.4,4:09:15
322500,1289.999999997143,-3629957.0817423593,-3090487.1902446947,301.4449585583975,50.4,4:08:57
325000,1299.9999999969066,-3631175.3207284156,-3092129.624819761,301.20792656872544,50.4,4:08:40
327500,1309.99999999667,-3628446.033928074,-3088553.3070684234,301.68123048048193,50.4,4:08:24
330000,1319.9999999964336,-3629908.584458038,-3088974.1301736822,302.2633268779244,50.4,4:08:07
332500,1329.9999999961972,-3625843.733070871,-3085809.5135684563,301.7602937322157,50.4,4:07:51
335000,1339.9999999959607,-3629293.790877113,-3090276.9827680113,301.19178464555944,50.4,4:07:34
337500,1349.9999999957242,-3632182.6601903588,-3092510.295577204,301.5580964755826,50.4,4:07:18
340000,1359.9999999954878,-3631259.733216282,-3094030.301251959,300.1930346942038,50.4,4:07:00
342500,1369.9999999952513,-3626337.5698844194,-3088593.3719151933,300.48067561626624,50.4,4:06:44
345000,1379.9999999950148,-3627823.4096699134,-3088964.726607167,301.10342754019166,50.4,4:06:27
347500,1389.9999999947784,-3631743.86989478,-3093142.0571924387,300.9598935332573,50.4,4:06:10
350000,1399.999999994542,-3628918.135612309,-3090556.2976893727,300.8258004382154,50.4,4:05:54
352500,1409.9999999943054,-3630671.190929292,-3091758.2601331915,301.1337400858788,50.4,4:05:37
355000,1419.999999994069,-3630821.777241299,-3092107.6957485545,301.02262708225373,50.4,4:05:19
357500,1429.9999999938325,-3627433.0444344636,-3086655.6604546374,302.1755591411405,50.4,4:05:02
360000,1439.999999993596,-3630266.276925763,-3092719.0972923767,300.3705857205768,50.4,4:04:46
362500,1449.9999999933596,-3626632.216240952,-3086188.916177253,301.9888797474633,50.4,4:04:28
365000,1459.999999993123,-3626941.821727477,-3088553.730697681,300.8404701479324,50.4,4:04:12
367500,1469.9999999928866,-3628265.5834401213,-3090528.4503789376,300.4767278873091,50.4,4:03:56
370000,1479.9999999926501,-3627128.5693953168,-3087425.3837386854,301.57531865669023,50.4,4:03:39
372500,1489.9999999924137,-3625777.044293223,-3089285.606226282,299.780658501725,50.3,4:03:23
375000,1499.9999999921772,-3630689.323557945,-3093333.592898264,300.26360787277804,50.3,4:03:06
377500,1509.9999999919407,-3625327.688411733,-3085058.8252603607,301.8914078984574,50.3,4:02:48
380000,1519.9999999917043,-3630255.9963644333,-3094101.7532021925,299.5922407500109,50.3,4:02:31
382500,1529.9999999914678,-3626346.524959812,-3087536.718978436,301.0761160071471,50.4,4:02:14
385000,1539.9999999912313,-3624939.792680053,-3086298.090841839,300.9821827825733,50.4,4:01:57
387500,1549.9999999909949,-3628429.228390444,-3088640.5129054133,301.62311100985704,50.4,4:01:39
390000,1559.9999999907584,-3629120.2073115,-3089032.9479385642,301.7899313483705,50.3,4:01:23
392500,1569.999999990522,-3627557.737065131,-3088713.2089159004,301.09551805833655,50.4,4:01:05
395000,1579.9999999902855,-3624328.330841657,-3086670.050242335,300.43266671267673,50.4,4:00:48
397500,1589.999999990049,-3628225.7083201297,-3087400.870229166,302.2020755469507,50.4,4:00:30
400000,1599.9999999898125,-3624017.555924101,-3086005.3495709808,300.63043332739977,50.4,4:00:13
402500,1609.999999989576,-3630208.4573397655,-3092025.5631489,300.72581026870193,50.4,3:59:55
405000,1619.9999999893396,-3628854.4526192583,-3091668.3403881183,300.1688284958969,50.4,3:59:39
407500,1629.9999999891031,-3632452.695768144,-3094190.421494502,300.770166267322,50.4,3:59:22
410000,1639.9999999888666,-3629352.435938731,-3091081.550959181,300.7749777571316,50.4,3:59:05
412500,1649.9999999886302,-3634135.438983407,-3096007.9631873406,300.6948435808719,50.3,3:58:48
415000,1659.9999999883937,-3627135.6143824235,-3089089.5392298885,300.6493585334157,50.4,3:58:31
417500,1669.9999999881572,-3626794.886803016,-3089303.3348094076,300.3395021108483,50.3,3:58:14
420000,1679.9999999879208,-3624899.157009447,-3085329.627211912,301.5006344425359,50.3,3:57:57
422500,1689.9999999876843,-3627187.004433889,-3087242.417638719,301.7102087726162,50.3,3:57:39
425000,1699.9999999874478,-3626629.6872511953,-3086495.100186745,301.81637711343,50.4,3:57:22
427500,1709.9999999872114,-3628909.8398107886,-3092161.935829139,299.92396651251397,50.4,3:57:05
430000,1719.999999986975,-3630927.777137665,-3091745.961849291,301.2839873488084,50.4,3:56:48
432500,1729.9999999867384,-3626689.1011563484,-3089686.901598989,300.0660617813873,50.3,3:56:31
435000,1739.999999986502,-3625578.214882357,-3085605.256124094,301.72606245671153,50.3,3:56:15
437500,1749.9999999862655,-3628292.303704895,-3090835.708193908,300.3199691292656,50.3,3:55:58
440000,1759.999999986029,-3630428.5417793337,-3091482.0859977673,301.15247317555406,50.3,3:55:41
442500,1769.9999999857926,-3626674.818790201,-3089587.0421964275,300.1138805134461,50.3,3:55:25
445000,1779.999999985556,-3625973.4350459613,-3086373.9675219143,301.517363043835,50.3,3:55:07
447500,1789.9999999853196,-3627573.175240485,-3087825.8419940206,301.5999874446938,50.3,3:54:50
450000,1799.9999999850832,-3634066.697974749,-3095972.8297798876,300.67606432717827,50.3,3:54:33
452500,1809.9999999848467,-3626993.592552189,-3086811.8988776933,301.84269934259737,50.3,3:54:16
455000,1819.9999999846102,-3627959.9455143623,-3088073.6270859363,301.67764957760784,50.3,3:53:59
457500,1829.9999999843737,-3627076.662558878,-3087799.3092901,301.3373720566438,50.3,3:53:41
460000,1839.9999999841373,-3629542.9282397013,-3092149.2203502865,300.28482878727897,50.3,3:53:25
462500,1849.9999999839008,-3625895.464374382,-3089027.324593286,299.9911518664187,50.3,3:53:07
465000,1859.9999999836643,-3629650.532825632,-3091644.720398203,300.6268605299271,50.3,3:52:50
467500,1869.9999999834279,-3631198.255557228,-3091832.623339968,301.38670056299065,50.3,3:52:34
470000,1879.9999999831914,-3627471.6722269766,-3087167.935998002,301.91089427498787,50.3,3:52:18
472500,1889.999999982955,-3629839.8769263327,-3092524.6794476975,300.240958743933,50.3,3:52:01
475000,1899.9999999827185,-3629216.320380347,-3090219.267730764,301.1807456908931,50.3,3:51:44
477500,1909.999999982482,-3631791.655391477,-3091775.936530554,301.74995594470323,50.3,3:51:27
480000,1919.9999999822455,-3625634.252391614,-3086373.7231967025,301.3279711015035,50.3,3:51:09
482500,1929.999999982009,-3626108.98148611,-3089005.698904556,300.1225449485101,50.3,3:50:52
485000,1939.9999999817726,-3632378.4808488004,-3092652.1011479916,301.5882790235171,50.3,3:50:36
487500,1949.9999999815361,-3629544.006453747,-3091588.6782395667,300.59865096381316,50.3,3:50:19
490000,1959.9999999812997,-3628158.355468774,-3088746.3688660725,301.4126024641324,50.3,3:50:03
492500,1969.9999999810632,-3626958.969947681,-3086673.4554929333,301.9007123129112,50.3,3:49:45
495000,1979.9999999808267,-3627173.0100079235,-3089407.4085229123,300.4926354717287,50.3,3:49:29
497500,1989.9999999805902,-3627185.8672660682,-3088546.8284607097,300.9806947332096,50.3,3:49:12
500000,1999.9999999803538,-3628986.0025472995,-3090114.205179684,301.11075555080026,50.3,3:48:54
502500,2009.9999999801173,-3628214.910498511,-3091543.036948746,299.88148223164876,50.3,3:48:36
505000,2019.9999999798808,-3630563.5608975794,-3093934.351920925,299.8576421236539,50.3,3:48:20
507500,2029.9999999796444,-3625945.2927977126,-3086662.4604997365,301.3404336283009,50.3,3:48:03
510000,2039.999999979408,-3625657.6028433386,-3088951.546282662,299.90058301274894,50.3,3:47:47
512500,2049.9999999791717,-3628441.3356737215,-3088199.9165712614,301.8760727142006,50.3,3:47:29
515000,2059.999999978935,-3628353.6836730987,-3090415.6894294084,300.5889650886636,50.3,3:47:11
517500,2069.9999999786987,-3627166.6570396814,-3087245.587228496,301.69706795350027,50.3,3:46:54
520000,2079.9999999784623,-3627385.7707838044,-3089117.4709359044,300.77353323739976,50.3,3:46:37
522500,2089.999999978226,-3628641.20650821,-3090750.2327069463,300.56269100823357,50.3,3:46:20
525000,2099.9999999779893,-3630500.908289952,-3092773.0156519054,300.4715645241383,50.3,3:46:03
527500,2109.999999977753,-3626163.2578472327,-3087075.1147824693,301.23164518845914,50.3,3:45:46
530000,2119.9999999775164,-3627668.83943324,-3088104.969148997,301.497472019986,50.3,3:45:29
532500,2129.99999997728,-3627062.4955646247,-3086536.228392951,302.0352401038414,50.3,3:45:11
535000,2139.9999999770434,-3631440.7919686995,-3092492.6693201037,301.1534045874278,50.3,3:44:54
537500,2149.999999976807,-3629539.663847482,-3091066.7011930346,300.8878947100425,50.3,3:44:37
540000,2159.9999999765705,-3628939.741480466,-3090174.7142593735,301.0510945337515,50.3,3:44:20
542500,2169.999999976334,-3630497.106189847,-3093483.251287873,300.07257455425855,50.3,3:44:03
545000,2179.9999999760976,-3630678.7999805156,-3092011.5612621726,300.9964522791541,50.3,3:43:46
547500,2189.999999975861,-3628851.6909500696,-3090011.3340910305,301.0931872250154,50.3,3:43:29
550000,2199.9999999756246,-3629181.244765479,-3090120.9221089133,301.2160997021801,50.3,3:43:12
552500,2209.999999975388,-3628461.917878581,-3089066.0290172487,301.4036073690282,50.3,3:42:54
555000,2219.9999999751517,-3628140.7659101207,-3088086.275547459,301.77162068247486,50.3,3:42:38
557500,2229.999999974915,-3626607.974606,-3088251.908212159,300.822575423481,50.3,3:42:20
560000,2239.9999999746788,-3628857.3006030954,-3090939.6972850384,300.57757104827425,50.3,3:42:03
562500,2249.9999999744423,-3626859.2063098494,-3088340.1726053315,300.91363828905986,50.3,3:41:46
565000,2259.999999974206,-3626397.832946947,-3089765.0644710828,299.85963110044145,50.3,3:41:29
567500,2269.9999999739694,-3628626.336010283,-3089732.561137392,301.12303614008096,50.3,3:41:12
570000,2279.999999973733,-3627862.4281502515,-3089133.559421994,301.0308898929625,50.3,3:40:55
572500,2289.9999999734964,-3628965.4832356013,-3091801.2400877085,300.15660849067126,50.3,3:40:38
575000,2299.99999997326,-3626687.579658989,-3088232.532564334,300.87788385445197,50.3,3:40:21
577500,2309.9999999730235,-3626972.298518073,-3087895.093234681,301.22553337554,50.3,3:40:03
580000,2319.999999972787,-3626247.8046119213,-3087869.0642999387,300.8352451543079,50.3,3:39:46
582500,2329.9999999725505,-3631742.965772221,-3093560.1521218633,300.72576526428094,50.3,3:39:29
585000,2339.999999972314,-3628473.4417358413,-3091947.9704972026,299.799675555677,50.3,3:39:12
587500,2349.9999999720776,-3627565.1102721896,-3088582.567698975,301.17263775115725,50.3,3:38:54
590000,2359.999999971841,-3627056.2866278756,-3088049.605356953,301.18612597143624,50.3,3:38:37
592500,2369.9999999716047,-3627897.2258635517,-3087956.524219868,301.7080378278663,50.3,3:38:20
595000,2379.999999971368,-3629944.262711942,-3094148.484975562,299.39193745756364,50.3,3:38:03
597500,2389.9999999711317,-3626711.769091418,-3088534.549940765,300.7226391700202,50.3,3:37:46
600000,2399.9999999708953,-3627334.219366474,-3087434.2094210787,301.6853001227645,50.3,3:37:29
602500,2409.999999970659,-3630776.312449198,-3092553.9397640834,300.7478700597123,50.3,3:37:12
605000,2419.9999999704223,-3629926.557545414,-3092991.87323742,300.0283356137777,50.3,3:36:54
607500,2429.999999970186,-3627185.5741070285,-3088408.748873051,301.0576870267921,50.3,3:36:38
610000,2439.9999999699494,-3628362.1075883154,-3088995.48869388,301.3872518984126,50.3,3:36:20
612500,2449.999999969713,-3628774.4648034927,-3089658.3447648147,301.2472781605215,50.3,3:36:03
615000,2459.9999999694764,-3627016.6962600574,-3086569.151586382,301.9912515504101,50.3,3:35:46
617500,2469.99999996924,-3629614.1370323244,-3088439.4633014593,302.39755668803826,50.3,3:35:29
620000,2479.9999999690035,-3630219.562894717,-3090572.654457881,301.54387207467266,50.3,3:35:12
622500,2489.999999968767,-3630776.31821307,-3091680.2712796656,301.23606171177653,50.3,3:34:55
625000,2499.9999999685306,-3626849.0563188754,-3090126.8353780746,299.9096153442535,50.3,3:34:38
627500,2509.999999968294,-3626866.025815118,-3089592.769984875,300.21752259177566,50.3,3:34:21
630000,2519.9999999680576,-3632430.586417906,-3094892.120724961,300.3657165453796,50.3,3:34:04
632500,2529.999999967821,-3626958.2773996443,-3088903.9089188566,300.6539926789555,50.3,3:33:47
635000,2539.9999999675847,-3628133.2388227247,-3089652.9131682925,300.8920090067998,50.3,3:33:30
637500,2549.9999999673482,-3629275.9192766696,-3090522.6829697127,301.0445060073501,50.3,3:33:13
640000,2559.9999999671118,-3628202.9934150614,-3090200.2598146955,300.62514014309727,50.3,3:32:56
642500,2569.9999999668753,-3624551.4191584885,-3087465.6804686007,300.11274177361645,50.3,3:32:39
645000,2579.999999966639,-3630133.0850750804,-3088433.340027793,302.6909560115477,50.3,3:32:22
647500,2589.9999999664024,-3627451.181278186,-3090330.360397091,300.1323449986364,50.3,3:32:05
650000,2599.999999966166,-3630064.272653399,-3091621.334780888,300.8711174639177,50.3,3:31:48
652500,2609.9999999659294,-3629418.0624216534,-3090369.6324783256,301.2094542924812,50.3,3:31:31
655000,2619.999999965693,-3623463.3525566217,-3085989.3242442235,300.32971022915217,50.3,3:31:15
657500,2629.9999999654565,-3629058.749007957,-3091962.0350219198,300.11887454904127,50.3,3:30:57
660000,2639.99999996522,-3630253.3782190587,-3092765.929094036,300.3372095101484,50.3,3:30:40
662500,2649.9999999649835,-3628683.999330841,-3089769.3709030654,301.1346886884201,50.3,3:30:23
665000,2659.999999964747,-3624968.720386805,-3085664.780367558,301.3522281997199,50.3,3:30:06
667500,2669.9999999645106,-3625053.824962722,-3088202.8841046393,299.98154145309155,50.3,3:29:48
670000,2679.999999964274,-3628317.436078556,-3089357.199757771,301.1601734645583,50.3,3:29:31
672500,2689.9999999640377,-3629914.12790451,-3093084.691031887,299.9695254571888,50.3,3:29:14
675000,2699.999999963801,-3626470.4680577684,-3085868.57450948,302.07749860672334,50.3,3:28:57
677500,2709.9999999635647,-3631901.4738828596,-3093194.477124403,301.0186682747886,50.3,3:28:40
680000,2719.9999999633283,-3628328.7519517,-3090916.908674663,300.29496247825307,50.3,3:28:23
682500,2729.999999963092,-3626892.8973679934,-3088149.190108697,301.0391813665824,50.3,3:28:06
685000,2739.9999999628553,-3625511.3129283283,-3089196.349541506,299.6820479889357,50.3,3:27:49
687500,2749.999999962619,-3624995.1419408023,-3086247.140002232,301.04158114724873,50.3,3:27:31
690000,2759.9999999623824,-3624955.849624444,-3086078.183306145,301.1140350027648,50.3,3:27:14
692500,2769.999999962146,-3627052.510332478,-3089496.156937306,300.3757118347214,50.3,3:26:57
695000,2779.9999999619095,-3625429.0228159446,-3086752.9517705324,301.00138760642506,50.3,3:26:39
697500,2789.999999961673,-3630743.4844511207,-3092313.600149693,300.8638233901312,50.3,3:26:23
700000,2799.9999999614365,-3627432.647280704,-3089431.284403881,300.62437421026544,50.3,3:26:05
702500,2809.9999999612,-3628228.0604496,-3090028.4208137966,300.7351672875734,50.3,3:25:48
705000,2819.9999999609636,-3629943.623471828,-3089850.5535131777,301.793178187161,50.3,3:25:31
707500,2829.999999960727,-3628988.7426203303,-3089319.47899161,301.5563637076578,50.3,3:25:14
710000,2839.9999999604906,-3628484.764690481,-3089695.751023565,301.06449767873,50.3,3:24:57
712500,2849.999999960254,-3629677.6741175,-3089591.567245895,301.7892873537354,50.3,3:24:40
715000,2859.9999999600177,-3628091.8081853706,-3088862.2959577003,301.3106394421246,50.3,3:24:23
717500,2869.9999999597812,-3630736.9782323167,-3094048.622801971,299.8906919760421,50.3,3:24:05
720000,2879.9999999595448,-3626824.4873279277,-3088561.1953419973,300.7707349445428,50.3,3:23:48
722500,2889.9999999593083,-3629249.581594268,-3088204.887878994,302.324926461531,50.3,3:23:32
725000,2899.999999959072,-3628738.8934668433,-3090775.2881614836,300.60327603640167,50.3,3:23:14
727500,2909.9999999588354,-3629449.7136934027,-3089695.7784933043,301.60367648401,50.3,3:22:57
730000,2919.999999958599,-3628693.0766315795,-3090384.559041034,300.7960061055916,50.3,3:22:40
732500,2929.9999999583624,-3629614.1524339486,-3093405.6987713315,299.62253249065657,50.3,3:22:23
735000,2939.999999958126,-3630548.4679846596,-3094175.121389168,299.7146713553094,50.3,3:22:06
737500,2949.9999999578895,-3630710.140909791,-3092404.19218026,300.79457067756437,50.3,3:21:49
740000,2959.999999957653,-3626921.904709691,-3088897.130489678,300.6374559994236,50.3,3:21:32
742500,2969.9999999574165,-3631878.9057634473,-3092749.2932180827,301.2548175027222,50.3,3:21:14
745000,2979.99999995718,-3629350.5117237847,-3092097.561211479,300.20617638725054,50.3,3:20:57
747500,2989.9999999569436,-3632853.2126446404,-3093888.938357025,301.1624297994586,50.3,3:20:40
750000,2999.999999956707,-3626143.590854764,-3086336.625558796,301.63330863828537,50.3,3:20:22
752500,3009.9999999564707,-3628917.6958636045,-3087869.950610391,302.32663159974584,50.3,3:20:05
755000,3019.999999956234,-3626001.890405316,-3089547.498084953,299.75995808133473,50.3,3:19:48
757500,3029.9999999559977,-3628165.6146795135,-3088582.5655185245,301.50818879175984,50.3,3:19:31
760000,3039.9999999557613,-3629522.9291980322,-3091457.880043308,300.65996082539516,50.3,3:19:14
762500,3049.999999955525,-3626601.5066442583,-3086861.668621874,301.5957992637633,50.3,3:18:57
765000,3059.9999999552883,-3628481.1249766555,-3089757.6772021228,301.02786077271566,50.3,3:18:40
767500,3069.999999955052,-3632183.26992126,-3092080.0224623615,301.7988651702324,50.3,3:18:22
770000,3079.9999999548154,-3628556.1757498793,-3092427.224859977,299.5781079353589,50.3,3:18:06
772500,3089.999999954579,-3628066.9157845117,-3088542.128932516,301.47563298170115,50.3,3:17:49
775000,3099.9999999543425,-3626324.311145952,-3086058.850296445,301.88950676039354,50.3,3:17:32
777500,3109.999999954106,-3627981.2498417664,-3088465.6069455566,301.47052352255184,50.3,3:17:15
780000,3119.9999999538695,-3625968.780011153,-3086201.313227943,301.61123766133323,50.3,3:16:58
782500,3129.999999953633,-3627796.55485411,-3089356.9112350866,300.86927670112124,50.3,3:16:41
785000,3139.9999999533966,-3629096.609122876,-3091726.248850273,300.27178260714317,50.3,3:16:24
787500,3149.99999995316,-3631257.4094707724,-3091774.2959210603,301.4523467759687,50.3,3:16:08
790000,3159.9999999529236,-3625723.339979043,-3085413.8646380296,301.9141011757212,50.3,3:15:52
792500,3169.999999952687,-3627400.834822798,-3088308.3915643315,301.2340480504782,50.3,3:15:35
795000,3179.9999999524507,-3630992.86963249,-3091469.5710073803,301.47480139035736,50.3,3:15:18
797500,3189.9999999522142,-3629214.2161710374,-3088183.8037773073,302.31694634540463,50.3,3:15:01
800000,3199.9999999519778,-3627288.8435667343,-3086701.8873520484,302.0691519242121,50.3,3:14:44
802500,3209.9999999517413,-3627996.820065856,-3090975.146817736,300.076943289321,50.3,3:14:27
805000,3219.999999951505,-3629439.829542991,-3088187.3297961997,302.4410443052626,50.3,3:14:10
807500,3229.9999999512684,-3624740.4607531615,-3085948.568065743,301.06610641765997,50.3,3:13:53
810000,3239.999999951032,-3628739.836546922,-3090019.8183209617,301.02594440973866,50.3,3:13:36
812500,3249.9999999507954,-3627186.5813409183,-3087530.8646286754,301.54879396235685,50.3,3:13:19
815000,3259.999999950559,-3626761.610302586,-3087460.19428825,301.350817836384,50.3,3:13:02
817500,3269.9999999503225,-3630472.0515721496,-3093100.0975812664,300.2726731449628,50.3,3:12:45
820000,3279.999999950086,-3629222.8639270887,-3090930.3127880516,300.7870843726291,50.3,3:12:27
822500,3289.9999999498496,-3626477.2159331758,-3088782.03062163,300.4532883258979,50.3,3:12:10
825000,3299.999999949613,-3629236.7888288796,-3090932.083170681,300.79387607422854,50.3,3:11:53
827500,3309.9999999493766,-3627983.6810757127,-3090879.032071839,300.1233084779045,50.3,3:11:36
830000,3319.99999994914,-3630627.6993119325,-3090609.0536897946,301.7515913601862,50.3,3:11:19
832500,3329.9999999489037,-3623462.7674938664,-3083125.23216703,301.92978053317336,50.3,3:11:02
835000,3339.999999948667,-3630023.127593916,-3092072.8403201513,300.59583418738373,50.3,3:10:45
837500,3349.9999999484307,-3629927.1809983645,-3090443.9465318755,301.4524143418391,50.3,3:10:28
840000,3359.9999999481943,-3628121.095820537,-3091748.5472587226,299.71422543009174,50.3,3:10:11
842500,3369.999999947958,-3629666.000527233,-3089740.345109265,301.6996302986253,50.3,3:09:54
845000,3379.9999999477213,-3630114.596622208,-3091986.8694846844,300.69498402543877,50.3,3:09:37
847500,3389.999999947485,-3627007.1459047757,-3085372.39032767,302.6546411987018,50.3,3:09:20
850000,3399.9999999472484,-3630325.048411848,-3093765.74101811,299.8185825207041,50.3,3:09:03
852500,3409.999999947012,-3630048.4019562732,-3091486.8242339045,300.93741103319263,50.3,3:08:46
855000,3419.9999999467755,-3629577.163859522,-3088642.1841279836,302.2636204872743,50.3,3:08:28
857500,3429.999999946539,-3628835.5190861747,-3091124.886004262,300.4619202302385,50.3,3:08:11
860000,3439.9999999463025,-3629094.023568079,-3090022.461401539,301.22238011499223,50.3,3:07:55
862500,3449.999999946066,-3626548.4234576784,-3088569.2390390616,300.6119813325161,50.3,3:07:37
865000,3459.9999999458296,-3628668.3493186645,-3089380.776757909,301.3430823920959,50.3,3:07:20
867500,3469.999999945593,-3626797.967884833,-3086997.9122268064,301.62944767114766,50.3,3:07:03
870000,3479.9999999453566,-3627657.7358660437,-3087379.630801269,301.89657209435876,50.3,3:06:46
872500,3489.99999994512,-3625811.739351472,-3087399.4033348016,300.85401776046615,50.3,3:06:29
875000,3499.9999999448837,-3631828.732528353,-3094881.626565747,300.0352765853105,50.3,3:06:12
877500,3509.9999999446472,-3629887.366192894,-3093242.771939445,299.86623910783965,50.3,3:05:55
880000,3519.999999944411,-3628581.5946025327,-3089427.6650597923,301.2684053532802,50.3,3:05:38
882500,3529.9999999441743,-3627648.4530618005,-3088386.779664697,301.3286104587462,50.3,3:05:21
885000,3539.999999943938,-3629345.013901023,-3090939.577206454,300.8501625576132,50.3,3:05:04
887500,3549.9999999437014,-3630057.836469732,-3092945.6699222075,300.127509130564,50.3,3:04:47
890000,3559.999999943465,-3628558.587374665,-3089783.192087345,301.05688800127126,50.3,3:04:30
892500,3569.9999999432284,-3627476.568839673,-3088064.8727259655,301.41244014470686,50.3,3:04:12
895000,3579.999999942992,-3626621.4026692193,-3087855.703415138,301.05147005231066,50.3,3:03:55
897500,3589.9999999427555,-3629103.186580429,-3089965.2164435037,301.25948755730974,50.3,3:03:38
900000,3599.999999942519,-3628939.2519511636,-3089909.315011116,301.19912077304787,50.3,3:03:21
902500,3609.9999999422826,-3630956.1761507355,-3091853.724286235,301.2396406588491,50.3,3:03:04
905000,3619.999999942046,-3625921.858292233,-3090142.9947141926,299.3824861650261,50.3,3:02:47
907500,3629.9999999418096,-3630279.647337146,-3088721.823711326,302.61165316687186,50.3,3:02:30
910000,3639.999999941573,-3627961.6701016054,-3088105.6116741747,301.6607408957894,50.3,3:02:13
912500,3649.9999999413367,-3627869.8816126585,-3089609.0399108846,300.7693657748864,50.3,3:01:56
915000,3659.9999999411,-3629381.897573132,-3089185.812994905,301.8507406910534,50.3,3:01:39
917500,3669.9999999408637,-3627717.5454778634,-3088103.1633652896,301.5256970168542,50.3,3:01:22
920000,3679.9999999406273,-3630471.324270172,-3091907.6852426957,300.93856284915586,50.3,3:01:05
922500,3689.999999940391,-3627290.7186837457,-3089497.6969074234,300.5079573807145,50.3,3:00:47
925000,3699.9999999401543,-3629604.594791392,-3092038.7095236247,300.3810380540058,50.3,3:00:30
927500,3709.999999939918,-3626914.745470533,-3090321.7338314774,299.8374157771899,50.3,3:00:13
930000,3719.9999999396814,-3628699.347925335,-3089586.8639986273,301.24524637405943,50.3,2:59:56
932500,3729.999999939445,-3631088.847514985,-3092938.332320769,300.70771753459945,50.3,2:59:39
935000,3739.9999999392085,-3633847.9443104137,-3096267.809873332,300.38900020411137,50.3,2:59:22
937500,3749.999999938972,-3631249.0860347264,-3092447.538323513,301.07150145136546,50.3,2:59:05
940000,3759.9999999387355,-3628464.5668886695,-3090589.002613499,300.5540804740264,50.3,2:58:48
942500,3769.999999938499,-3629593.4696053825,-3089440.083913329,301.8268814096068,50.3,2:58:30
945000,3779.9999999382626,-3629488.908015132,-3092091.1672668564,300.2870822679483,50.3,2:58:13
947500,3789.999999938026,-3628877.4481626786,-3090795.277701824,300.6695278679644,50.3,2:57:56
950000,3799.9999999377897,-3626587.4059658013,-3086204.3720875587,301.95520421141623,50.3,2:57:39
952500,3809.999999937553,-3626615.7610828187,-3086225.247108468,301.95938393913946,50.3,2:57:22
955000,3819.9999999373167,-3628108.92754207,-3089205.789261624,301.12826822447903,50.3,2:57:05
957500,3829.9999999370802,-3628833.1746931504,-3089624.836070534,301.29880805616864,50.3,2:56:48
960000,3839.999999936844,-3629228.1483567357,-3091270.916767833,300.59971453144385,50.3,2:56:31
962500,3849.9999999366073,-3630034.5349398796,-3090772.586968221,301.3287638855022,50.2,2:56:14
965000,3859.999999936371,-3625066.769129388,-3089043.1402744944,299.5192560939885,50.2,2:55:57
967500,3869.9999999361344,-3624313.288022112,-3085098.871934762,301.3022040216035,50.2,2:55:40
970000,3879.999999935898,-3628832.5263398476,-3088985.9828298036,301.6554241507357,50.2,2:55:23
972500,3889.9999999356614,-3627015.8615566455,-3085101.9802670055,302.8106110501684,50.2,2:55:06
975000,3899.999999935425,-3631615.76453894,-3092457.9307703506,301.27058695640164,50.2,2:54:49
977500,3909.9999999351885,-3625394.642425865,-3085707.9134416743,301.56612299809996,50.2,2:54:32
980000,3919.999999934952,-3629202.938952172,-3091978.0496692494,300.19049633492165,50.2,2:54:15
982500,3929.9999999347156,-3629901.0861168075,-3090155.58908065,301.5989614071919,50.2,2:53:57
985000,3939.999999934479,-3626703.41838165,-3086408.6046265783,301.90590857547375,50.2,2:53:40
987500,3949.9999999342426,-3630184.7056662906,-3090969.880800339,301.30243243888975,50.2,2:53:23
990000,3959.999999934006,-3629448.327939907,-3092270.9776786542,300.1639324828087,50.2,2:53:06
992500,3969.9999999337697,-3628127.540129509,-3088717.2592334356,301.41164934946937,50.2,2:52:49
995000,3979.999999933533,-3632133.271009393,-3092367.8243287164,301.6101088685425,50.2,2:52:32
997500,3989.9999999332967,-3628203.4568005875,-3089482.732670457,301.02633885483476,50.2,2:52:15
1000000,3999.9999999330603,-3627447.1334988438,-3088525.2202058667,301.1387593250271,50.2,2:51:58
1002500,4009.999999932824,-3625438.135956103,-3086476.2030601716,301.16112147673255,50.2,2:51:41
1005000,4019.9999999325873,-3628172.1515459605,-3088819.5584358545,301.3794145713577,50.2,2:51:23
1007500,4029.999999932351,-3629205.4237499423,-3089816.9555165423,301.3994608709291,50.2,2:51:06
1010000,4039.9999999321144,-3628778.0343567077,-3089967.550244862,301.0764949328566,50.2,2:50:49
1012500,4049.999999931878,-3627707.2338495385,-3090099.885312856,300.4042068973031,50.2,2:50:32
1015000,4059.9999999316415,-3627867.1946173925,-3090278.5068851653,300.3937796139379,50.2,2:50:15
1017500,4069.999999931405,-3627506.9752354324,-3087939.442866218,301.4995183196407,50.2,2:49:58
1020000,4079.9999999311685,-3629162.9995872453,-3089067.0015230216,301.7948143538441,50.2,2:49:41
1022500,4089.999999930932,-3629280.068722453,-3088832.5697186287,301.991226031013,50.2,2:49:24
1025000,4099.999999930696,-3627141.1192426085,-3087455.7716551605,301.56535110129846,50.2,2:49:07
1027500,4109.999999930459,-3629932.8729165066,-3091653.490990813,300.77972568026627,50.2,2:48:50
1030000,4119.999999930223,-3630611.2364761084,-3092478.240907336,300.69792791918417,50.2,2:48:32
1032500,4129.999999929986,-3628239.9636130873,-3090083.0802338766,300.71127594868705,50.2,2:48:15
1035000,4139.99999992975,-3627311.8258903828,-3088047.1918644807,301.330264798756,50.2,2:47:58
1037500,4149.999999929513,-3627946.529314967,-3085504.1738460576,303.10591182520665,50.2,2:47:41
1040000,4159.999999929277,-3629933.6921004932,-3090420.1453642608,301.4693522303861,50.2,2:47:24
1042500,4169.99999992904,-3630387.2098043915,-3091033.6553117316,301.3799517726525,50.2,2:47:07
1045000,4179.999999928804,-3631485.8509401884,-3092494.4951860392,301.1775623799521,50.2,2:46:50
1047500,4189.999999928567,-3628145.115840541,-3089522.684477499,300.9714148274359,50.2,2:46:33
1050000,4199.999999928331,-3626824.452588288,-3086014.600765952,302.1937015205285,50.2,2:46:15
1052500,4209.999999928094,-3624033.44285658,-3086150.415315836,300.55825079718437,50.2,2:45:58
1055000,4219.999999927858,-3630632.912890792,-3092973.589968155,300.4332491420457,50.2,2:45:41
1057500,4229.9999999276215,-3627755.897537967,-3087434.0496506775,301.92101470650067,50.2,2:45:24
1060000,4239.999999927385,-3627692.105082402,-3089518.3353970526,300.72071167797304,50.2,2:45:06
1062500,4249.999999927149,-3628339.217557395,-3089473.922413888,301.10712223834327,50.2,2:44:49
1065000,4259.999999926912,-3629868.7622899115,-3091276.0368960556,300.95481572748366,50.2,2:44:32
1067500,4269.999999926676,-3629415.7884861454,-3091781.3474298324,300.4193456540457,50.2,2:44:15
1070000,4279.999999926439,-3629494.7716527134,-3092808.039819515,299.88978474251087,50.2,2:43:57
1072500,4289.999999926203,-3628703.903077733,-3092096.4213659083,299.84550136371644,50.2,2:43:40
1075000,4299.999999925966,-3627349.378186127,-3090483.197274232,299.9900572895864,50.2,2:43:23
1077500,4309.99999992573,-3628297.7752877213,-3090635.424756279,300.43494090914027,50.2,2:43:06
1080000,4319.999999925493,-3629440.909553509,-3091795.361783577,300.42555186291725,50.2,2:42:49
1082500,4329.999999925257,-3630689.8395362142,-3092847.408121518,300.53556649593423,50.2,2:42:32
1085000,4339.99999992502,-3629795.470765969,-3090691.856567544,301.2402901477402,50.2,2:42:15
1087500,4349.999999924784,-3628096.693820374,-3089735.181582179,300.8256184521123,50.2,2:41:57
1090000,4359.999999924547,-3627606.520994747,-3092058.1715479023,299.2536794905099,50.2,2:41:40
1092500,4369.999999924311,-3630432.867156286,-3091470.5783301084,301.16132036341713,50.2,2:41:23
1095000,4379.9999999240745,-3630339.5777913574,-3090694.1965661314,301.5430186994468,50.2,2:41:06
1097500,4389.999999923838,-3629555.6745374147,-3090902.47773619,300.9886059374204,50.2,2:40:49
1100000,4399.9999999236015,-3623659.451135436,-3085287.275943797,300.8315766966957,50.2,2:40:32
1102500,4409.999999923365,-3627864.093499085,-3087636.2595226094,301.86848161819336,50.2,2:40:15
1105000,4419.999999923129,-3630883.453273196,-3091381.72917571,301.462745976908,50.2,2:39:58
1107500,4429.999999922892,-3630021.69247465,-3090719.8370088516,301.3510633930501,50.2,2:39:40
1110000,4439.999999922656,-3626387.4338274524,-3087325.1612982363,301.21718925192044,50.2,2:39:23
1112500,4449.999999922419,-3628774.325553773,-3090462.569035565,300.7978159534262,50.2,2:39:06
1115000,4459.999999922183,-3628731.4944754317,-3089453.291769813,301.3378467049188,50.2,2:38:49
1117500,4469.999999921946,-3627755.1291107927,-3090032.161009661,300.4688127916512,50.2,2:38:32
1120000,4479.99999992171,-3632906.8162281364,-3093133.509908854,301.6145006770034,50.2,2:38:15
1122500,4489.999999921473,-3629194.3693875913,-3092715.331324347,299.7737296282896,50.2,2:37:58
1125000,4499.999999921237,-3628229.7190363295,-3089446.7080871398,301.0611434804239,50.2,2:37:41
1127500,4509.999999921,-3630295.3915863167,-3091685.2252366417,300.9645613838899,50.2,2:37:23
1130000,4519.999999920764,-3625274.7797745205,-3086317.0676575806,301.158762990062,50.2,2:37:06
1132500,4529.999999920527,-3629869.3013011236,-3092047.157391686,300.5242302447768,50.2,2:36:49
1135000,4539.999999920291,-3628850.848888999,-3091026.273301366,300.5255890177951,50.2,2:36:32
1137500,4549.9999999200545,-3626687.295921918,-3088242.0866231206,300.8723866913827,50.2,2:36:14
1140000,4559.999999919818,-3629165.345436506,-3091964.6091129663,300.1770001455049,50.2,2:35:57
1142500,4569.999999919582,-3627888.075258592,-3088483.9112574114,301.4082313512522,50.2,2:35:40
1145000,4579.999999919345,-3627501.9146793988,-3088754.703551532,301.0411392580844,50.2,2:35:23
1147500,4589.999999919109,-3628634.0248858575,-3089366.674051755,301.3317828967041,50.2,2:35:06
1150000,4599.999999918872,-3631361.603435034,-3093587.8158614472,300.49720969388704,50.2,2:34:48
1152500,4609.999999918636,-3628408.211412113,-3089433.3195554893,301.1683626841295,50.2,2:34:31
1155000,4619.999999918399,-3629814.0321972035,-3089825.31659027,301.734867067811,50.2,2:34:14
1157500,4629.999999918163,-3631251.016192384,-3094253.5901174117,300.06339445514163,50.2,2:33:57
1160000,4639.999999917926,-3628618.099417448,-3090829.0952709555,300.5057124097222,50.2,2:33:40
1162500,4649.99999991769,-3631467.2586817555,-3093513.5037390445,300.59777185126154,50.2,2:33:23
1165000,4659.999999917453,-3629583.939480711,-3091187.2057118304,300.84529953723904,50.2,2:33:05
1167500,4669.999999917217,-3625748.239484012,-3086575.8245562785,301.27873461576735,50.2,2:32:48
1170000,4679.99999991698,-3626595.2214949187,-3089396.0445125797,300.1761288169081,50.2,2:32:31
1172500,4689.999999916744,-3629212.859369805,-3090273.6795455543,301.14840751649484,50.2,2:32:13
1175000,4699.9999999165075,-3628999.6088505853,-3091145.6547872233,300.54200512097026,50.2,2:31:56
1177500,4709.999999916271,-3627725.7085295375,-3090443.1403248683,300.2227261598843,50.2,2:31:39
1180000,4719.9999999160345,-3629017.540291736,-3091295.0621200884,300.46853902887887,50.2,2:31:22
1182500,4729.999999915798,-3630642.907297898,-3093869.913845208,299.93798600586695,50.2,2:31:05
1185000,4739.999999915562,-3629819.4076056257,-3089332.6713264175,302.01315103375833,50.2,2:30:48
1187500,4749.999999915325,-3628350.681426782,-3089668.142087777,301.00500195919005,50.2,2:30:31
1190000,4759.999999915089,-3628664.577814715,-3091032.686326143,300.41792100671296,50.2,2:30:14
1192500,4769.999999914852,-3630976.2757657208,-3092471.00859262,300.9059458273341,50.2,2:29:56
1195000,4779.999999914616,-3631470.9147098307,-3094687.6161838686,299.9437442741864,50.2,2:29:39
1197500,4789.999999914379,-3628149.3565251697,-3087250.3782518767,302.2435035942654,50.2,2:29:22
1200000,4799.999999914143,-3629727.972373748,-3092599.419506804,300.1366654772963,50.2,2:29:05
1202500,4809.999999913906,-3629638.716800358,-3092029.426567002,300.40529187847164,50.2,2:28:48
1205000,4819.99999991367,-3631919.217307592,-3092190.013090242,301.58985730672623,50.2,2:28:30
1207500,4829.999999913433,-3632106.053103691,-3091331.79373247,302.1738131725029,50.2,2:28:13
1210000,4839.999999913197,-3627968.8318928964,-3089483.9890824696,300.8945331029972,50.2,2:27:56
1212500,4849.99999991296,-3626185.695202876,-3087604.0108153746,300.9486462345137,50.2,2:27:39
1215000,4859.999999912724,-3626764.875130063,-3088451.779623583,300.7985641532249,50.2,2:27:22
1217500,4869.9999999124875,-3628557.802154094,-3090661.0248109717,300.5659339110586,50.2,2:27:05
1220000,4879.999999912251,-3627291.6041529085,-3090016.9869006495,300.21828332710055,50.2,2:26:48
1222500,4889.999999912015,-3628164.016247442,-3090451.7051814534,300.4628578540955,50.2,2:26:30
1225000,4899.999999911778,-3626484.5331174657,-3086168.8636082117,301.91756235273584,50.2,2:26:13
1227500,4909.999999911542,-3627853.313413365,-3088520.4506013207,301.3683896764094,50.2,2:25:56
1230000,4919.999999911305,-3627931.625239782,-3088314.5587869473,301.5271969723687,50.2,2:25:39
1232500,4929.999999911069,-3627119.73594472,-3087707.0814238964,301.41297568338655,50.2,2:25:22
1235000,4939.999999910832,-3626870.5527564716,-3088959.989376357,300.5736372721087,50.2,2:25:05
1237500,4949.999999910596,-3629326.8814977985,-3090118.2458214043,301.2989740438635,50.2,2:24:47
1240000,4959.999999910359,-3626616.7556184605,-3087376.08219258,301.3168760958931,50.2,2:24:30
1242500,4969.999999910123,-3627312.0986980107,-3089715.312695332,300.3983047650894,50.2,2:24:13
1245000,4979.999999909886,-3629555.7126931828,-3090176.920331509,301.3940541878175,50.2,2:23:56
1247500,4989.99999990965,-3630624.3825078625,-3091526.3230231265,301.23718628510755,50.2,2:23:39
1250000,4999.999999909413,-3628193.2635813374,-3090107.257635503,300.67167106006644,50.2,2:23:22
1252500,5009.999999909177,-3628468.392482832,-3088627.4537114333,301.65229233516,50.2,2:23:04
1255000,5019.9999999089405,-3630015.4681313857,-3090377.741858325,301.53874126566507,50.2,2:22:47
1257500,5029.999999908704,-3629126.3555409815,-3090438.7662437577,301.007823774587,50.2,2:22:30
1260000,5039.9999999084675,-3629755.5244064257,-3093916.0520140706,299.41635315520904,50.2,2:22:13
1262500,5049.999999908231,-3627340.2146099955,-3089635.207720084,300.4587764269582,50.2,2:21:56
1265000,5059.999999907995,-3628987.9156737495,-3091529.759746384,300.32084105865044,50.2,2:21:39
1267500,5069.999999907758,-3629424.8048537653,-3090825.4166865693,300.9585387516319,50.2,2:21:22
1270000,5079.999999907522,-3628825.4295774736,-3089948.0867854115,301.1138542227905,50.2,2:21:04
1272500,5089.999999907285,-3624807.9803612046,-3086153.9194760052,300.98908877021967,50.2,2:20:47
1275000,5099.999999907049,-3628986.64596059,-3090333.5053871316,300.98857451847186,50.2,2:20:30
1277500,5109.999999906812,-3627792.918998856,-3091212.7656739173,299.8302308090812,50.2,2:20:13
1280000,5119.999999906576,-3626566.593936242,-3088913.980869937,300.42949980886567,50.2,2:19:56
1282500,5129.999999906339,-3627683.286736157,-3086853.723131694,302.20471606914356,50.2,2:19:39
1285000,5139.999999906103,-3628669.398495728,-3089999.156427929,300.9981304906105,50.2,2:19:21
1287500,5149.999999905866,-3626858.1065065674,-3090156.703956182,299.897982445115,50.2,2:19:04
1290000,5159.99999990563,-3628426.0132405143,-3088838.2505626213,301.51082261049606,50.2,2:18:47
1292500,5169.999999905393,-3625536.426767582,-3087621.7892627195,300.5759138113282,50.2,2:18:30
1295000,5179.999999905157,-3628676.639269771,-3090266.219296477,300.8529471138457,50.2,2:18:13
1297500,5189.9999999049205,-3631264.8068226296,-3094176.103892781,300.1143981314712,50.2,2:17:55
1300000,5199.999999904684,-3630721.8781682886,-3091744.52724349,301.1697367621195,50.2,2:17:38
1302500,5209.999999904448,-3628008.566738153,-3089833.354823272,300.72151756691727,50.2,2:17:21
1305000,5219.999999904211,-3628050.414396709,-3085431.1451949426,303.20476767186267,50.2,2:17:04
1307500,5229.999999903975,-3627921.1030491963,-3089113.7913631373,301.07472224493677,50.2,2:16:46
1310000,5239.999999903738,-3627287.2778208237,-3089224.722119632,300.6585675335566,50.2,2:16:29
1312500,5249.999999903502,-3626228.1076372415,-3085875.803312372,301.938033153144,50.2,2:16:12
1315000,5259.999999903265,-3629905.3539094273,-3094025.8357509323,299.4387299263777,50.2,2:15:55
1317500,5269.999999903029,-3627303.585177224,-3086832.7041137055,302.0042914571409,50.2,2:15:38
1320000,5279.999999902792,-3626250.182117652,-3086137.665880973,301.8040443774096,50.2,2:15:20
1322500,5289.999999902556,-3627914.2739044,-3088813.843632766,301.2385110332897,50.2,2:15:03
1325000,5299.999999902319,-3626987.5989946816,-3089610.091756994,300.2757761879302,50.2,2:14:46
1327500,5309.999999902083,-3631982.048214197,-3093732.402461619,300.76310970296356,50.2,2:14:29
1330000,5319.999999901846,-3627389.729431439,-3090998.2758805533,299.72478915892435,50.2,2:14:12
1332500,5329.99999990161,-3629146.830793537,-3089950.701470078,301.291985744606,50.2,2:13:55
1335000,5339.9999999013735,-3626566.80012564,-3085590.8437765837,302.28651739952863,50.2,2:13:38
1337500,5349.999999901137,-3628945.0246534143,-3088181.259669423,302.1679491193399,50.2,2:13:20
1340000,5359.999999900901,-3629943.8879067767,-3091519.3210068094,300.8608521328135,50.2,2:13:03
1342500,5369.999999900664,-3628646.767587932,-3088861.5482604634,301.6211574271121,50.2,2:12:46
1345000,5379.999999900428,-3629601.2129770145,-3090224.946827621,301.392642591048,50.2,2:12:29
1347500,5389.999999900191,-3628772.7600466795,-3090475.097093845,300.7899407516833,50.2,2:12:12
1350000,5399.999999899955,-3629137.0671584513,-3088994.6747966893,301.8207385570651,50.2,2:11:55
1352500,5409.999999899718,-3628729.853376668,-3089823.265874047,301.13019558067066,50.2,2:11:37
1355000,5419.999999899482,-3626668.6388797313,-3087858.8355182046,301.0761145432279,50.2,2:11:20
1357500,5429.999999899245,-3631647.299428867,-3093300.424523464,300.8174394040386,50.2,2:11:03
1360000,5439.999999899009,-3626238.876964383,-3089390.4453740576,299.98013932458144,50.2,2:10:46
1362500,5449.999999898772,-3629912.2580589186,-3089692.097140829,301.8641940670184,50.2,2:10:29
1365000,5459.999999898536,-3628127.0350133404,-3090444.542779144,300.44619568878164,50.2,2:10:11
1367500,5469.999999898299,-3631312.4025542494,-3093020.867342286,300.7865166929505,50.2,2:09:54
1370000,5479.999999898063,-3626239.231558468,-3088368.587283581,300.55133127651806,50.2,2:09:37
1372500,5489.9999998978265,-3628150.4344490394,-3090769.998243761,300.27741283629166,50.2,2:09:20
1375000,5499.99999989759,-3628167.4370830394,-3086354.067386331,302.75444718737754,50.2,2:09:03
1377500,5509.9999998973535,-3628882.2070357297,-3089022.977051073,301.6625130983748,50.2,2:08:46
1380000,5519.999999897117,-3630495.0441256985,-3094264.6132041286,299.63481294229746,50.2,2:08:28
1382500,5529.999999896881,-3629217.6141699757,-3089030.668364746,301.8456341279422,50.2,2:08:11
1385000,5539.999999896644,-3630018.150116626,-3093541.7441652734,299.7722588569404,50.2,2:07:54
1387500,5549.999999896408,-3626413.106191147,-3088316.2978097894,300.6777072444395,50.2,2:07:37
1390000,5559.999999896171,-3626501.9911825564,-3087725.4963164427,301.0575024238537,50.2,2:07:20
1392500,5569.999999895935,-3629824.2139473017,-3093487.5395985264,299.6941796391525,50.2,2:07:03
1395000,5579.999999895698,-3627382.2987591587,-3088378.193442838,301.1846865796547,50.2,2:06:45
1397500,5589.999999895462,-3629915.528241938,-3090997.222057443,301.1367437451326,50.2,2:06:28
1400000,5599.999999895225,-3630691.545894742,-3091111.7797362134,301.50635431581196,50.2,2:06:11
1402500,5609.999999894989,-3631531.488238862,-3093287.043059531,300.76020372690874,50.2,2:05:54
1405000,5619.999999894752,-3631811.0532312635,-3091498.475789531,301.9158345674033,50.2,2:05:37
1407500,5629.999999894516,-3626712.1886641346,-3087586.17621083,301.25280584346393,50.2,2:05:19
1410000,5639.999999894279,-3628450.8700713105,-3089726.1547348867,301.02856906088476,50.2,2:05:02
1412500,5649.999999894043,-3632233.316211574,-3091538.197283442,302.12959107973484,50.2,2:04:45
1415000,5659.9999998938065,-3630350.752807727,-3091609.968626531,301.03754800915016,50.2,2:04:28
1417500,5669.99999989357,-3629986.285630839,-3092531.350748483,300.31904120328335,50.2,2:04:11
1420000,5679.999999893334,-3625524.7462426536,-3087881.9205690753,300.42403081005506,50.2,2:03:53
1422500,5689.999999893097,-3631854.4237345643,-3094037.73090618,300.5211842899827,50.2,2:03:36
1425000,5699.999999892861,-3632349.504714761,-3093496.7082257364,301.10013824082665,50.2,2:03:19
1427500,5709.999999892624,-3630669.072689716,-3091772.17928445,301.1247787134431,50.2,2:03:02
1430000,5719.999999892388,-3630701.3356807884,-3091555.34859572,301.2639672671859,50.2,2:02:44
1432500,5729.999999892151,-3627823.0168884825,-3089834.960561443,300.6169387770536,50.2,2:02:27
1435000,5739.999999891915,-3626875.3765065726,-3088491.5698088286,300.83807614908613,50.2,2:02:10
1437500,5749.999999891678,-3630220.5824058466,-3091577.5318545005,300.9829364164287,50.2,2:01:53
1440000,5759.999999891442,-3628801.691755144,-3089805.1411635643,301.18046515094767,50.2,2:01:36
1442500,5769.999999891205,-3626664.2030500453,-3087622.9543063575,301.20544158211123,50.2,2:01:18
1445000,5779.999999890969,-3630373.347974479,-3094145.1129411645,299.63358592396986,50.2,2:01:01
1447500,5789.999999890732,-3628254.6111704763,-3087149.992433316,302.3584113622157,50.2,2:00:44
1450000,5799.999999890496,-3631541.3583132997,-3096382.7270412855,299.03591278858136,50.2,2:00:27
1452500,5809.9999998902595,-3628023.8710950147,-3091152.224305978,299.9931115121379,50.2,2:00:10
1455000,5819.999999890023,-3627974.4247421976,-3090424.936181603,300.37187590280485,50.2,1:59:53
1457500,5829.9999998897865,-3628366.223018406,-3090011.479508383,300.821836222528,50.2,1:59:35
1460000,5839.99999988955,-3626945.7900535967,-3087137.496264283,301.6340509737294,50.2,1:59:18
1462500,5849.999999889314,-3626256.103530459,-3085855.3770568753,301.96509047894193,50.2,1:59:01
1465000,5859.999999889077,-3630442.6984867845,-3093583.8724381933,299.98594753944315,50.2,1:58:44
1467500,5869.999999888841,-3628568.844119508,-3089890.7158509013,301.002537141497,50.2,1:58:27
1470000,5879.999999888604,-3631151.4261078723,-3094267.187818125,300.0001473902651,50.2,1:58:09
1472500,5889.999999888368,-3628243.616545234,-3089748.0909337616,300.9005024380225,50.2,1:57:52
1475000,5899.999999888131,-3628974.0225801356,-3089283.100722222,301.5684658918658,50.2,1:57:35
1477500,5909.999999887895,-3628030.2304796632,-3087148.1742227357,302.2340479108204,50.2,1:57:18
1480000,5919.999999887658,-3626722.8455857877,-3089690.9786637966,300.0826393098884,50.2,1:57:01
1482500,5929.999999887422,-3631993.636317676,-3092869.649592836,301.25167390701534,50.2,1:56:43
1485000,5939.999999887185,-3627023.168681087,-3087247.405469115,301.6158735393754,50.2,1:56:26
1487500,5949.999999886949,-3629336.7061599977,-3089388.710790553,301.71211341557637,50.2,1:56:09
1490000,5959.999999886712,-3630219.966712676,-3091759.710273956,300.88079473146416,50.2,1:55:52
1492500,5969.999999886476,-3629575.507214384,-3091269.421331515,300.7946473160996,50.2,1:55:35
1495000,5979.9999998862395,-3631145.544629732,-3094636.3319447036,299.7905906019168,50.2,1:55:18
1497500,5989.999999886003,-3626353.3511347473,-3089608.6051910776,299.9222018642119,50.2,1:55:00
1500000,5999.999999885767,-3629294.6534285396,-3092546.375944134,299.9241752183649,50.2,1:54:43
1502500,6009.99999988553,-3630023.569045998,-3090734.9930601344,301.3436430859268,50.2,1:54:26
1505000,6019.999999885294,-3626806.945144996,-3087798.4970174236,301.1871132555051,50.2,1:54:09
1507500,6029.999999885057,-3628605.4784234073,-3090041.4447038053,300.93878339520205,50.2,1:53:52
1510000,6039.999999884821,-3627357.228014458,-3086426.4362921184,302.26128031170714,50.2,1:53:35
1512500,6049.999999884584,-3628084.5445939284,-3091221.065711865,299.9885474494941,50.2,1:53:18
1515000,6059.999999884348,-3627873.3883349393,-3088168.041992811,301.57652600442236,50.2,1:53:01
1517500,6069.999999884111,-3629868.201372709,-3092039.289047374,300.528012299868,50.2,1:52:44
1520000,6079.999999883875,-3628433.225655431,-3090389.3559227185,300.6481261890394,50.2,1:52:27
1522500,6089.999999883638,-3631323.106281938,-3092769.2904143385,300.9330738643792,50.2,1:52:09
1525000,6099.999999883402,-3627135.3840800226,-3089154.245657356,300.6130731907996,50.2,1:51:52
1527500,6109.999999883165,-3629597.443957925,-3089422.1320246565,301.83913335355874,50.2,1:51:35
1530000,6119.999999882929,-3627366.576812513,-3090244.356475289,300.1331269866614,50.2,1:51:18
1532500,6129.9999998826925,-3629424.8346490823,-3090740.414150811,301.00605311326945,50.2,1:51:01
1535000,6139.999999882456,-3628531.166174382,-3088922.7484305045,301.5223642472173,50.2,1:50:44
1537500,6149.9999998822195,-3627637.776547702,-3088662.921375167,301.1683421857963,50.2,1:50:27
1540000,6159.999999881983,-3627007.99615098,-3088284.000060844,301.02816716048056,50.2,1:50:10
1542500,6169.999999881747,-3627141.744568685,-3087210.7399768266,301.70261930974,50.2,1:49:53
1545000,6179.99999988151,-3627931.5688748844,-3089258.9638232356,300.99945087860624,50.2,1:49:36
1547500,6189.999999881274,-3627574.230567025,-3091996.7116364846,299.269978813127,50.2,1:49:19
1550000,6199.999999881037,-3626735.035989497,-3087531.6107141115,301.2960625762525,50.2,1:49:01
1552500,6209.999999880801,-3628101.5101873763,-3089551.7432357846,300.93081141129824,50.2,1:48:44
1555000,6219.999999880564,-3628927.2798884436,-3091200.226856852,300.4710953688858,50.2,1:48:27
1557500,6229.999999880328,-3628484.9057372697,-3092100.6400705473,299.7207727133766,50.2,1:48:10
1560000,6239.999999880091,-3626694.644383315,-3088381.6698435163,300.7984965594688,50.2,1:47:53
1562500,6249.999999879855,-3630077.3462020494,-3092581.2792345444,300.34202498773305,50.2,1:47:36
1565000,6259.999999879618,-3631477.392390795,-3091544.1775968345,301.70385432635834,50.2,1:47:19
1567500,6269.999999879382,-3626755.848429039,-3088836.854969905,300.57834783123474,50.2,1:47:02
1570000,6279.999999879145,-3627966.4010477476,-3088129.9203264844,301.64980126613193,50.2,1:46:45
1572500,6289.999999878909,-3631030.1677354295,-3091985.3821961186,301.20741787258993,50.2,1:46:28
1575000,6299.9999998786725,-3627749.763490537,-3089544.9424019926,300.73806257947274,50.2,1:46:10
1577500,6309.999999878436,-3627180.0382123236,-3088679.7428640304,300.9031676713209,50.2,1:45:53
1580000,6319.9999998782,-3628146.821559677,-3092936.461428012,299.0648178381483,50.2,1:45:36
1582500,6329.999999877963,-3627718.5276794657,-3090464.260445405,300.2069121449659,50.2,1:45:19
1585000,6339.999999877727,-3629795.470575139,-3091982.6329497364,300.5190300798564,50.2,1:45:02
1587500,6349.99999987749,-3630622.1564671937,-3090891.386344256,301.59073230337117,50.2,1:44:45
1590000,6359.999999877254,-3629398.8098500147,-3091082.581801979,300.80031455463626,50.2,1:44:28
1592500,6369.999999877017,-3626101.015226003,-3086602.442303203,301.4609851636771,50.2,1:44:11
1595000,6379.999999876781,-3630819.0180434734,-3092185.183635141,300.9777866205039,50.2,1:43:54
1597500,6389.999999876544,-3627330.9728420693,-3088645.0233493294,301.0069074847209,50.2,1:43:36
1600000,6399.999999876308,-3626563.3014950883,-3086936.3625798216,301.53271350642484,50.2,1:43:19
1602500,6409.999999876071,-3629684.5119230747,-3091899.582347031,300.5034356214538,50.2,1:43:02
1605000,6419.999999875835,-3627400.341597028,-3088622.5038200906,301.0582528154955,50.2,1:42:45
1607500,6429.999999875598,-3628823.8405588605,-3089542.4710606146,301.3396162451418,50.2,1:42:28
1610000,6439.999999875362,-3629337.1960752066,-3091065.680143362,300.77533032062297,50.2,1:42:11
1612500,6449.9999998751255,-3633017.5378085375,-3093375.180697031,301.54132888533644,50.2,1:41:54
1615000,6459.999999874889,-3628752.4631522708,-3092297.466849188,299.7602955747681,50.2,1:41:37
1617500,6469.9999998746525,-3629262.121127017,-3089965.400092428,301.34819437583934,50.2,1:41:20
1620000,6479.999999874416,-3627305.4653161,-3088465.4927195,301.0929725068694,50.2,1:41:02
1622500,6489.99999987418,-3629418.9777205586,-3091088.682881589,300.8081747953594,50.2,1:40:45
1625000,6499.999999873943,-3630671.6929334756,-3093373.298463709,300.2315695594911,50.2,1:40:28
1627500,6509.999999873707,-3627533.6596467625,-3089293.0024273973,300.7580870908316,50.2,1:40:11
1630000,6519.99999987347,-3628264.0760028847,-3090858.281435749,300.29158258044157,50.2,1:39:54
1632500,6529.999999873234,-3628142.455300452,-3090526.368703505,300.4090895501739,50.2,1:39:37
1635000,6539.999999872997,-3625083.783296557,-3087200.7145779133,300.5582738065692,50.2,1:39:20
1637500,6549.999999872761,-3628565.6828126535,-3087594.595625266,302.28379660961895,50.2,1:39:03
1640000,6559.999999872524,-3628922.8390511777,-3089767.0995798856,301.2694167050644,50.1,1:38:46
1642500,6569.999999872288,-3630173.2887876835,-3092679.505929336,300.3407486733341,50.1,1:38:29
1645000,6579.999999872051,-3629313.956141796,-3090156.38144746,301.2704421909036,50.1,1:38:12
1647500,6589.999999871815,-3629500.761905508,-3089360.814979546,301.8193720965735,50.1,1:37:55
1650000,6599.999999871578,-3628253.5957489256,-3089135.320838281,301.2484822597694,50.1,1:37:38
1652500,6609.999999871342,-3625971.7030538805,-3086006.392450571,301.72178882107545,50.1,1:37:21
1655000,6619.9999998711055,-3628265.5960868374,-3089574.7422657404,301.009647925071,50.1,1:37:03
1657500,6629.999999870869,-3629478.484753201,-3088243.197447832,302.43142633811925,50.1,1:36:46
1660000,6639.999999870633,-3626551.9086284246,-3087487.312505094,301.21848762972184,50.1,1:36:29
1662500,6649.999999870396,-3628657.0346270707,-3089718.280745282,301.14816950838747,50.1,1:36:12
1665000,6659.99999987016,-3628760.5621668827,-3090368.0797139294,300.8429239871411,50.1,1:35:55
1667500,6669.999999869923,-3625707.3185020406,-3086795.3519244203,301.1332012999255,50.1,1:35:38
1670000,6679.999999869687,-3626190.054015912,-3087753.1203471776,300.86776243523656,50.1,1:35:21
1672500,6689.99999986945,-3625234.6729253344,-3086771.6852161745,300.88232091062184,50.1,1:35:04
1675000,6699.999999869214,-3627089.9045049567,-3086671.520670063,301.9749570583977,50.1,1:34:46
1677500,6709.999999868977,-3630980.5758973397,-3091495.1611353825,301.45363264723005,50.1,1:34:29
1680000,6719.999999868741,-3631767.506559778,-3094038.6809822144,300.4720858320341,50.1,1:34:12
1682500,6729.999999868504,-3629199.413232051,-3091424.4929864835,300.4978426082789,50.1,1:33:55
1685000,6739.999999868268,-3631189.9410342835,-3093960.4446621407,300.19307068400195,50.1,1:33:38
1687500,6749.999999868031,-3631603.025839066,-3095398.6139724427,299.6202740160965,50.1,1:33:21
1690000,6759.999999867795,-3628297.649336502,-3090042.8672814877,300.76597976577796,50.1,1:33:04
1692500,6769.9999998675585,-3629759.801201824,-3091255.517546378,300.90539625738893,50.1,1:32:47
1695000,6779.999999867322,-3631102.8119400833,-3091091.826691635,301.74731089696513,50.1,1:32:29
1697500,6789.9999998670855,-3626711.895712819,-3088098.533183803,300.96634734481984,50.1,1:32:12
1700000,6799.999999866849,-3629054.1549452804,-3088893.4423272284,301.83097554894414,50.1,1:31:55
1702500,6809.999999866613,-3629618.30207392,-3092450.168673085,300.15878228601287,50.1,1:31:38
1705000,6819.999999866376,-3630573.639640892,-3090495.9970815526,301.78455766575786,50.1,1:31:21
1707500,6829.99999986614,-3633885.847560616,-3096061.329806178,300.5255567017654,50.1,1:31:04
1710000,6839.999999865903,-3629069.0719704293,-3090636.705405527,300.8652104291896,50.1,1:30:47
1712500,6849.999999865667,-3631477.149670901,-3093846.813669314,300.4170518317743,50.1,1:30:29
1715000,6859.99999986543,-3629375.0092140734,-3089631.3477183045,301.5979357440268,50.1,1:30:12
1717500,6869.999999865194,-3625867.796707552,-3087298.6362593034,300.9416481083745,50.1,1:29:55
1720000,6879.999999864957,-3628885.5909275766,-3091073.4663977856,300.51863161632696,50.1,1:29:38
1722500,6889.999999864721,-3625733.2783573493,-3087657.711010595,300.665838180203,50.1,1:29:21
1725000,6899.999999864484,-3629090.1111329515,-3090927.7752339076,300.7143227074422,50.1,1:29:04
1727500,6909.999999864248,-3629200.692253923,-3090987.4801873947,300.742751289724,50.1,1:28:47
1730000,6919.999999864011,-3628050.764707284,-3088993.3669761913,301.2144653124729,50.1,1:28:29
1732500,6929.999999863775,-3628775.5163838994,-3090910.917951454,300.54795298098577,50.1,1:28:12
1735000,6939.9999998635385,-3631783.269289065,-3094615.2080281386,300.1587419756782,50.1,1:27:55
1737500,6949.999999863302,-3629395.0993273202,-3091184.17153826,300.74147488127653,50.1,1:27:38
1740000,6959.999999863066,-3627033.87763647,-3087994.3318442954,301.2044900069514,50.1,1:27:21
1742500,6969.999999862829,-3631180.0583421774,-3092104.4746081927,301.22462728624475,50.1,1:27:04
1745000,6979.999999862593,-3628906.724318551,-3089006.6193369636,301.68535322708294,50.1,1:26:47
1747500,6989.999999862356,-3629045.048085127,-3090873.38913035,300.719532244051,50.1,1:26:29
1750000,6999.99999986212,-3630984.444528725,-3092735.7838209625,300.7625592796716,50.1,1:26:12
1752500,7009.999999861883,-3628982.0065725613,-3091233.180569122,300.48326166898846,50.1,1:25:55
1755000,7019.999999861647,-3628817.432399979,-3089432.1058768127,301.39770534624427,50.1,1:25:38
1757500,7029.99999986141,-3626296.9875299707,-3086841.476886123,301.4369228256324,50.1,1:25:21
1760000,7039.999999861174,-3627378.1733696293,-3089119.428730689,300.7681939782228,50.1,1:25:04
1762500,7049.999999860937,-3630811.6204303745,-3091610.877305245,301.2945638444689,50.1,1:24:46
1765000,7059.999999860701,-3627288.255176967,-3089608.408405861,300.4447174570505,50.1,1:24:29
1767500,7069.999999860464,-3627925.5097111203,-3089579.863377787,300.8167529025997,50.1,1:24:12
1770000,7079.999999860228,-3632717.7493971996,-3092797.064637462,301.69685279447185,50.1,1:23:55
1772500,7089.9999998599915,-3624942.430892432,-3086980.324092809,300.60243870144234,50.1,1:23:38
1775000,7099.999999859755,-3632202.7610193826,-3090658.5394033007,302.60405263656145,50.1,1:23:21
1777500,7109.9999998595185,-3627059.837340407,-3087841.825872857,301.30421304796903,50.1,1:23:04
1780000,7119.999999859282,-3627439.329214098,-3088444.904117682,301.1792774668682,50.1,1:22:46
1782500,7129.999999859046,-3627041.677009506,-3088393.664030344,300.9857093215915,50.1,1:22:29
1785000,7139.999999858809,-3624778.2699817196,-3086465.671004321,300.79828670272997,50.1,1:22:12
1787500,7149.999999858573,-3629653.902098192,-3091639.312734856,300.6317649057272,50.1,1:21:55
1790000,7159.999999858336,-3627818.6344247907,-3088377.340999844,301.4289785287773,50.1,1:21:38
1792500,7169.9999998581,-3631423.9725271,-3090053.287450433,302.50708389788525,50.1,1:21:21
1795000,7179.999999857863,-3625851.9694022723,-3087006.400374091,301.0960996806238,50.1,1:21:03
1797500,7189.999999857627,-3627864.4194026254,-3087593.018788089,301.89282578199504,50.1,1:20:46
1800000,7199.99999985739,-3625232.876039615,-3087794.287078125,300.3099074304526,50.1,1:20:29
1802500,7209.999999857154,-3628216.67842965,-3088467.407816711,301.6010700062343,50.1,1:20:12
1805000,7219.999999856917,-3628530.5743521806,-3087633.9986492605,302.24216108611444,50.1,1:19:55
1807500,7229.999999856681,-3626989.641569093,-3088932.872939652,300.65533383389817,50.1,1:19:38
1810000,7239.999999856444,-3625674.6760337483,-3085941.0643662717,301.59232010148435,50.1,1:19:21
1812500,7249.999999856208,-3627345.3827483356,-3090313.5665390664,300.08261097263636,50.1,1:19:03
1815000,7259.9999998559715,-3630186.138294827,-3090805.7313378947,301.3949563912742,50.1,1:18:46
1817500,7269.999999855735,-3631545.778557675,-3093432.0906897085,300.68713916310907,50.1,1:18:29
1820000,7279.999999855499,-3630027.837245103,-3089166.871423514,302.2222629984337,50.1,1:18:12
1822500,7289.999999855262,-3629816.8535063174,-3090034.5861386424,301.61950793116876,50.1,1:17:55
1825000,7299.999999855026,-3627134.6764878444,-3087049.8039447735,301.7885976356999,50.1,1:17:38
1827500,7309.999999854789,-3625594.539907325,-3088025.328937822,300.38289638945264,50.1,1:17:21
1830000,7319.999999854553,-3628480.733079845,-3088947.6019322798,301.4802956067555,50.1,1:17:03
1832500,7329.999999854316,-3629802.511465529,-3091532.8713280684,300.77428216433225,50.1,1:16:46
1835000,7339.99999985408,-3626026.275501324,-3085828.0231799036,301.8519519824845,50.1,1:16:29
1837500,7349.999999853843,-3630030.3289177865,-3091361.321295024,300.9974407074759,50.1,1:16:12
1840000,7359.999999853607,-3628890.06498076,-3091424.201739538,300.3251477510954,50.1,1:15:55
1842500,7369.99999985337,-3627698.1436861753,-3089408.065359481,300.78570261467377,50.1,1:15:37
1845000,7379.999999853134,-3629339.7151923142,-3091189.5868848027,300.70750135006625,50.1,1:15:20
1847500,7389.999999852897,-3628136.4432714507,-3089939.11035559,300.733878338721,50.1,1:15:03
1850000,7399.999999852661,-3633697.3641611543,-3096151.2528022863,300.36998879019586,50.1,1:14:46
1852500,7409.9999998524245,-3626613.4352192804,-3088599.466584959,300.6314180548,50.1,1:14:29
1855000,7419.999999852188,-3630463.2884195223,-3092236.560934067,300.7503034348254,50.1,1:14:12
1857500,7429.9999998519515,-3627984.054812232,-3090479.254357625,300.34690508521203,50.1,1:13:55
1860000,7439.999999851715,-3628787.401948016,-3089785.959347575,301.1831987074107,50.1,1:13:38
1862500,7449.999999851479,-3628937.6345708873,-3090657.5814255374,300.7801007443517,50.1,1:13:21
1865000,7459.999999851242,-3628401.017374143,-3089150.6563998405,301.32228930370843,50,1:13:04
1867500,7469.999999851006,-3628795.729069546,-3091066.064852217,300.47255444711925,50,1:12:48
1870000,7479.999999850769,-3626903.6807727944,-3087254.548050307,301.54511496089583,50,1:12:31
1872500,7489.999999850533,-3630796.5784712937,-3090744.4856901993,301.77028096196835,50,1:12:14
1875000,7499.999999850296,-3629412.3941827547,-3091365.142429171,300.65001599448993,50,1:11:58
1877500,7509.99999985006,-3626772.0167083833,-3088372.1185504375,300.84706773440024,50,1:11:41
1880000,7519.999999849823,-3627052.2132677548,-3088184.9231559737,301.1082369866141,50,1:11:24
1882500,7529.999999849587,-3626622.3794081826,-3086264.6110260366,301.94108635879144,50,1:11:08
1885000,7539.99999984935,-3629598.6258215755,-3090653.857006574,301.15153053246246,50,1:10:51
1887500,7549.999999849114,-3629478.9940250907,-3090524.9262476293,301.15672660623335,50,1:10:34
1890000,7559.999999848877,-3628632.323012879,-3087854.597852819,302.17574978581433,50,1:10:17
1892500,7569.999999848641,-3629523.056082882,-3090407.4467496127,301.24699278857906,50,1:10:01
1895000,7579.9999998484045,-3626211.6784838364,-3087060.9310019505,301.2666272814775,50,1:09:44
1897500,7589.999999848168,-3627443.330517739,-3090287.3219173304,300.15200719064654,50,1:09:27
1900000,7599.999999847932,-3626193.240672212,-3085609.1307937433,302.0675614486052,50,1:09:11
1902500,7609.999999847695,-3630029.845942555,-3089915.653216079,301.80498116629315,49.9,1:08:54
1905000,7619.999999847459,-3627650.3031254057,-3089240.546769838,300.8525762975664,49.9,1:08:37
1907500,7629.999999847222,-3629927.074898867,-3089949.4898680234,301.728647525069,49.9,1:08:20
1910000,7639.999999846986,-3628137.5285723656,-3090716.739074307,300.2999614471808,49.9,1:08:04
1912500,7649.999999846749,-3628975.1496665534,-3092184.3198729362,299.9479525955437,49.9,1:07:47
1915000,7659.999999846513,-3628514.5280866623,-3090025.621955538,300.8968036051297,49.9,1:07:30
1917500,7669.999999846276,-3628175.426451681,-3089465.81592365,301.0201287968186,49.9,1:07:14
1920000,7679.99999984604,-3625841.914868517,-3087287.9847898553,300.9331376832306,49.9,1:06:57
1922500,7689.999999845803,-3628825.142304618,-3089426.097254418,301.4053709840832,49.9,1:06:40
1925000,7699.999999845567,-3629711.9329803027,-3089784.714203721,301.7005038720721,49.9,1:06:23
1927500,7709.99999984533,-3629523.7575400323,-3091711.819053859,300.51852765888367,49.9,1:06:06
1930000,7719.999999845094,-3629274.0597709697,-3091011.028132026,300.7705894678668,49.9,1:05:49
1932500,7729.9999998448575,-3631650.3728527687,-3093617.0535131637,300.64223084091486,49.9,1:05:33
1935000,7739.999999844621,-3629293.516164068,-3091015.7169983564,300.7788412657237,49.9,1:05:16
1937500,7749.999999844385,-3627236.1780686546,-3089792.866232753,300.3125464779765,49.9,1:04:59
1940000,7759.999999844148,-3628783.691981867,-3090747.9802446384,300.6435676647376,49.8,1:04:42
1942500,7769.999999843912,-3630452.48072361,-3091554.193968855,301.1255572892003,49.8,1:04:25
1945000,7779.999999843675,-3626700.5823499113,-3089007.1887553465,300.45228715037456,49.8,1:04:08
1947500,7789.999999843439,-3627949.1808976457,-3089346.412635106,300.9604274811363,49.8,1:03:51
1950000,7799.999999843202,-3628777.4589075185,-3090090.161434271,301.0076607092005,49.8,1:03:33
1952500,7809.999999842966,-3624921.36852153,-3085557.557221558,301.3856830709214,49.8,1:03:16
1955000,7819.999999842729,-3630311.750920411,-3091302.8393876683,301.1873721970228,49.8,1:02:59
1957500,7829.999999842493,-3627963.815605214,-3089314.8169893655,300.98626007560904,49.8,1:02:42
1960000,7839.999999842256,-3629186.8980474602,-3089847.0595020265,301.37228757635836,49.8,1:02:25
1962500,7849.99999984202,-3628704.133081386,-3088304.7897368446,301.9643176141659,49.8,1:02:08
1965000,7859.999999841783,-3629120.6387169417,-3090292.988111853,301.08608722507864,49.8,1:01:51
1967500,7869.999999841547,-3631546.2272239868,-3093815.8914079787,300.4729297229953,49.8,1:01:33
1970000,7879.9999998413105,-3628790.974172473,-3089708.37227243,301.22854889671817,49.8,1:01:16
1972500,7889.999999841074,-3630063.1047093216,-3091534.472966222,300.91900148057067,49.8,1:00:59
1975000,7899.9999998408375,-3628238.9306027684,-3088676.40460726,301.4967208583954,49.8,1:00:42
1977500,7909.999999840601,-3629422.7338297553,-3090310.424832321,301.24514862708907,49.8,1:00:25
1980000,7919.999999840365,-3630026.6236925144,-3092050.2792139854,300.61039443093796,49.8,1:00:08
1982500,7929.999999840128,-3629403.0108605623,-3090429.3655472714,301.1676661407094,49.8,59:51
1985000,7939.999999839892,-3630266.9499654416,-3092513.7996818433,300.4856779900359,49.8,59:33
1987500,7949.999999839655,-3631836.2060864717,-3092150.6773430295,301.56545232763546,49.8,59:16
1990000,7959.999999839419,-3629953.4802773837,-3091557.455107715,300.8449035862074,49.8,58:59
1992500,7969.999999839182,-3630030.331512794,-3093856.949917981,299.6029349223911,49.8,58:42
1995000,7979.999999838946,-3628024.171308413,-3088431.0031763194,301.5138430699195,49.8,58:25
1997500,7989.999999838709,-3630211.2181068026,-3091403.269441928,301.0750781759273,49.8,58:08
2000000,7999.999999838473,-3628927.422327943,-3089408.0441101748,301.47261074534237,49.8,57:51
2002500,8009.999999838236,-3626881.3315731604,-3088501.126142717,300.836063833127,49.8,57:33
2005000,8019.999999838,-3626809.0289150532,-3088254.291158656,300.93358899735466,49.8,57:16
2007500,8029.999999837763,-3627595.1632829905,-3088666.674511953,301.1424335703237,49.8,56:59
2010000,8039.999999837527,-3627360.2831610776,-3088693.4778133826,300.9962101203254,49.8,56:42
2012500,8049.9999998372905,-3629773.270599542,-3092292.6387623004,300.33340014642874,49.8,56:25
2015000,8059.999999837054,-3630079.831416134,-3090307.2879575863,301.6140744057206,49.8,56:08
2017500,8069.999999836818,-3625085.6385903265,-3084771.57613195,301.9166643649281,49.8,55:51
2020000,8079.999999836581,-3628413.779428756,-3090641.9289882444,300.49612726276564,49.8,55:33
2022500,8089.999999836345,-3629032.8542549144,-3090696.9836963685,300.81129039566105,49.8,55:16
2025000,8099.999999836108,-3629073.0993011296,-3089989.067673281,301.2293477999488,49.8,54:59
2027500,8109.999999835872,-3628376.4382098056,-3090388.574240266,300.6168312915397,49.8,54:42
2030000,8119.999999835635,-3625595.0018905383,-3087450.639162008,300.704279660136,49.7,54:24
2032500,8129.999999835399,-3630003.8284202944,-3091813.151525827,300.73015908742485,49.7,54:07
2035000,8139.999999835162,-3629088.7700207345,-3090939.813564947,300.7068465428194,49.7,53:50
2037500,8149.999999834926,-3627493.0069719665,-3090602.5908934763,300.0035994147448,49.7,53:33
2040000,8159.999999834689,-3629727.873211479,-3091273.04409963,300.877762050031,49.7,53:16
2042500,8169.999999834453,-3629768.613214936,-3090418.157899705,301.3782200144461,49.7,52:58
2045000,8179.999999834216,-3629167.229608046,-3092082.259887612,300.1123120889041,49.7,52:41
2047500,8189.99999983398,-3629191.9064578507,-3091001.649131041,300.7299246414306,49.7,52:24
2050000,8199.999999835562,-3630976.0805918444,-3091948.3086324558,301.1979110252654,49.7,52:07
2052500,8209.999999837599,-3630237.9253645446,-3090786.586528568,301.4345917030421,49.7,51:50
2055000,8219.999999839636,-3630739.762345616,-3091850.790722381,301.1203521804825,49.7,51:32
2057500,8229.999999841673,-3629881.4255918805,-3092310.3056089426,300.3839631078827,49.7,51:15
2060000,8239.99999984371,-3627887.174460657,-3089302.0625731754,300.9505614527786,49.7,50:58
2062500,8249.999999845748,-3630475.5527121853,-3092929.1708461517,300.37013994417606,49.7,50:41
2065000,8259.999999847785,-3623960.5117517374,-3085788.29544745,300.7198436797824,49.7,50:23
2067500,8269.999999849822,-3628059.088050587,-3088814.6367491214,301.318987097021,49.7,50:06
2070000,8279.99999985186,-3630530.0399611127,-3093208.253974203,300.24464027025186,49.7,49:49
2072500,8289.999999853897,-3626615.459957674,-3087640.452299309,301.1684273918208,49.7,49:32
2075000,8299.999999855934,-3625724.420948671,-3084360.9371798104,302.50305995147517,49.7,49:14
2077500,8309.999999857971,-3627198.296428999,-3088420.488852673,301.0582359399993,49.7,48:57
2080000,8319.999999860009,-3629412.514165042,-3090854.499743969,300.9354199318755,49.7,48:40
2082500,8329.999999862046,-3627047.6871908214,-3090738.2931502694,299.6789359499099,49.7,48:23
2085000,8339.999999864083,-3626723.812778212,-3086259.1244211867,302.00083109692144,49.7,48:05
2087500,8349.99999986612,-3629708.34100616,-3090868.7009965945,301.0927866639028,49.7,47:48
2090000,8359.999999868158,-3630947.9327916186,-3091831.371038773,301.24752498154163,49.7,47:31
2092500,8369.999999870195,-3629895.038477661,-3089440.604519709,301.9951011443284,49.7,47:14
2095000,8379.999999872232,-3629290.106704263,-3090201.231423055,301.23205433632677,49.7,46:56
2097500,8389.99999987427,-3628682.8316266034,-3090538.6969526387,300.7041522278174,49.7,46:39
2100000,8399.999999876307,-3628067.0148404352,-3089550.39876256,300.91228736776725,49.7,46:22
2102500,8409.999999878344,-3626889.9486799184,-3088407.4863722534,300.89320292578475,49.7,46:05
2105000,8419.999999880381,-3630516.214888118,-3090678.5218930286,301.6504786604391,49.7,45:47
2107500,8429.999999882419,-3630889.3260925207,-3093114.3508661175,300.4978733304677,49.7,45:30
2110000,8439.999999884456,-3628476.062291989,-3091268.5724607566,300.1807738701902,49.7,45:13
2112500,8449.999999886493,-3631327.6651853696,-3093357.7905431343,300.60677921614246,49.7,44:56
2115000,8459.99999988853,-3629211.5809515677,-3090659.357330254,300.9321841490806,49.7,44:38
2117500,8469.999999890568,-3630492.8745707236,-3091247.141603384,301.3197032662128,49.7,44:21
2120000,8479.999999892605,-3628729.869814161,-3091060.688446043,300.4387578437109,49.7,44:04
2122500,8489.999999894642,-3625986.6598855015,-3088265.141810502,300.4680025461225,49.7,43:47
2125000,8499.99999989668,-3628045.6257121153,-3090214.136950197,300.52945196097096,49.7,43:29
2127500,8509.999999898717,-3624907.0829300843,-3084932.9730788795,301.7267056643671,49.7,43:12
2130000,8519.999999900754,-3628619.710881548,-3090133.2531274394,300.89543550114547,49.7,42:55
2132500,8529.999999902791,-3625802.1471558604,-3087690.8148499215,300.68582292227904,49.7,42:37
2135000,8539.999999904829,-3628227.2166054714,-3089790.8269559518,300.86745844820746,49.6,42:20
2137500,8549.999999906866,-3627808.1634686906,-3087132.4927937165,302.1187237858237,49.6,42:03
2140000,8559.999999908903,-3627801.7598581146,-3090092.604781785,300.4610943503541,49.6,41:46
2142500,8569.99999991094,-3629667.380653117,-3090111.330595641,301.4931022340707,49.6,41:28
2145000,8579.999999912978,-3629177.392946603,-3089350.5278084497,301.6444282710903,49.6,41:11
2147500,8589.999999915015,-3628927.0901941434,-3091489.63703715,300.30927276567365,49.6,40:54
2150000,8599.999999917052,-3629748.4471494034,-3091648.133401505,300.67966597297675,49.6,40:36
2152500,8609.99999991909,-3626247.0707516707,-3087183.0554423314,301.21816308250925,49.6,40:19
2155000,8619.999999921127,-3628092.2227209713,-3088031.7560536475,301.77496012169007,49.6,40:02
2157500,8629.999999923164,-3627183.1228111777,-3088701.953749401,300.89248028591305,49.6,39:45
2160000,8639.999999925201,-3631155.3922817037,-3093873.8447850337,300.22215580872034,49.6,39:27
2162500,8649.999999927239,-3631904.0995803513,-3094815.9469711445,300.1140906233309,49.6,39:10
2165000,8659.999999929276,-3629538.801575668,-3091554.742232154,300.6147053428023,49.6,38:53
2167500,8669.999999931313,-3629156.5179542787,-3090391.1874476923,301.0512640036044,49.6,38:35
2170000,8679.99999993335,-3629691.655875638,-3091904.4611467943,300.50470134342055,49.6,38:18
2172500,8689.999999935388,-3631476.2240028456,-3092816.0919584446,300.9924812122499,49.6,38:01
2175000,8699.999999937425,-3630114.0010750946,-3091135.121622801,301.17059087263556,49.6,37:43
2177500,8709.999999939462,-3630350.073777573,-3091723.971231777,300.9734662107486,49.6,37:26
2180000,8719.9999999415,-3631068.052037731,-3092520.5678323423,300.92953585849074,49.6,37:09
2182500,8729.999999943537,-3627682.4968520384,-3090152.033093395,300.3612452249374,49.6,36:51
2185000,8739.999999945574,-3626555.841041077,-3085278.822573521,302.45474487480556,49.6,36:34
2187500,8749.999999947611,-3627126.408644505,-3087957.0531354337,301.27702507396265,49.6,36:17
2190000,8759.999999949649,-3627434.6595943123,-3088707.128308469,301.0301425569583,49.6,35:59
2192500,8769.999999951686,-3630485.071412286,-3091579.1382323774,301.12982995825877,49.6,35:42
2195000,8779.999999953723,-3630079.3929765522,-3090630.141236218,301.433425475845,49.6,35:25
2197500,8789.99999995576,-3629051.576226879,-3090789.64674142,300.76997360659846,49.6,35:07
2200000,8799.999999957798,-3631325.4051349573,-3092311.7429517917,301.1900267652245,49.6,34:50
2202500,8809.999999959835,-3631123.5182271414,-3091862.362773857,301.3283210421253,49.6,34:33
2205000,8819.999999961872,-3625826.3336733542,-3087136.545317231,301.0090525646071,49.6,34:15
2207500,8829.99999996391,-3630419.1910530385,-3092223.357065233,300.7330407677784,49.6,33:58
2210000,8839.999999965947,-3626458.890192084,-3086042.481542015,301.9738533647215,49.6,33:41
2212500,8849.999999967984,-3629682.7282644473,-3091254.311620241,300.86300329270347,49.6,33:23
2215000,8859.999999970021,-3629654.3065207675,-3089901.7187457085,301.60292356991505,49.6,33:06
2217500,8869.999999972059,-3627590.708300516,-3088940.158690316,300.987126740154,49.6,32:49
2220000,8879.999999974096,-3628375.3459335435,-3089855.0314812916,300.91435394521363,49.6,32:31
2222500,8889.999999976133,-3629999.228225542,-3091527.6998547236,300.88709326110927,49.6,32:14
2225000,8899.99999997817,-3628515.599294927,-3089034.1946932636,301.4513918500647,49.6,31:57
2227500,8909.999999980208,-3628482.9585888237,-3091038.8499382227,300.3129917220534,49.6,31:39
2230000,8919.999999982245,-3628533.8963951673,-3089788.2583013647,301.04026027818975,49.6,31:22
2232500,8929.999999984282,-3626956.818445204,-3086707.2420283007,301.88063085795045,49.6,31:05
2235000,8939.99999998632,-3629237.577231128,-3091487.339952845,300.48405026107383,49.6,30:47
2237500,8949.999999988357,-3628208.6268298253,-3089174.151982432,301.201656464684,49.6,30:30
2240000,8959.999999990394,-3629332.6853559706,-3088495.850829387,302.2087789146368,49.6,30:13
2242500,8969.999999992431,-3626640.4875259064,-3087907.506310745,301.0331878681855,49.6,29:55
2245000,8979.999999994468,-3629417.968295118,-3091927.7350045517,300.33876524602954,49.6,29:38
2247500,8989.999999996506,-3629091.4853014983,-3091197.5571604376,300.56434183407544,49.6,29:21
2250000,8999.999999998543,-3629582.2907021157,-3092193.344436039,300.2821680876318,49.6,29:03
2252500,9010.00000000058,-3629846.270363642,-3091847.223115558,300.6230802833563,49.5,28:46
2255000,9020.000000002618,-3629520.193966573,-3089825.042697722,301.5708292018945,49.5,28:28
2257500,9030.000000004655,-3629582.865872491,-3089964.3857419817,301.52798690710813,49.5,28:11
2260000,9040.000000006692,-3629069.2888071835,-3090611.8378388826,300.8792270908458,49.5,27:54
2262500,9050.00000000873,-3627327.084498821,-3089229.863579415,300.67793776242917,49.5,27:36
2265000,9060.000000010767,-3630969.7193690445,-3089488.817161189,302.5686710208503,49.5,27:19
2267500,9070.000000012804,-3632613.228364736,-3094608.685960922,300.626150866196,49.5,27:02
2270000,9080.000000014841,-3623780.833028285,-3086592.513503005,300.17006188760433,49.5,26:44
2272500,9090.000000016878,-3628692.562290108,-3093148.6207707226,299.25121642902786,49.5,26:27
2275000,9100.000000018916,-3628386.872729741,-3088299.6024146513,301.78993746262665,49.5,26:10
2277500,9110.000000020953,-3629641.9507323615,-3090637.4654124165,301.1848989180606,49.5,25:52
2280000,9120.00000002299,-3630225.312170498,-3093160.662700529,300.10095754038184,49.5,25:35
2282500,9130.000000025027,-3628858.9561025575,-3092399.9260486932,299.7625495538247,49.5,25:17
2285000,9140.000000027065,-3630997.5192720126,-3093026.7980670454,300.60725225842293,49.5,25:00
2287500,9150.000000029102,-3628910.691599939,-3091421.2815498505,300.33830523575733,49.5,24:43
2290000,9160.00000003114,-3630062.1817806624,-3091071.012408561,301.17745823340084,49.5,24:25
2292500,9170.000000033177,-3629090.751694901,-3089454.308789399,301.5380241456056,49.5,24:08
2295000,9180.000000035214,-3630592.0727890357,-3092077.6687077186,300.9110513484429,49.5,23:50
2297500,9190.000000037251,-3626593.3266255576,-3087932.6421279907,300.99278991200185,49.5,23:33
2300000,9200.000000039288,-3627629.566684343,-3089249.4574015723,300.83601010773526,49.5,23:16
2302500,9210.000000041326,-3629789.095319215,-3090687.907946158,301.2389340863845,49.5,22:58
2305000,9220.000000043363,-3630805.342959402,-3092201.432647638,300.9610656353439,49.5,22:41
2307500,9230.0000000454,-3628435.9266177583,-3089714.4265741315,301.02677241973896,49.5,22:23
2310000,9240.000000047437,-3628978.4510428496,-3090575.7732111113,300.8486209603806,49.5,22:06
2312500,9250.000000049475,-3630132.1526431534,-3093277.9920712393,299.98334056462255,49.5,21:49
2315000,9260.000000051512,-3626226.844748577,-3087309.1322113452,301.13641202694515,49.5,21:31
2317500,9270.00000005355,-3628460.7338490784,-3088664.7575561674,301.6271682037155,49.5,21:14
2320000,9280.000000055586,-3627169.5146049988,-3088103.071736782,301.2195195537356,49.5,20:56
2322500,9290.000000057624,-3627925.958709549,-3089833.368228918,300.6753503660858,49.5,20:39
2325000,9300.000000059661,-3628116.894684449,-3088985.9491317286,301.2555623605047,49.5,20:22
2327500,9310.000000061698,-3625739.7312235236,-3087299.284180556,300.86972563831216,49.5,20:04
2330000,9320.000000063736,-3627185.6610162463,-3088894.4227252915,300.7863507794443,49.5,19:47
2332500,9330.000000065773,-3629216.2491182648,-3089744.7081055925,301.44588027430956,49.5,19:29
2335000,9340.00000006781,-3629486.4589109477,-3091252.3711612877,300.7544162028838,49.5,19:12
2337500,9350.000000069847,-3627755.1199534778,-3088611.9158514226,301.2624121920791,49.5,18:54
2340000,9360.000000071885,-3627919.400385527,-3088946.310540882,301.16735575596766,49.5,18:37
2342500,9370.000000073922,-3630049.1474965923,-3091333.9798810603,301.0232339858898,49.5,18:20
2345000,9380.00000007596,-3626185.5639470983,-3089016.4560415708,300.15932681969514,49.5,18:02
2347500,9390.000000077996,-3630551.2586969677,-3090693.274249332,301.66181711726153,49.5,17:45
2350000,9400.000000080034,-3627876.4731805343,-3088293.1834140737,301.50832323727315,49.5,17:27
2352500,9410.000000082071,-3626091.5717488993,-3087659.4003612283,300.86510136806595,49.5,17:10
2355000,9420.000000084108,-3627630.1793830954,-3089116.9859808977,300.9103748452262,49.5,16:53
2357500,9430.000000086146,-3626175.999622686,-3087498.266205009,301.0023165067146,49.5,16:35
2360000,9440.000000088183,-3626729.206979852,-3088207.4737279085,300.9151467420333,49.5,16:18
2362500,9450.00000009022,-3627305.5353949554,-3090933.8354767757,299.7137512250445,49.5,16:00
2365000,9460.000000092257,-3630980.963715939,-3091592.203633262,301.3996239504533,49.5,15:43
2367500,9470.000000094295,-3627706.634237446,-3087743.212730843,301.72073323171367,49.5,15:25
2370000,9480.000000096332,-3628473.380400492,-3088120.132080349,301.9385606387747,49.5,15:08
2372500,9490.00000009837,-3631257.734714996,-3092785.432550497,300.88752564150286,49.5,14:51
2375000,9500.000000100406,-3630262.4998822045,-3089913.8222052096,301.93600665502885,49.5,14:33
2377500,9510.000000102444,-3628856.68276651,-3089897.35426571,301.15966619295335,49.4,14:16
2380000,9520.000000104481,-3624454.280536633,-3086487.723987573,300.60492513220674,49.4,13:58
2382500,9530.000000106518,-3628136.3873893563,-3090368.5305026965,300.49389574494757,49.4,13:41
2385000,9540.000000108555,-3630125.912732668,-3090997.7784127463,301.25399149998435,49.4,13:23
2387500,9550.000000110593,-3628008.849030046,-3089194.904681122,301.07842844395526,49.4,13:06
2390000,9560.00000011263,-3630312.711195521,-3092766.580627675,300.3699995237875,49.4,12:48
2392500,9570.000000114667,-3631064.784602346,-3090431.6017044825,302.09498246788894,49.4,12:31
2395000,9580.000000116705,-3629030.642885361,-3093318.590821795,299.34515323036265,49.4,12:14
2397500,9590.000000118742,-3629140.183218615,-3090817.561386153,300.8038872731731,49.4,11:56
2400000,9600.000000120779,-3624723.278570531,-3086651.743269512,300.663585153892,49.4,11:39
2402500,9610.000000122816,-3630276.398433609,-3091681.419452456,300.956074986879,49.4,11:21
2405000,9620.000000124854,-3629120.401959501,-3091767.1592040923,300.2622176817553,49.4,11:04
2407500,9630.00000012689,-3629166.239061592,-3089243.6622381583,301.69791004172805,49.4,10:46
2410000,9640.000000128928,-3630499.0744720306,-3092941.824814284,300.376212648277,49.4,10:29
2412500,9650.000000130965,-3628633.427062582,-3088858.5507485373,301.61537795859675,49.4,10:11
2415000,9660.000000133003,-3629520.3944672365,-3091260.42424698,300.7688788084884,49.4,9:54
2417500,9670.00000013504,-3630793.6420562826,-3093755.4502658164,300.08617351957355,49.4,9:36
2420000,9680.000000137077,-3628432.9418503046,-3089966.4082790925,300.8843022672389,49.4,9:19
2422500,9690.000000139114,-3628106.463374153,-3087573.925536923,302.0387440260221,49.4,9:01
2425000,9700.000000141152,-3630568.5159687717,-3091410.575953077,301.27064632515385,49.4,8:44
2427500,9710.000000143189,-3628252.2591758277,-3091250.4673902905,300.06583392666914,49.4,8:27
2430000,9720.000000145226,-3626658.6444288194,-3085431.4051651945,302.4269292537626,49.4,8:09
2432500,9730.000000147264,-3631669.6260312367,-3091898.914564033,301.61305072569047,49.4,7:52
2435000,9740.0000001493,-3626138.2163956594,-3086819.656394567,301.36039755243263,49.4,7:34
2437500,9750.000000151338,-3631271.009436544,-3092108.5972126983,301.27314530539707,49.4,7:17
2440000,9760.000000153375,-3630419.645204257,-3092408.035875666,300.63009972206396,49.4,6:59
2442500,9770.000000155413,-3627496.220367467,-3090299.048936011,300.1750081552877,49.4,6:42
2445000,9780.00000015745,-3629163.453285359,-3090459.1195207033,301.0171802472476,49.4,6:24
2447500,9790.000000159487,-3629771.9199354667,-3092278.4672555355,300.34056417625527,49.4,6:07
2450000,9800.000000161524,-3631575.980508037,-3094530.9740143493,300.0899814390936,49.4,5:49
2452500,9810.000000163562,-3626911.3909329344,-3089305.4986819495,300.403393154055,49.4,5:32
2455000,9820.000000165599,-3630852.041945208,-3092666.0723490957,300.7275287434892,49.4,5:14
2457500,9830.000000167636,-3630349.141386103,-3091810.0328312353,300.92485571291814,49.4,4:57
2460000,9840.000000169674,-3632354.0153468326,-3094841.5104371826,300.35121018020936,49.4,4:39
2462500,9850.00000017171,-3628789.27193811,-3089885.4040514254,301.1286759138159,49.4,4:22
2465000,9860.000000173748,-3629827.2136502992,-3091369.365897691,300.87944880596103,49.4,4:04
2467500,9870.000000175785,-3626738.467563655,-3088734.0079543144,300.62610460230457,49.4,3:47
2470000,9880.000000177823,-3628779.534684142,-3090151.9775184058,300.97427902320493,49.4,3:29
2472500,9890.00000017986,-3630161.642892536,-3091739.0415265104,300.8597538318571,49.4,3:12
2475000,9900.000000181897,-3629441.2503039353,-3093061.0565319536,299.71849742024034,49.4,2:54
2477500,9910.000000183934,-3630528.2484751344,-3087621.832297285,303.36521964456716,49.4,2:37
2480000,9920.000000185972,-3626647.395303108,-3088655.373087811,300.61915483589263,49.4,2:19
2482500,9930.000000188009,-3628689.9573358,-3090069.6780282524,300.97021230197606,49.4,2:02
2485000,9940.000000190046,-3627304.5045945738,-3089250.1185805253,300.65400247619,49.4,1:44
2487500,9950.000000192083,-3628912.913107872,-3091493.0230573136,300.29945885395233,49.4,1:27
2490000,9960.00000019412,-3626432.917890068,-3086278.281139107,301.82758047623986,49.4,1:09
2492500,9970.000000196158,-3628289.2056836803,-3089065.6216448112,301.3073268890875,49.4,0:52
2495000,9980.000000198195,-3629162.29166699,-3091174.08221554,300.6170243399038,49.4,0:35
2497500,9990.000000200233,-3629123.467120288,-3090474.143933342,300.98644143943056,49.4,0:17
2500000,10000.00000020227,-3628749.5313080754,-3090649.4638580424,300.6795283466683,49.4,0:00
2502500,10010.000000204307,-3627327.1901484057,-3087989.63109706,301.37101384076766,49.4,23:59:43
2505000,10020.000000206344,-3631949.0199383628,-3092583.788964587,301.3864763561772,49.4,23:59:25
2507500,10030.000000208382,-3625847.9820074737,-3085641.3010019977,301.85666176213317,49.4,23:59:08
2510000,10040.000000210419,-3628657.3082196806,-3091978.969942061,299.88509459195075,49.4,23:58:50
2512500,10050.000000212456,-3629586.446706727,-3090523.7719386765,301.2174140149161,49.4,23:58:33
2515000,10060.000000214493,-3626756.181076236,-3088027.7216502414,301.0306611830648,49.4,23:58:15
2517500,10070.00000021653,-3630771.038703203,-3092889.6749882917,300.55732108467015,49.4,23:57:58
2520000,10080.000000218568,-3629704.697924804,-3089186.2355028572,302.0308789661856,49.4,23:57:40
2522500,10090.000000220605,-3629999.0583136156,-3092625.208513975,300.273732484884,49.3,23:57:23
2525000,10100.000000222642,-3628528.733540522,-3090127.3880991624,300.8478764473524,49.3,23:57:05
2527500,10110.00000022468,-3627268.284161417,-3088874.1882000365,300.8438255832981,49.3,23:56:48
2530000,10120.000000226717,-3629330.9978251476,-3089900.6513301134,301.422861603837,49.3,23:56:30
2532500,10130.000000228754,-3628559.769632792,-3089750.386870687,301.0758795207046,49.3,23:56:13
2535000,10140.000000230792,-3628137.0643635634,-3090900.446231397,300.19705018070607,49.3,23:55:55
2537500,10150.000000232829,-3628940.098734919,-3090716.934790805,300.74831219937556,49.3,23:55:38
2540000,10160.000000234866,-3629959.1138467323,-3089680.3395377845,301.8969460545838,49.3,23:55:20
2542500,10170.000000236903,-3631320.8540709578,-3091318.018143104,301.7427572200175,49.3,23:55:03
2545000,10180.00000023894,-3627995.3781356793,-3089785.9895786713,300.7406147892686,49.3,23:54:45
2547500,10190.000000240978,-3627964.7989633474,-3089076.61050836,301.119914561769,49.3,23:54:28
2550000,10200.000000243015,-3626096.9449209105,-3087115.0528693935,301.17227425267646,49.3,23:54:10
2552500,10210.000000245052,-3626755.582863914,-3088417.9970132783,300.8122488664876,49.3,23:53:53
2555000,10220.00000024709,-3626259.7680802736,-3088978.338274013,300.2220900456795,49.3,23:53:35
2557500,10230.000000249127,-3629125.8307349216,-3092562.6675347304,299.82073706803794,49.3,23:53:18
2560000,10240.000000251164,-3627288.468339311,-3089919.8474353775,300.2708106828066,49.3,23:53:00
2562500,10250.000000253202,-3624582.3884983566,-3085422.3287935457,301.2718307649305,49.3,23:52:43
2565000,10260.000000255239,-3628674.9439309966,-3090612.100133783,300.6587285158372,49.3,23:52:25
2567500,10270.000000257276,-3628323.4409886394,-3090234.317466108,300.673413099415,49.3,23:52:08
2570000,10280.000000259313,-3628585.97851233,-3089978.8554246286,300.9628608701191,49.3,23:51:50
2572500,10290.00000026135,-3628508.389361389,-3089723.380814486,301.06225969797237,49.3,23:51:32
2575000,10300.000000263388,-3626635.9800651018,-3086169.352363707,302.0019147636695,49.3,23:51:15
2577500,10310.000000265425,-3631111.2764319945,-3093079.046661037,300.6416220118014,49.3,23:50:57
2580000,10320.000000267462,-3628475.574574383,-3089601.1569453357,301.11221970034984,49.3,23:50:40
2582500,10330.0000002695,-3626532.9716357086,-3087479.3100967417,301.21237760322657,49.3,23:50:22
2585000,10340.000000271537,-3631073.160644317,-3092390.7077189796,301.0049536729653,49.3,23:50:05
2587500,10350.000000273574,-3628572.720941646,-3090485.5942626353,300.67229730329393,49.3,23:49:47
2590000,10360.000000275611,-3628440.4622233193,-3092822.5066450853,299.29257400107065,49.3,23:49:30
2592500,10370.000000277649,-3631292.3792429604,-3091783.512911672,301.4667369139494,49.3,23:49:12
2595000,10380.000000279686,-3630013.1370778177,-3092315.9162509213,300.4544257310622,49.3,23:48:55
2597500,10390.000000281723,-3628318.3640906904,-3090280.396938462,300.64482794541675,49.3,23:48:37
2600000,10400.00000028376,-3628873.497992512,-3091310.494542176,300.37942775220785,49.3,23:48:20
