#"Step","Time (ps)","Potential Energy (kJ/mole)","Total Energy (kJ/mole)","Temperature (K)","Speed (ns/day)","Time Remaining"
102500,410.0000000005015,-3629349.6373611335,-3090740.438681295,300.9710121582805,0,--
105000,420.0000000005492,-3629987.862667298,-3090595.544580496,301.40861374609676,51.4,4:28:16
107500,430.00000000059697,-3628127.878014721,-3088864.168651317,301.33674810074876,51.8,4:25:53
110000,440.0000000006447,-3631759.404921146,-3092082.2133888733,301.56779901331913,51.8,4:25:36
112500,450.00000000069247,-3627566.56547877,-3086870.8603237737,302.1369372246225,51.8,4:25:34
115000,460.0000000007402,-3626975.4537308533,-3090486.011543441,299.78650721737296,51.8,4:25:19
117500,470.00000000078796,-3629962.596578423,-3091222.9252135297,301.04391937222374,51.8,4:25:01
120000,480.0000000008357,-3627905.4015065655,-3089328.4069015984,300.95301674893113,51.7,4:25:10
122500,490.00000000088346,-3626513.721515622,-3087962.7260444984,300.938488616758,51.7,4:24:50
125000,500.0000000009312,-3630212.5388932414,-3091024.7995903403,301.2942965680617,51.7,4:24:38
127500,510.00000000097896,-3629089.345145194,-3089621.222620933,301.45097272979774,51.7,4:24:16
130000,520.0000000010267,-3624618.8546698596,-3086762.78636689,300.5501682284535,51.7,4:23:54
132500,530.0000000010745,-3626929.362241041,-3087440.3574886024,301.4626415712621,51.7,4:23:33
135000,540.0000000011222,-3630105.4658291265,-3091058.655275193,301.2155465795304,51.7,4:23:21
137500,550.00000000117,-3628377.3485305402,-3089030.127007529,301.3834141050913,51.7,4:23:03
140000,560.0000000012177,-3628481.279781144,-3089879.441008277,300.966899494301,51.7,4:22:47
142500,570.0000000012654,-3628843.1539583784,-3088021.267480521,302.20744645571244,51.7,4:22:48
145000,580.0000000013132,-3630271.178278284,-3091147.902802038,301.25827463749766,51.6,4:22:45
147500,590.000000001361,-3627601.67762552,-3091498.13378605,299.5708699489137,51.6,4:22:29
150000,600.0000000014087,-3627784.7290125377,-3089881.2604746325,300.5766551446076,51.6,4:22:15
152500,610.0000000014564,-3626851.6927930843,-3087806.8766160007,301.2144321358472,51.6,4:21:58
155000,620.0000000015042,-3626127.9648052417,-3088476.692157887,300.4357298640384,51.6,4:21:42
157500,630.0000000015519,-3627811.303011263,-3089676.2310587764,300.7060734951977,51.6,4:21:27
160000,640.0000000015997,-3630159.5800549313,-3092378.4568246747,300.5082894516969,51.6,4:21:06
162500,650.0000000016474,-3627907.733121909,-3089624.8858812274,300.7886492814432,51.6,4:20:50
165000,660.0000000016952,-3629356.707296025,-3088779.9497544225,302.070470139239,51.6,4:20:38
167500,670.0000000017429,-3627803.883670414,-3088807.775357113,301.18721452593843,51.6,4:20:17
170000,680.0000000017907,-3624510.754612807,-3085396.748927506,301.25309474385676,51.6,4:20:00
172500,690.0000000018384,-3627092.852931896,-3086458.320219489,302.10275449620394,51.6,4:19:40
175000,700.0000000018862,-3627864.2390618958,-3088681.6962032653,301.29139283174294,51.6,4:19:22
177500,710.0000000019339,-3628074.741270466,-3089138.8349987194,301.15357405075724,51.6,4:19:04
180000,720.0000000019817,-3626426.299827654,-3087628.817297381,301.0762238427027,51.6,4:18:46
182500,730.0000000020294,-3627610.617086688,-3088251.8642312116,301.38985773214415,51.7,4:18:26
185000,740.0000000020772,-3623627.2131758034,-3084938.793793073,301.01528012695223,51.7,4:18:08
187500,750.0000000021249,-3628617.241264386,-3090267.843504323,300.82583724114943,51.7,4:17:50
190000,760.0000000021727,-3628833.297120249,-3090127.8014746155,301.0248222219299,51.7,4:17:34
192500,770.0000000022204,-3629174.517266782,-3088897.362864054,301.9030540234842,51.7,4:17:19
195000,780.0000000022682,-3624733.1371159945,-3086456.9438727736,300.78493107470723,51.7,4:17:01
197500,790.0000000023159,-3624266.18923313,-3086030.906556288,300.7620705394597,51.7,4:16:46
200000,800.0000000023637,-3628646.5860683415,-3090581.51656028,300.6669566241828,51.7,4:16:29
202500,810.0000000024114,-3629185.277044514,-3090024.148816184,301.2794264877364,51.7,4:16:12
205000,820.0000000024592,-3628048.0175886974,-3087605.165832909,301.99564453286405,51.7,4:15:54
207500,830.0000000025069,-3630011.3650678657,-3091199.1323369555,301.0844661505322,51.7,4:15:38
210000,840.0000000025547,-3629576.3167290855,-3091966.76506225,300.4124164750988,51.6,4:15:24
212500,850.0000000026024,-3625556.3648241833,-3086086.757041072,301.4518026819423,51.6,4:15:08
215000,860.0000000026502,-3624181.158233434,-3084230.917038612,301.72037723424137,51.6,4:14:53
217500,870.0000000026979,-3633066.535932418,-3094674.0917437426,300.8498912811119,51.6,4:14:50
220000,880.0000000027457,-3625893.247033667,-3087390.4832815686,300.91153707317363,51.5,4:15:03
222500,890.0000000027934,-3627993.383225182,-3090304.674954749,300.4566486255378,51.4,4:15:15
225000,900.0000000028411,-3625931.5434219576,-3086096.3225326547,301.6561047007317,51.3,4:15:16
227500,910.0000000028889,-3627601.7106693964,-3089992.400539632,300.4122815058914,51.3,4:15:22
230000,920.0000000029366,-3627354.7358640525,-3088235.5825918512,301.25597117902225,51.2,4:15:14
232500,930.0000000029844,-3629956.1696470715,-3089682.6863489007,301.9010026362129,51.2,4:15:06
235000,940.0000000030321,-3628843.5158848744,-3087934.0894894637,302.2563631427182,51.2,4:14:58
237500,950.0000000030799,-3628027.2569579445,-3090181.1332138954,300.54461127923867,51.1,4:15:05
240000,960.0000000031276,-3627716.7041555718,-3088511.1073146863,301.30427523403137,51,4:15:04
242500,970.0000000031754,-3626158.3017652165,-3088763.519277489,300.2924049762702,51,4:15:04
245000,980.0000000032231,-3628487.8211689293,-3088293.9192483057,301.8565331250942,50.9,4:15:04
247500,990.0000000032709,-3631631.605955716,-3092448.240290239,301.2918526103917,50.9,4:15:06
250000,1000.0000000033186,-3628078.7639116254,-3088007.6780443583,301.7879043828102,50.8,4:15:10
252500,1010.0000000033664,-3628290.8440691438,-3089303.0471089063,301.1825702006096,50.7,4:15:17
255000,1020.0000000034141,-3628248.4457657505,-3092180.9793186784,299.5507101571155,50.6,4:15:20
257500,1030.0000000032912,-3631975.203647077,-3090936.535311267,302.32858262524996,50.6,4:15:24
260000,1040.0000000030548,-3631162.231934827,-3095062.2572019813,299.56887555736614,50.5,4:15:27
262500,1050.0000000028183,-3628648.187342949,-3091081.400234721,300.38851994210233,50.4,4:15:30
265000,1060.0000000025818,-3627366.9789215215,-3088946.610982693,300.86549487527185,50.4,4:15:31
267500,1070.0000000023454,-3629819.5495910347,-3088330.824901859,302.5800709335311,50.3,4:15:25
270000,1080.000000002109,-3626798.49797222,-3088099.2587082996,301.02132620006256,50.3,4:15:22
272500,1090.0000000018724,-3628567.7273815107,-3090384.5658180835,300.7329456297893,50.2,4:15:24
275000,1100.000000001636,-3627179.6105673146,-3089242.2032345124,300.5956199032427,50.2,4:15:31
277500,1110.0000000013995,-3626643.8323852513,-3088797.589933359,300.5446776123421,50.1,4:15:45
280000,1120.000000001163,-3629793.4444681536,-3091253.1808158355,300.9324917522854,50,4:15:49
282500,1130.0000000009265,-3624792.4949167836,-3085420.8881904026,301.39704038432666,49.9,4:15:47
285000,1140.00000000069,-3628493.4099285845,-3089619.8837416884,301.11871650038137,49.9,4:15:43
287500,1150.0000000004536,-3628914.346965935,-3090587.120631986,300.8134480049931,49.9,4:15:30
290000,1160.0000000002171,-3627197.464876123,-3089981.447648355,300.1925122129073,49.9,4:15:06
292500,1169.9999999999807,-3630383.809228845,-3090467.824625005,301.7012348934011,49.9,4:14:41
295000,1179.9999999997442,-3631087.765465945,-3091258.2798949787,301.65289984539476,49.9,4:14:17
297500,1189.9999999995077,-3630884.3865172192,-3092102.8918556916,301.0672899346851,50,4:13:54
300000,1199.9999999992713,-3627927.5020116866,-3088878.3244957225,301.2168692211781,50,4:13:30
302500,1209.9999999990348,-3629980.523028236,-3090434.4354763953,301.4945390359824,50,4:13:06
305000,1219.9999999987983,-3629599.800825352,-3091685.9261754714,300.58247000640625,50,4:12:43
307500,1229.9999999985619,-3627615.1350304782,-3090646.480814142,300.05428751102033,50,4:12:21
310000,1239.9999999983254,-3627209.657351937,-3086984.4141404186,301.87404641685765,50.1,4:11:58
312500,1249.999999998089,-3629466.0492427554,-3090417.823158565,301.2163375678296,50.1,4:11:36
315000,1259.9999999978525,-3631648.4165466316,-3094232.3672624063,300.3042887117933,50.1,4:11:14
317500,1269.999999997616,-3627046.2687754873,-3086469.3413895415,302.0705650470572,50.1,4:10:53
320000,1279.9999999973795,-3625361.203997072,-3087635.6362796607,300.47724542390625,50.1,4:10:30
322500,1289.999999997143,-3629285.2531202715,-3091619.830357016,300.44363684875987,50.1,4:10:08
325000,1299.9999999969066,-3629621.6320587974,-3090081.140081414,301.4914122685376,50.2,4:09:46
327500,1309.99999999667,-3631054.2550768666,-3091377.70222244,301.5674421246543,50.2,4:09:24
330000,1319.9999999964336,-3626226.7568263803,-3087094.819203535,301.26311498377424,50.2,4:09:03
332500,1329.9999999961972,-3625268.969606744,-3088380.7830468006,300.00932275354893,50.2,4:08:42
335000,1339.9999999959607,-3628829.9459168036,-3090114.111855494,301.0305992555154,50.2,4:08:20
337500,1349.9999999957242,-3629104.265161369,-3089164.213884878,301.71468317992253,50.2,4:07:59
340000,1359.9999999954878,-3628984.5207487345,-3091959.3164421273,300.08588730164433,50.2,4:07:38
342500,1369.9999999952513,-3627059.357756708,-3087740.0674235784,301.36780635366375,50.3,4:07:17
345000,1379.9999999950148,-3628293.879376732,-3088797.455975974,301.46678705949205,50.3,4:06:57
347500,1389.9999999947784,-3623226.5257779174,-3085529.104110331,300.46151761026204,50.3,4:06:36
350000,1399.999999994542,-3626173.906492457,-3087122.738891188,301.217981266776,50.3,4:06:15
352500,1409.9999999943054,-3629929.0239073206,-3091975.791906327,300.60446261594484,50.3,4:05:55
355000,1419.999999994069,-3627510.2358472217,-3088813.0477796253,301.0201800060589,50.3,4:05:34
357500,1429.9999999938325,-3628898.064317124,-3091984.3870393517,300.02356678644765,50.3,4:05:13
360000,1439.999999993596,-3630912.898504248,-3090939.9302167194,301.7330769729611,50.3,4:04:52
362500,1449.9999999933596,-3629656.663196644,-3090526.7642860534,301.2619757657804,50.3,4:04:32
365000,1459.999999993123,-3625128.2101671994,-3086672.210678646,300.88540553333655,50.4,4:04:11
367500,1469.9999999928866,-3628584.6486126017,-3089508.0620745495,301.23218518893407,50.4,4:03:51
370000,1479.9999999926501,-3628225.5333144926,-3091767.6269999985,299.7688851945507,50.4,4:03:31
372500,1489.9999999924137,-3628321.039009381,-3089416.517368953,301.13603654067157,50.4,4:03:12
375000,1499.9999999921772,-3625734.489803605,-3088484.14290864,300.21169538821977,50.4,4:02:51
377500,1509.9999999919407,-3627058.677019622,-3088042.6010292964,301.19837232268515,50.4,4:02:31
380000,1519.9999999917043,-3629061.5698060337,-3090522.425812698,300.93186609476214,50.4,4:02:11
382500,1529.9999999914678,-3627833.751141468,-3087241.101579851,302.07935048766376,50.4,4:01:51
385000,1539.9999999912313,-3631231.3426078297,-3093745.0230441773,300.34355524711333,50.4,4:01:30
387500,1549.9999999909949,-3628593.024429459,-3091636.2843045993,300.04763000093817,50.5,4:01:10
390000,1559.9999999907584,-3629190.2009580843,-3090597.702645315,300.96168011123706,50.5,4:00:52
392500,1569.999999990522,-3627735.9923654646,-3086977.306833613,302.1721302139265,50.5,4:00:32
395000,1579.9999999902855,-3627078.3849387653,-3085416.009570471,302.67710570528084,50.5,4:00:13
397500,1589.999999990049,-3626541.875567753,-3088254.8635921036,300.7909765058977,50.5,3:59:53
400000,1599.9999999898125,-3628742.1845428906,-3089295.506792141,301.43898954197795,50.5,3:59:34
402500,1609.999999989576,-3628415.167355234,-3089554.211626672,301.11169221713965,50.5,3:59:14
405000,1619.9999999893396,-3624654.444471929,-3086287.0474380758,300.8358951080853,50.5,3:58:54
407500,1629.9999999891031,-3629128.3121595085,-3089953.527196942,301.2870577742723,50.5,3:58:35
410000,1639.9999999888666,-3630202.8998795804,-3091699.2639741125,300.9120244263104,50.5,3:58:15
412500,1649.9999999886302,-3627551.0982169807,-3089829.8689141986,300.474821148485,50.5,3:57:57
415000,1659.9999999883937,-3626843.45195248,-3088690.8743599863,300.7158555230656,50.5,3:57:37
417500,1669.9999999881572,-3630092.402302867,-3092141.4436653145,300.60319227652684,50.5,3:57:19
420000,1679.9999999879208,-3631830.108262038,-3095749.294159668,299.5581687325255,50.6,3:56:59
422500,1689.9999999876843,-3630333.2980097514,-3092040.083742324,300.7944423026921,50.6,3:56:40
425000,1699.9999999874478,-3627801.924110096,-3089440.6852175137,300.83245398228235,50.6,3:56:21
427500,1709.9999999872114,-3632657.4621583316,-3093271.0661921836,301.40530450694564,50.6,3:56:02
430000,1719.999999986975,-3625735.628476687,-3087843.7043918837,300.5702041858354,50.6,3:55:43
432500,1729.9999999867384,-3629383.2249525134,-3089730.493286552,301.55413101296,50.6,3:55:24
435000,1739.999999986502,-3626016.722005332,-3087089.120742678,301.1489332703942,50.6,3:55:05
437500,1749.9999999862655,-3626248.291855056,-3085521.0380175766,302.15456640533915,50.6,3:54:46
440000,1759.999999986029,-3629142.8952546734,-3090537.7493485124,300.96874749700356,50.6,3:54:28
442500,1769.9999999857926,-3627326.549341606,-3089205.1166090984,300.69845199550525,50.6,3:54:09
445000,1779.999999985556,-3627376.063999016,-3090051.3556131436,300.25324806359,50.6,3:53:50
447500,1789.9999999853196,-3625524.297099676,-3085224.539047876,301.9156847827737,50.6,3:53:31
450000,1799.9999999850832,-3629597.5697101634,-3092008.9521837295,300.4007186254507,50.6,3:53:13
452500,1809.9999999848467,-3629252.245478956,-3089382.11035404,301.67561452874236,50.6,3:52:54
455000,1819.9999999846102,-3632895.313416533,-3093578.9116895115,301.3661922209939,50.6,3:52:35
457500,1829.9999999843737,-3626702.762414314,-3087593.855952608,301.2502453337642,50.6,3:52:16
460000,1839.9999999841373,-3628964.696036555,-3089647.697100496,301.36652593718134,50.7,3:51:57
462500,1849.9999999839008,-3629323.8464282285,-3090971.3855861304,300.82754886973413,50.7,3:51:38
465000,1859.9999999836643,-3627823.596191613,-3088523.427781085,301.35712115850964,50.7,3:51:20
467500,1869.9999999834279,-3629675.6268725414,-3090365.2078158064,301.362849147136,50.7,3:51:02
470000,1879.9999999831914,-3629239.699493114,-3091157.9457023405,300.67627968340156,50.7,3:50:44
472500,1889.999999982955,-3629532.5748224054,-3088444.0384510835,302.3564485309177,50.7,3:50:25
475000,1899.9999999827185,-3628293.362845743,-3087598.4105871967,302.1365165114093,50.7,3:50:06
477500,1909.999999982482,-3628945.1391706783,-3089765.104275992,301.2899913992229,50.7,3:49:47
480000,1919.9999999822455,-3627552.272045389,-3087561.047226208,301.74327859377166,50.7,3:49:29
482500,1929.999999982009,-3631561.24171957,-3091603.682963252,301.724466235869,50.7,3:49:11
485000,1939.9999999817726,-3632234.8872260526,-3092542.7140417285,301.57617065456253,50.7,3:48:53
487500,1949.9999999815361,-3626929.84395371,-3089737.2461757404,300.17942558993974,50.7,3:48:35
490000,1959.9999999812997,-3630723.233152207,-3090531.965217719,301.8550612722643,50.7,3:48:16
492500,1969.9999999810632,-3628477.3878490776,-3089800.288681848,301.00895447056604,50.7,3:47:58
495000,1979.9999999808267,-3630295.255975047,-3092544.374599777,300.49139051694567,50.7,3:47:40
497500,1989.9999999805902,-3629413.919666022,-3089915.1915157204,301.46807493724197,50.7,3:47:21
500000,1999.9999999803538,-3627718.3616032507,-3087301.7798780575,301.9809650255012,50.7,3:47:03
502500,2009.9999999801173,-3627003.0673786253,-3087857.4339712407,301.2707680913433,50.7,3:46:44
505000,2019.9999999798808,-3629794.2036350556,-3092475.442237952,300.24992492831257,50.7,3:46:26
507500,2029.9999999796444,-3631706.5818943325,-3093943.475751455,300.49822163065346,50.7,3:46:08
510000,2039.999999979408,-3627265.232722303,-3088203.6028349176,301.2238275182877,50.8,3:45:50
512500,2049.9999999791717,-3627572.628218418,-3091042.7829763666,299.8090841586485,50.8,3:45:32
515000,2059.999999978935,-3625142.6910705417,-3086317.5281104264,301.09169147119303,50.8,3:45:14
517500,2069.9999999786987,-3629276.3250869233,-3092219.1342576626,300.1037611443528,50.8,3:44:57
520000,2079.9999999784623,-3630135.6831720304,-3093316.746637803,299.9706263287889,50.8,3:44:39
522500,2089.999999978226,-3628152.4480055384,-3092511.5927560846,299.3123228361043,50.8,3:44:21
525000,2099.9999999779893,-3630398.3666846063,-3094094.5749013005,299.68276708414004,50.8,3:44:03
527500,2109.999999977753,-3632052.5963599924,-3092744.690560739,301.36144475662456,50.8,3:43:45
530000,2119.9999999775164,-3627320.1433788277,-3089121.0071492353,300.7418721602986,50.8,3:43:27
532500,2129.99999997728,-3625120.4800710883,-3087035.2255682726,300.67823585654,50.8,3:43:09
535000,2139.9999999770434,-3629512.364646312,-3091997.795367823,300.35934098803335,50.8,3:42:51
537500,2149.999999976807,-3626350.221474245,-3088724.936813304,300.42120796097015,50.8,3:42:33
540000,2159.9999999765705,-3627588.844203839,-3088585.879062427,301.1910460730081,50.8,3:42:15
542500,2169.999999976334,-3627940.4583961777,-3090300.9421101674,300.42916049243865,50.8,3:41:57
545000,2179.9999999760976,-3626174.9076720756,-3086912.5211631213,301.33600889903494,50.8,3:41:38
547500,2189.999999975861,-3629209.4592057317,-3088914.034614917,301.9132632754136,50.8,3:41:20
550000,2199.9999999756246,-3627404.320274098,-3089979.316728833,300.3092922895535,50.8,3:41:02
552500,2209.999999975388,-3629130.8394133877,-3089488.4338955088,301.54836083441944,50.8,3:40:45
555000,2219.9999999751517,-3629780.6612005793,-3089510.57138234,301.8991063836196,50.8,3:40:27
557500,2229.999999974915,-3628754.3311730716,-3091483.382209161,300.2232076786868,50.8,3:40:09
560000,2239.9999999746788,-3630283.4376902543,-3092582.0883088773,300.4637123889585,50.8,3:39:52
562500,2249.9999999744423,-3628824.9314428233,-3091957.8366987472,299.99753679596495,50.8,3:39:34
565000,2259.999999974206,-3628768.373575546,-3088829.52402902,301.7140116617143,50.8,3:39:16
567500,2269.9999999739694,-3630993.708598422,-3091794.513771042,301.30069783414757,50.8,3:38:58
570000,2279.999999973733,-3627082.812400706,-3088283.149369591,301.0774422911568,50.8,3:38:40
572500,2289.9999999734964,-3627112.1208454166,-3090951.6214722204,299.602696298474,50.8,3:38:22
575000,2299.99999997326,-3630249.395898221,-3092007.7518161563,300.7656252477219,50.8,3:38:05
577500,2309.9999999730235,-3631964.766878497,-3093986.8134911293,300.6182767518658,50.8,3:37:48
580000,2319.999999972787,-3628040.211019853,-3090328.104126247,300.46972361073443,50.8,3:37:30
582500,2329.9999999725505,-3625748.93856762,-3086929.7969995257,301.0883267599039,50.8,3:37:12
585000,2339.999999972314,-3627756.658039836,-3090053.5801859945,300.46467824715126,50.9,3:36:54
587500,2349.9999999720776,-3628766.7037603464,-3089921.8592754086,301.10268936811195,50.9,3:36:36
590000,2359.999999971841,-3631092.380155772,-3092263.7899722103,301.09360657942364,50.9,3:36:19
592500,2369.9999999716047,-3628750.4614896625,-3090205.345146599,300.93520340156437,50.9,3:36:01
595000,2379.999999971368,-3626308.802073352,-3086618.4478844884,301.5751542127598,50.9,3:35:43
597500,2389.9999999711317,-3628790.1934796367,-3093591.3300334644,299.0653409413922,50.9,3:35:26
600000,2399.9999999708953,-3627595.2802637704,-3088595.3623416233,301.1893433084274,50.9,3:35:08
602500,2409.999999970659,-3630342.3969880454,-3091658.48339398,301.01276232410277,50.9,3:34:50
605000,2419.9999999704223,-3627253.4119321257,-3091543.5646647364,299.3508750879407,50.9,3:34:32
607500,2429.999999970186,-3628021.414075544,-3087448.9518331867,302.0680699563894,50.9,3:34:15
610000,2439.9999999699494,-3630339.503095325,-3089513.856818918,302.2095474045597,50.9,3:33:57
612500,2449.999999969713,-3631010.424857335,-3093951.8266126076,300.104547598165,50.9,3:33:40
615000,2459.9999999694764,-3625777.250229664,-3086916.4309337814,301.1116159795231,50.9,3:33:22
617500,2469.99999996924,-3625611.5236548185,-3089298.057325207,299.68817315221486,50.9,3:33:05
620000,2479.9999999690035,-3626920.9027995244,-3089347.5207505166,300.3922051483827,50.9,3:32:47
622500,2489.999999968767,-3628985.964449944,-3087119.7382280035,302.79101612103625,50.9,3:32:30
625000,2499.9999999685306,-3629016.6511018127,-3091618.0947799827,300.294513768085,50.9,3:32:12
627500,2509.999999968294,-3628512.940310426,-3089266.125153195,301.32730773778434,50.9,3:31:55
630000,2519.9999999680576,-3624526.0038006213,-3087579.041703038,300.0421661084286,50.9,3:31:37
632500,2529.999999967821,-3630702.63151484,-3090183.2425873675,302.0384129632695,50.9,3:31:20
635000,2539.9999999675847,-3627636.161016507,-3090008.4142677407,300.42258375823945,50.9,3:31:02
637500,2549.9999999673482,-3627990.6242435034,-3090400.632251682,300.40148666699133,50.9,3:30:44
640000,2559.9999999671118,-3630025.890384633,-3090079.176985923,301.718405926716,50.9,3:30:27
642500,2569.9999999668753,-3629052.634552961,-3088249.459696968,302.19699053370925,50.9,3:30:09
645000,2579.999999966639,-3628026.5951860305,-3090198.2333876546,300.53468602957656,50.9,3:29:51
647500,2589.9999999664024,-3625923.758340316,-3088996.056715252,300.03140349255966,50.9,3:29:33
650000,2599.999999966166,-3630561.0743251424,-3092902.6349035325,300.4397346068217,50.9,3:29:15
652500,2609.9999999659294,-3627196.398603214,-3089722.745952501,300.33647706572015,50.9,3:28:57
655000,2619.999999965693,-3625439.197465347,-3086980.870614038,300.8867060471894,50.9,3:28:40
657500,2629.9999999654565,-3627771.6449223906,-3088038.9578466373,301.59880953065255,50.9,3:28:22
660000,2639.99999996522,-3629069.18511205,-3088036.4127514157,302.3252879960069,50.9,3:28:05
662500,2649.9999999649835,-3625912.860307019,-3088392.300892868,300.3626882334902,50.9,3:27:47
665000,2659.999999964747,-3628522.2453575935,-3089278.72924593,301.32546425444605,50.9,3:27:30
667500,2669.9999999645106,-3628634.8352056947,-3090335.3057837915,300.797971166364,50.9,3:27:12
670000,2679.999999964274,-3628266.3184937257,-3090946.4021965666,300.2505702782979,50.9,3:26:54
672500,2689.9999999640377,-3630185.9780212715,-3090817.7616970357,301.3951458515785,50.9,3:26:37
675000,2699.999999963801,-3628411.4705499597,-3091201.874037089,300.1889243628185,50.9,3:26:19
677500,2709.9999999635647,-3627744.768461263,-3090209.7785892677,300.37075187130745,51,3:26:02
680000,2719.9999999633283,-3625050.417379666,-3087304.0076082326,300.4888918163369,51,3:25:44
682500,2729.999999963092,-3625052.3521503936,-3084790.7405507364,301.89436881501854,51,3:25:27
685000,2739.9999999628553,-3628812.839150846,-3091618.211305819,300.1805599770586,51,3:25:10
687500,2749.999999962619,-3628066.837957587,-3089456.8816327546,300.9714355249468,51,3:24:52
690000,2759.9999999623824,-3628586.0154855773,-3089939.3223628257,300.99196378788804,51,3:24:35
692500,2769.999999962146,-3624410.0646736864,-3083544.325505916,302.23195102878935,51,3:24:17
695000,2779.9999999619095,-3629088.2778210063,-3092128.7983137276,300.04916074846585,51,3:24:00
697500,2789.999999961673,-3627911.331476208,-3087610.291431408,301.916401151398,51,3:23:42
700000,2799.9999999614365,-3629585.725169394,-3091149.3165818145,300.8744582763834,51,3:23:25
702500,2809.9999999612,-3629830.298368115,-3091069.8358801645,301.05553730479124,51,3:23:07
705000,2819.9999999609636,-3625805.9435136802,-3087550.5326605863,300.7733180220395,51,3:22:50
707500,2829.999999960727,-3629181.343946846,-3090760.430988943,300.86579942807714,51,3:22:33
710000,2839.9999999604906,-3626148.526977772,-3088800.636478813,300.2662020644812,51,3:22:15
712500,2849.999999960254,-3628953.4226523973,-3089874.028718837,301.23375394169534,51,3:21:58
715000,2859.9999999600177,-3631210.1312785707,-3094031.98818919,300.1713484121534,51,3:21:41
717500,2869.9999999597812,-3628524.630261166,-3088615.3535395293,301.69748657625183,51,3:21:23
720000,2879.9999999595448,-3626499.5403008386,-3090487.5072350088,299.5197343756013,51,3:21:06
722500,2889.9999999593083,-3627222.372408226,-3087348.557721888,301.6776706416497,51,3:20:49
725000,2899.999999959072,-3627456.264244547,-3089293.654568628,300.7214613803553,51,3:20:31
727500,2909.9999999588354,-3625709.6355423685,-3085974.863235272,301.5999747431843,51,3:20:14
730000,2919.999999958599,-3628306.6397719644,-3090472.6824659877,300.53781275966287,51,3:19:57
732500,2929.9999999583624,-3624762.0982136093,-3087832.3511953466,300.03254644381786,51,3:19:39
735000,2939.999999958126,-3629646.1467457805,-3089217.2671135883,301.987837008984,51,3:19:22
737500,2949.9999999578895,-3627847.004677156,-3090691.5538085704,300.15866815961147,51,3:19:04
740000,2959.999999957653,-3630691.437847646,-3092649.1505158525,300.65422610515844,51,3:18:47
742500,2969.9999999574165,-3628019.607598597,-3088007.380608542,301.75501445836693,51,3:18:30
745000,2979.99999995718,-3628276.084898334,-3090200.171572106,300.6730160731066,51,3:18:13
747500,2989.9999999569436,-3627693.955222372,-3088358.7877271315,301.376678399597,51,3:17:55
750000,2999.999999956707,-3625621.726043705,-3087390.673568273,300.7597067328202,51,3:17:38
752500,3009.9999999564707,-3627274.7470075637,-3088541.0297076926,301.04059228278595,51,3:17:21
755000,3019.999999956234,-3627048.199051881,-3086709.7428883645,301.9373090139984,51,3:17:03
757500,3029.9999999559977,-3627338.5234396085,-3091168.2266826783,299.6081710072352,51,3:16:46
760000,3039.9999999557613,-3627659.7292305566,-3089466.675309485,300.7384734093001,51,3:16:28
762500,3049.999999955525,-3628680.9180646595,-3087579.8525609835,302.36344972149396,51,3:16:11
765000,3059.9999999552883,-3628717.078929784,-3090018.9057506863,301.02073047940075,51,3:15:54
767500,3069.999999955052,-3629604.7064151913,-3089936.147246016,301.56297530985273,51,3:15:36
770000,3079.9999999548154,-3627196.9868252277,-3089718.0446036262,300.33943284053464,51,3:15:20
772500,3089.999999954579,-3630348.9877072107,-3091485.4197081933,301.1131519354009,51,3:15:02
775000,3099.9999999543425,-3625798.056482043,-3088646.6077774875,300.1564317786473,51,3:14:45
777500,3109.999999954106,-3629138.3915181737,-3090622.2948003486,300.91898744015543,51,3:14:28
780000,3119.9999999538695,-3626766.316686256,-3088742.5589249316,300.64387191218765,51,3:14:11
782500,3129.999999953633,-3628375.981200896,-3089828.5389273725,300.93650311506076,51,3:13:53
785000,3139.9999999533966,-3628067.9126650486,-3088930.8304299144,301.2659897567482,51,3:13:36
787500,3149.99999995316,-3628081.8534838986,-3088661.2870126516,301.42439874360343,51,3:13:19
790000,3159.9999999529236,-3627215.0361412447,-3088341.5265979664,301.11870720004555,51,3:13:02
792500,3169.999999952687,-3627716.636423731,-3089406.301503484,300.8040092024415,51,3:12:44
795000,3179.9999999524507,-3625626.49185667,-3088126.288820975,300.3513132331322,51,3:12:27
797500,3189.9999999522142,-3626488.487078797,-3086511.1238223067,301.7355328505439,51,3:12:10
800000,3199.9999999519778,-3627632.131027244,-3090224.989679536,300.2993110198482,51,3:11:53
802500,3209.9999999517413,-3630015.638160009,-3090278.8681504624,301.6010910451891,51,3:11:36
805000,3219.999999951505,-3628076.232684236,-3089623.5874435767,300.88353120332846,51,3:11:18
807500,3229.9999999512684,-3627978.8706955407,-3088837.714726325,301.2682661305507,51,3:11:01
810000,3239.999999951032,-3630690.376843294,-3092535.780554673,300.7169835561891,51,3:10:44
812500,3249.9999999507954,-3629856.9330135062,-3091022.446556974,301.09690137507204,51,3:10:26
815000,3259.999999950559,-3627274.2387407925,-3089766.380872396,300.3555906995248,51,3:10:09
817500,3269.9999999503225,-3629621.8575171456,-3090860.9683992667,301.0557757025789,51,3:09:52
820000,3279.999999950086,-3627148.3326440305,-3087911.0721136713,301.3219686798414,51,3:09:35
822500,3289.9999999498496,-3630423.1312649716,-3091610.8448365163,301.08449615634083,51,3:09:17
825000,3299.999999949613,-3631421.4211540613,-3092751.738102521,301.0048103975524,51,3:09:00
827500,3309.9999999493766,-3628330.6510882005,-3088666.0076114326,301.56078724862004,51,3:08:42
830000,3319.99999994914,-3628074.1312238667,-3089981.083368418,300.6825907268909,51,3:08:25
832500,3329.9999999489037,-3627861.7152710427,-3090349.047600143,300.35827838315726,51.1,3:08:08
835000,3339.999999948667,-3624742.1271287687,-3087751.8984182845,300.06634318581473,51.1,3:07:51
837500,3349.9999999484307,-3629012.564049486,-3089218.108559143,301.63332528401185,51.1,3:07:34
840000,3359.9999999481943,-3628418.7750267833,-3089516.7162366067,301.13466031736385,51.1,3:07:17
842500,3369.999999947958,-3627108.202264309,-3086880.1887622965,301.8755944355993,51.1,3:06:59
845000,3379.9999999477213,-3629012.111280743,-3088562.5145328655,301.9994135867551,51.1,3:06:42
847500,3389.999999947485,-3632030.4936509747,-3095229.694748976,299.96049114813604,51.1,3:06:25
850000,3399.9999999472484,-3630393.281222282,-3090962.0377063043,301.43036500071014,51.1,3:06:08
852500,3409.999999947012,-3628163.069587471,-3091851.780626737,299.68695645388044,51.1,3:05:51
855000,3419.9999999467755,-3630257.8776239473,-3092257.1454934347,300.6310053524853,51.1,3:05:34
857500,3429.999999946539,-3624886.657390764,-3087785.7603508476,300.1281838658563,51.1,3:05:16
860000,3439.9999999463025,-3627306.9860796537,-3087243.854297356,301.783459696366,51.1,3:04:59
862500,3449.999999946066,-3629576.348383993,-3089806.6369284485,301.6194984923111,51.1,3:04:42
865000,3459.9999999458296,-3627945.8144523986,-3090880.848799168,300.1081056610178,51.1,3:04:25
867500,3469.999999945593,-3627508.605064299,-3088808.9231264135,301.02157356314433,51.1,3:04:08
870000,3479.9999999453566,-3630786.327331232,-3093151.733573528,300.4264098184241,51.1,3:03:53
872500,3489.99999994512,-3627023.357814137,-3088061.7282467466,301.1679480464947,51,3:03:38
875000,3499.9999999448837,-3625995.435841456,-3090397.2179781953,299.2884973661536,51,3:03:22
877500,3509.9999999446472,-3627571.8922076914,-3089492.066429025,300.67520232386744,51,3:03:06
880000,3519.999999944411,-3629033.288419066,-3091594.1584656294,300.3171860265637,51,3:02:50
882500,3529.9999999441743,-3630173.094756104,-3091667.9321924387,300.9128775121172,51,3:02:35
885000,3539.999999943938,-3627820.036950793,-3090464.9527797955,300.2702218375559,51,3:02:19
887500,3549.9999999437014,-3632954.6973915193,-3092099.86733011,302.2258550972842,51,3:02:04
890000,3559.999999943465,-3628976.6036025733,-3091964.175608642,300.078747988452,51,3:01:48
892500,3569.9999999432284,-3628319.1755555924,-3089746.4739233237,300.95061786613945,51,3:01:32
895000,3579.999999942992,-3629401.807447646,-3091972.077390129,300.31193343118275,51,3:01:16
897500,3589.9999999427555,-3625342.6859203614,-3085120.072883221,301.8725766940112,51,3:01:00
900000,3599.999999942519,-3628231.5671652686,-3089810.435166154,300.8659218267576,51,3:00:44
902500,3609.9999999422826,-3631748.409213148,-3093819.1980634183,300.59103993409013,51,3:00:28
905000,3619.999999942046,-3626417.6787142903,-3086929.7576091224,301.46203603682886,51,3:00:12
907500,3629.9999999418096,-3630869.6580368746,-3091248.2627730984,301.53662045297284,51,2:59:56
910000,3639.999999941573,-3629316.8047327455,-3090019.9044698225,301.35529494073444,51,2:59:40
912500,3649.9999999413367,-3624619.7612497155,-3087086.4221571186,300.3698294274511,51,2:59:24
915000,3659.9999999411,-3626315.40274987,-3087054.514162852,301.3351718708476,51,2:59:08
917500,3669.9999999408637,-3628744.532881409,-3091495.8397288145,300.21077128867563,51,2:58:52
920000,3679.9999999406273,-3626497.145444475,-3087171.4531358276,301.3713837323202,51,2:58:36
922500,3689.999999940391,-3628868.126078494,-3092001.1776830293,299.9974550173958,50.9,2:58:20
925000,3699.9999999401543,-3628783.2941078693,-3090258.854887362,300.92364917167095,50.9,2:58:04
927500,3709.999999939918,-3628937.31178358,-3092635.850238985,299.6814649632238,50.9,2:57:48
930000,3719.9999999396814,-3632279.646678675,-3092050.035955176,301.87648695167314,50.9,2:57:32
932500,3729.999999939445,-3629952.8543419447,-3091019.6417773757,301.1520688262316,50.9,2:57:16
935000,3739.9999999392085,-3628838.910428632,-3090167.8803271754,301.0055631195218,50.9,2:57:00
937500,3749.999999938972,-3629193.4081219453,-3091195.945930836,300.6291781334662,50.9,2:56:44
940000,3759.9999999387355,-3627565.1034592446,-3090531.195135449,300.09075104491035,50.9,2:56:28
942500,3769.999999938499,-3627358.0735305212,-3088898.6702775285,300.8873075328398,50.9,2:56:12
945000,3779.9999999382626,-3627443.40283438,-3089724.404074013,300.4735747371539,50.9,2:55:56
947500,3789.999999938026,-3629322.6148046944,-3088760.145870176,302.06248576662335,50.9,2:55:40
950000,3799.9999999377897,-3628863.5478986,-3090981.2737632487,300.5648118623086,50.9,2:55:24
952500,3809.999999937553,-3631937.6387511455,-3094354.2599694044,300.39779125195514,50.9,2:55:08
955000,3819.9999999373167,-3629872.8628985807,-3090656.567154781,301.3102537053367,50.9,2:54:51
957500,3829.9999999370802,-3632348.466468595,-3094914.2871412183,300.31441965172337,50.9,2:54:35
960000,3839.999999936844,-3629975.9188219253,-3090849.0621485664,301.2602757851248,50.9,2:54:19
962500,3849.9999999366073,-3626921.7933469135,-3087566.6417125096,301.3878453952702,50.9,2:54:03
965000,3859.999999936371,-3629141.25835637,-3090766.7227640767,300.83988408407095,50.9,2:53:47
967500,3869.9999999361344,-3626224.9517141953,-3089699.443076995,299.8066608945181,50.9,2:53:31
970000,3879.999999935898,-3627580.235783834,-3087276.387113085,301.91797059172103,50.9,2:53:14
972500,3889.9999999356614,-3628308.397467969,-3088988.205244896,301.3683103233879,50.9,2:52:58
975000,3899.999999935425,-3629009.917593986,-3089697.9672463774,301.36370482164966,50.9,2:52:42
977500,3909.9999999351885,-3625945.6333640683,-3087412.3093063557,300.928613955884,50.9,2:52:26
980000,3919.999999934952,-3628081.629008267,-3091482.65928021,299.847710432706,50.9,2:52:10
982500,3929.9999999347156,-3626573.198789289,-3086709.5302013895,301.67200107357735,50.8,2:51:53
985000,3939.999999934479,-3630053.29420455,-3092209.0555728874,300.5435578917652,50.8,2:51:37
987500,3949.9999999342426,-3628998.2076532245,-3090027.462963822,301.1730415122297,50.8,2:51:21
990000,3959.999999934006,-3629260.492410941,-3090114.0512682344,301.2712194481306,50.8,2:51:05
992500,3969.9999999337697,-3626711.47161738,-3088557.4865073273,300.71664203392646,50.8,2:50:49
995000,3979.999999933533,-3628011.033875264,-3088258.7925922154,301.6097362834375,50.8,2:50:32
997500,3989.9999999332967,-3625579.18841481,-3085073.458142465,302.0307806033538,50.8,2:50:16
1000000,3999.9999999330603,-3624923.304679701,-3086408.2268491094,300.91841809317293,50.8,2:50:00
1002500,4009.999999932824,-3627048.309256494,-3087214.2799465703,301.65543885459925,50.8,2:49:44
1005000,4019.9999999325873,-3628810.668941591,-3088592.82015267,301.8699144657901,50.8,2:49:27
1007500,4029.999999932351,-3627970.2313756105,-3089399.131614635,300.9497227517865,50.8,2:49:11
1010000,4039.9999999321144,-3626741.4507774413,-3087363.2279699836,301.40073740365534,50.8,2:48:55
1012500,4049.999999931878,-3630119.298173923,-3093901.8012700174,299.6345461156515,50.8,2:48:38
1015000,4059.9999999316415,-3627437.2777106054,-3088464.87951256,301.1739654811687,50.8,2:48:22
1017500,4069.999999931405,-3629618.220888499,-3092419.136299136,300.18305037428354,50.8,2:48:06
1020000,4079.9999999311685,-3627641.8093856294,-3087545.3357368708,301.8020908956114,50.8,2:47:49
1022500,4089.999999930932,-3630012.626486782,-3092966.410351208,300.09762856311374,50.8,2:47:33
1025000,4099.999999930696,-3628479.443281617,-3089144.683501768,301.3764505711189,50.8,2:47:16
1027500,4109.999999930459,-3627383.7545388956,-3088729.662156568,300.99609844182504,50.8,2:47:00
1030000,4119.999999930223,-3630063.5430030823,-3090572.1500227344,301.4639760961328,50.8,2:46:44
1032500,4129.999999929986,-3632241.8884945624,-3092229.0894562434,301.75533411489243,50.8,2:46:28
1035000,4139.99999992975,-3627796.293657357,-3089507.368819475,300.792045399789,50.8,2:46:11
1037500,4149.999999929513,-3630667.7627604455,-3091194.1629575025,301.4540333943999,50.8,2:45:55
1040000,4159.999999929277,-3626501.6802202147,-3088286.9426806625,300.75059006200013,50.8,2:45:39
1042500,4169.99999992904,-3627630.88890823,-3086406.258907169,302.4324966890092,50.8,2:45:23
1045000,4179.999999928804,-3629337.7385859136,-3092480.2757551954,299.9921545508801,50.8,2:45:06
1047500,4189.999999928567,-3628540.78052132,-3088574.3511923132,301.729423049171,50.8,2:44:50
1050000,4199.999999928331,-3628135.133571744,-3088800.6595915663,301.37629086828326,50.8,2:44:33
1052500,4209.999999928094,-3627914.686744973,-3089770.270171009,300.7112952036112,50.7,2:44:17
1055000,4219.999999927858,-3629536.482100293,-3089834.6415934805,301.5815726860194,50.7,2:44:01
1057500,4229.9999999276215,-3627163.514554877,-3088495.6717551397,301.0037820778554,50.7,2:43:44
1060000,4239.999999927385,-3630056.06430668,-3091589.117765651,300.8915226688621,50.7,2:43:28
1062500,4249.999999927149,-3628378.0398612022,-3088020.5501599084,301.94794482033774,50.7,2:43:11
1065000,4259.999999926912,-3629290.525232753,-3091601.6206156574,300.45675834266456,50.7,2:42:55
1067500,4269.999999926676,-3627763.204218475,-3089086.928836575,301.00849414514846,50.7,2:42:38
1070000,4279.999999926439,-3626968.809566846,-3087297.650469275,301.5644281314583,50.7,2:42:22
1072500,4289.999999926203,-3630138.8970286287,-3094394.419611404,299.3702261708272,50.7,2:42:05
1075000,4299.999999925966,-3628802.816570444,-3089645.272280777,301.27742380815073,50.7,2:41:49
1077500,4309.99999992573,-3630825.5900638457,-3093369.446636314,300.32669303559993,50.7,2:41:32
1080000,4319.999999925493,-3627732.189439019,-3089324.6021809643,300.85835312121696,50.7,2:41:16
1082500,4329.999999925257,-3629326.2009066883,-3090928.7443232876,300.85269217184594,50.7,2:41:00
1085000,4339.99999992502,-3629426.4280434437,-3090669.620566895,301.05349491026146,50.7,2:40:43
1087500,4349.999999924784,-3628213.636811383,-3090324.4305730397,300.5686854724495,50.7,2:40:27
1090000,4359.999999924547,-3629436.0022176523,-3089913.9543213784,301.4811058464165,50.7,2:40:10
1092500,4369.999999924311,-3628656.391999159,-3089711.7515254263,301.15845466107504,50.7,2:39:53
1095000,4379.9999999240745,-3626786.1652585045,-3087419.2611327716,301.39441260433256,50.7,2:39:37
1097500,4389.999999923838,-3625067.4154686294,-3087104.130689154,300.61008003748543,50.7,2:39:20
1100000,4399.9999999236015,-3626683.0103632733,-3086983.426991121,301.5803114151295,50.7,2:39:04
1102500,4409.999999923365,-3628110.188420493,-3089678.348204124,300.8719055028504,50.7,2:38:47
1105000,4419.999999923129,-3629650.7584199347,-3090998.7468651976,300.9949356900793,50.7,2:38:31
1107500,4429.999999922892,-3627906.753031591,-3088490.9285220355,301.4217489689368,50.7,2:38:14
1110000,4439.999999922656,-3628834.490881676,-3091256.130826381,300.3949868231004,50.7,2:37:58
1112500,4449.999999922419,-3627610.1602625474,-3089022.3504285635,300.9590602224403,50.7,2:37:41
1115000,4459.999999922183,-3628909.883642206,-3091346.708475125,300.38650161492626,50.7,2:37:25
1117500,4469.999999921946,-3627856.2917290833,-3087959.648386579,301.6904271333129,50.7,2:37:08
1120000,4479.99999992171,-3628733.9355559684,-3089514.8230842706,301.31182767297133,50.7,2:36:52
1122500,4489.999999921473,-3628690.4507419374,-3089839.1030302783,301.10632332522493,50.7,2:36:35
1125000,4499.999999921237,-3626988.146198714,-3087840.3281448158,301.2719888563696,50.7,2:36:18
1127500,4509.999999921,-3627707.6950378306,-3088026.0488672457,301.570288233713,50.7,2:36:02
1130000,4519.999999920764,-3629394.570068881,-3091967.1591063123,300.3106375373221,50.7,2:35:45
1132500,4529.999999920527,-3629899.7848364934,-3091167.965392564,301.03953177430384,50.7,2:35:28
1135000,4539.999999920291,-3630491.806301972,-3092159.189312491,300.8164602651912,50.7,2:35:12
1137500,4549.9999999200545,-3625797.9619849175,-3087141.020808153,300.99769032801487,50.7,2:34:55
1140000,4559.999999919818,-3627166.257520076,-3088401.3358467445,301.0580290660549,50.7,2:34:39
1142500,4569.999999919582,-3627117.8395173457,-3087923.7518835273,301.29784397049445,50.6,2:34:22
1145000,4579.999999919345,-3629100.666456774,-3092870.049595153,299.6418774552625,50.6,2:34:06
1147500,4589.999999919109,-3627771.5682185013,-3088011.7520160275,301.61396909485626,50.6,2:33:49
1150000,4599.999999918872,-3629545.7667839974,-3092088.9169848235,300.32708775107926,50.6,2:33:33
1152500,4609.999999918636,-3627701.310164124,-3090526.3042868753,300.16959536019465,50.6,2:33:16
1155000,4619.999999918399,-3626764.2830280177,-3088736.727058714,300.64599432395266,50.6,2:33:00
1157500,4629.999999918163,-3626796.309654517,-3092011.8921517255,298.8337514784384,50.6,2:32:43
1160000,4639.999999917926,-3630945.7537701726,-3094310.303720001,299.8680953787808,50.6,2:32:26
1162500,4649.99999991769,-3631080.8720269,-3091053.549225537,301.7634498909955,50.6,2:32:10
1165000,4659.999999917453,-3631908.0155818444,-3094089.28655094,300.5293033072191,50.6,2:31:53
1167500,4669.999999917217,-3627932.25866138,-3088957.3715575207,301.1753562641405,50.6,2:31:37
1170000,4679.99999991698,-3626059.811745107,-3086183.9532333035,301.67881271686963,50.6,2:31:20
1172500,4689.999999916744,-3627398.217320483,-3088981.3745484687,300.86352503697947,50.6,2:31:04
1175000,4699.9999999165075,-3628805.312771108,-3088396.4019068605,301.9766786026393,50.6,2:30:47
1177500,4709.999999916271,-3627400.1841441803,-3088851.747224064,300.9370589165444,50.6,2:30:30
1180000,4719.9999999160345,-3628709.3318621516,-3087956.0405442673,302.16911596529974,50.6,2:30:14
1182500,4729.999999915798,-3628994.8028631825,-3092478.6286915476,299.80144486115665,50.6,2:29:57
1185000,4739.999999915562,-3627331.0533949453,-3090653.5943469843,299.89156970973477,50.6,2:29:40
1187500,4749.999999915325,-3628266.193707617,-3090897.082966243,300.2780597859119,50.6,2:29:24
1190000,4759.999999915089,-3629129.7682227623,-3088744.1977157956,301.9636361760112,50.6,2:29:07
1192500,4769.999999914852,-3626923.103663359,-3086701.8354393407,301.8718252219464,50.6,2:28:51
1195000,4779.999999914616,-3627132.128568668,-3088147.0545935165,301.1810486157954,50.6,2:28:34
1197500,4789.999999914379,-3630199.959640762,-3091353.816742486,301.10341491230537,50.6,2:28:17
1200000,4799.999999914143,-3628393.9259285014,-3090440.8508133385,300.6043749492516,50.6,2:28:01
1202500,4809.999999913906,-3632126.39652583,-3092946.1244728947,301.2901239215758,50.6,2:27:44
1205000,4819.99999991367,-3626695.2399957962,-3087164.4843035555,301.4859717012371,50.6,2:27:28
1207500,4829.999999913433,-3630106.546859294,-3092734.451141743,300.2797277694953,50.6,2:27:11
1210000,4839.999999913197,-3627049.1662583295,-3089302.534975104,300.4890155955602,50.6,2:26:54
1212500,4849.99999991296,-3626598.3465919513,-3089655.536895112,300.03984577625096,50.6,2:26:38
1215000,4859.999999912724,-3628261.227234192,-3090048.1936568916,300.74963789994115,50.6,2:26:21
1217500,4869.9999999124875,-3625423.7454318367,-3087812.346327286,300.41344881023235,50.6,2:26:04
1220000,4879.999999912251,-3626786.4817743897,-3088720.643719026,300.66738608298164,50.6,2:25:47
1222500,4889.999999912015,-3630308.761830587,-3093151.5281255655,300.15966439600663,50.6,2:25:31
1225000,4899.999999911778,-3629780.87568604,-3090438.5499320626,301.3806783839691,50.6,2:25:14
1227500,4909.999999911542,-3630986.2316409443,-3090324.669477144,302.1178583625392,50.6,2:24:57
1230000,4919.999999911305,-3629339.284879027,-3089968.086895731,301.39681198158047,50.6,2:24:41
1232500,4929.999999911069,-3629064.280873148,-3092140.174795076,300.0293943263218,50.6,2:24:24
1235000,4939.999999910832,-3629673.0643074103,-3088458.0603542416,302.4271177215051,50.6,2:24:07
1237500,4949.999999910596,-3627542.863640014,-3089652.333899105,300.5694250363256,50.6,2:23:51
1240000,4959.999999910359,-3627781.884719074,-3088863.55917125,301.1437500665283,50.5,2:23:34
1242500,4969.999999910123,-3627331.087466281,-3087012.27817844,301.9263304787776,50.5,2:23:17
1245000,4979.999999909886,-3629595.1587227397,-3091512.8882781877,300.6765683858801,50.5,2:23:01
1247500,4989.99999990965,-3627157.1479618233,-3087619.911371653,301.48959318117915,50.5,2:22:44
1250000,4999.999999909413,-3629940.9777152147,-3091646.9159999806,300.7949158505347,50.5,2:22:27
1252500,5009.999999909177,-3627916.219253214,-3089554.299509358,300.8328344371603,50.5,2:22:10
1255000,5019.9999999089405,-3630502.8142532557,-3091918.1575078564,300.9572982988321,50.5,2:21:54
1257500,5029.999999908704,-3627582.6674171835,-3088071.7276212187,301.47489871850007,50.5,2:21:37
1260000,5039.9999999084675,-3625679.8526407257,-3086131.3732716823,301.4958755665248,50.5,2:21:20
1262500,5049.999999908231,-3627309.9766227584,-3089596.061654592,300.4707339500153,50.5,2:21:04
1265000,5059.999999907995,-3631246.814855594,-3092644.827376218,300.9669825904467,50.5,2:20:47
1267500,5069.999999907758,-3625910.449041024,-3087962.258739868,300.601645349721,50.5,2:20:30
1270000,5079.999999907522,-3628204.8068849035,-3090047.9008100065,300.71827424842945,50.5,2:20:13
1272500,5089.999999907285,-3629814.829286827,-3091379.2129979804,300.8740155454532,50.5,2:19:57
1275000,5099.999999907049,-3628534.103537265,-3089602.573829429,301.1511284577873,50.5,2:19:40
1277500,5109.999999906812,-3627018.7902577985,-3086465.1473459103,302.0575538475793,50.5,2:19:23
1280000,5119.999999906576,-3631365.4896009546,-3092428.1051507816,301.1544000464111,50.5,2:19:06
1282500,5129.999999906339,-3630213.656043846,-3091552.311208968,301.0001510610343,50.5,2:18:49
1285000,5139.999999906103,-3630575.8051890396,-3093390.600725688,300.17529425800325,50.5,2:18:33
1287500,5149.999999905866,-3630158.314256232,-3090562.2052041544,301.522490696654,50.5,2:18:16
1290000,5159.99999990563,-3623785.4965678547,-3085452.3283885485,300.81676826616865,50.5,2:17:59
1292500,5169.999999905393,-3626535.673254013,-3089932.112155781,299.85027605789776,50.5,2:17:42
1295000,5179.999999905157,-3627150.2823181655,-3087407.6130436636,301.6043875127374,50.5,2:17:26
1297500,5189.9999999049205,-3627058.857594788,-3088597.1606239416,300.8885892461597,50.5,2:17:09
1300000,5199.999999904684,-3629116.980340386,-3091326.6155960895,300.5134535444032,50.5,2:16:52
1302500,5209.999999904448,-3629137.7753000967,-3089849.8813555473,301.35026227370327,50.5,2:16:35
1305000,5219.999999904211,-3626081.023504762,-3088871.028970587,300.1891467743092,50.5,2:16:18
1307500,5229.999999903975,-3631417.907948373,-3092856.3059348646,300.94441547765234,50.5,2:16:02
1310000,5239.999999903738,-3630110.0553241763,-3090168.113800059,301.71573943693164,50.5,2:15:45
1312500,5249.999999903502,-3633403.005146859,-3095866.9958614637,300.3713215123082,50.5,2:15:28
1315000,5259.999999903265,-3630712.8317472097,-3091754.445721541,301.1661355783131,50.5,2:15:11
1317500,5269.999999903029,-3633132.3275903314,-3093808.3291774048,301.37043719536746,50.5,2:14:55
1320000,5279.999999902792,-3631459.2298457455,-3091935.006300885,301.48232158346434,50.5,2:14:38
1322500,5289.999999902556,-3629491.938247351,-3089844.557193256,301.551141128879,50.5,2:14:21
1325000,5299.999999902319,-3625308.3907059394,-3086014.3542269394,301.35369467852576,50.5,2:14:04
1327500,5309.999999902083,-3624597.4950277098,-3087040.5343551966,300.38302899929937,50.5,2:13:47
1330000,5319.999999901846,-3629818.6353276838,-3089826.543917777,301.74376283854207,50.5,2:13:30
1332500,5329.99999990161,-3627923.693158459,-3089216.0928471824,301.0259982942109,50.5,2:13:14
1335000,5339.9999999013735,-3626373.427137064,-3087567.926063873,301.0807045477929,50.5,2:12:57
1337500,5349.999999901137,-3629562.287172543,-3092689.9242093014,300.0004806395875,50.5,2:12:40
1340000,5359.999999900901,-3628563.5940763187,-3089361.608131078,301.3022574910746,50.5,2:12:23
1342500,5369.999999900664,-3631864.2192586493,-3092184.760595408,301.56906587007546,50.5,2:12:06
1345000,5379.999999900428,-3628728.348771332,-3091835.1584837986,300.01211880114886,50.5,2:11:49
1347500,5389.999999900191,-3628668.083579527,-3088064.2432133174,302.08560383014907,50.5,2:11:33
1350000,5399.999999899955,-3630406.5639989804,-3094033.2062495607,299.7216400541606,50.5,2:11:16
1352500,5409.999999899718,-3625106.3983461056,-3086849.9525907966,300.77389631808023,50.5,2:10:59
1355000,5419.999999899482,-3626836.504903391,-3089366.3071766444,300.3345464786347,50.5,2:10:42
1357500,5429.999999899245,-3628788.0564133227,-3090537.1914086277,300.770777834094,50.5,2:10:25
1360000,5439.999999899009,-3627309.4066544566,-3087737.171959748,301.5091498745522,50.5,2:10:08
1362500,5449.999999898772,-3627780.304452965,-3089775.3425561218,300.6333689160058,50.5,2:09:52
1365000,5459.999999898536,-3629438.912030354,-3089746.837116341,301.57611574180737,50.4,2:09:35
1367500,5469.999999898299,-3626890.6632623635,-3087437.217095084,301.442771685281,50.4,2:09:18
1370000,5479.999999898063,-3626567.106502585,-3088129.646117752,300.87504601325236,50.4,2:09:01
1372500,5489.9999998978265,-3625797.2951838765,-3088439.265347679,300.2718678544429,50.4,2:08:44
1375000,5499.99999989759,-3627308.8033479545,-3088501.9218470333,301.0814759210485,50.4,2:08:27
1377500,5509.9999998973535,-3630221.5355197527,-3090101.773276813,301.81510439738526,50.4,2:08:10
1380000,5519.999999897117,-3625401.41294918,-3085302.381304267,301.80352028577715,50.4,2:07:54
1382500,5529.999999896881,-3628076.896484183,-3090742.8808749067,300.2584488742244,50.4,2:07:37
1385000,5539.999999896644,-3626322.729856262,-3088846.702686911,300.3378039299469,50.4,2:07:20
1387500,5549.999999896408,-3627763.512358416,-3087677.7953097154,301.79608018355,50.4,2:07:03
1390000,5559.999999896171,-3630765.0128801633,-3094133.8152276305,299.8657191690455,50.4,2:06:46
1392500,5569.999999895935,-3626211.1275479775,-3087414.7169059636,301.07562487912213,50.4,2:06:29
1395000,5579.999999895698,-3628149.0793582983,-3089132.0281220363,301.19891728321926,50.4,2:06:12
1397500,5589.999999895462,-3633479.696070183,-3094311.962882582,301.2831172922789,50.4,2:05:55
1400000,5599.999999895225,-3628004.294905087,-3090517.49307599,300.343824733634,50.4,2:05:39
1402500,5609.999999894989,-3627424.00578993,-3086677.714141547,302.16520459947117,50.4,2:05:22
1405000,5619.999999894752,-3628353.9083430935,-3090057.559863846,300.7961936780977,50.4,2:05:05
1407500,5629.999999894516,-3628991.317963615,-3090003.728013766,301.1824545246682,50.4,2:04:48
1410000,5639.999999894279,-3626318.1251996737,-3087980.221131569,300.81941464734564,50.4,2:04:31
1412500,5649.999999894043,-3623943.1387328636,-3085852.0522410576,300.68149473075454,50.4,2:04:14
1415000,5659.9999998938065,-3625791.2448930778,-3085605.6255214186,301.8519048952921,50.4,2:03:57
1417500,5669.99999989357,-3628070.3734476026,-3085931.8242781856,302.9431882587137,50.4,2:03:40
1420000,5679.999999893334,-3627785.699173428,-3090073.2343714195,300.46992360741933,50.4,2:03:24
1422500,5689.999999893097,-3628628.4406764805,-3089166.051542026,301.44776895211,50.4,2:03:07
1425000,5699.999999892861,-3627784.2619186994,-3089547.2850219244,300.76301725757975,50.4,2:02:50
1427500,5709.999999892624,-3628080.4693875182,-3088686.7151865154,301.4094162365586,50.4,2:02:33
1430000,5719.999999892388,-3628996.613770006,-3090053.7091631093,301.15748467096006,50.4,2:02:16
1432500,5729.999999892151,-3628744.1363825165,-3089556.3436485548,301.2943264249605,50.4,2:01:59
1435000,5739.999999891915,-3630825.3403418567,-3091438.4165727887,301.4055994394858,50.4,2:01:42
1437500,5749.999999891678,-3630351.4826613776,-3091540.330537085,301.08386231519444,50.4,2:01:25
1440000,5759.999999891442,-3629300.1492908075,-3088146.9708429202,302.3925700662715,50.4,2:01:08
1442500,5769.999999891205,-3631414.5645587854,-3094018.404278911,300.2931748767806,50.4,2:00:51
1445000,5779.999999890969,-3627570.4379756507,-3086712.58750284,302.22754288182057,50.4,2:00:35
1447500,5789.999999890732,-3631311.0860520005,-3092761.880276886,300.93748854728165,50.4,2:00:18
1450000,5799.999999890496,-3624316.528029708,-3085331.749894022,301.18088330279386,50.4,2:00:01
1452500,5809.9999998902595,-3628156.3506062217,-3089597.5029439214,300.94287636567117,50.4,1:59:44
1455000,5819.999999890023,-3627881.243323205,-3088807.4084999445,301.2306475501638,50.4,1:59:27
1457500,5829.9999998897865,-3624821.773007909,-3086827.732312926,300.62726622562104,50.4,1:59:10
1460000,5839.99999988955,-3626833.064276904,-3088555.418044,300.78574299506914,50.4,1:58:53
1462500,5849.999999889314,-3629740.734080909,-3092272.4315804197,300.33348743960164,50.4,1:58:36
1465000,5859.999999889077,-3629300.4580149148,-3090361.1533416975,301.15547305347206,50.4,1:58:19
1467500,5869.999999888841,-3627802.556343429,-3089020.6181401853,301.0675377826598,50.4,1:58:02
1470000,5879.999999888604,-3626896.3958223313,-3086905.8369290195,301.742906479104,50.4,1:57:45
1472500,5889.999999888368,-3628653.6064646356,-3089761.4709352674,301.1291152693836,50.4,1:57:29
1475000,5899.999999888131,-3629632.375586588,-3091174.138598485,300.8866558322653,50.4,1:57:12
1477500,5909.999999887895,-3625884.6459526233,-3086935.113424872,301.16118830627295,50.4,1:56:55
1480000,5919.999999887658,-3630682.363280477,-3091081.3169263573,301.5252496261273,50.4,1:56:38
1482500,5929.999999887422,-3631678.39771118,-3091851.5611179085,301.6514196153879,50.4,1:56:21
1485000,5939.999999887185,-3628076.7664773595,-3089210.071240128,301.11489941400487,50.4,1:56:04
1487500,5949.999999886949,-3631358.053647861,-3092024.3071556133,301.37588435317144,50.4,1:55:47
1490000,5959.999999886712,-3626712.384293355,-3088481.3774007144,300.75968126147853,50.4,1:55:30
1492500,5969.999999886476,-3629663.153567815,-3092046.6740218103,300.4162877249975,50.4,1:55:13
1495000,5979.9999998862395,-3626768.067209577,-3088443.588652785,300.81191256654495,50.4,1:54:56
1497500,5989.999999886003,-3626616.9872212242,-3087968.1395838284,300.9931677154386,50.4,1:54:39
1500000,5999.999999885767,-3625908.7344090957,-3085450.103114987,302.0044620273135,50.4,1:54:22
1502500,6009.99999988553,-3625599.4676837344,-3085984.939382764,301.5327832427077,50.4,1:54:05
1505000,6019.999999885294,-3628640.3743304797,-3089375.4451982887,301.33742969892296,50.4,1:53:48
1507500,6029.999999885057,-3627552.9298372567,-3087164.7797263185,301.96507764047226,50.4,1:53:31
1510000,6039.999999884821,-3629620.2419274244,-3091328.510155625,300.7936138946165,50.4,1:53:14
1512500,6049.999999884584,-3628391.6898404993,-3089946.6203734158,300.8792979146163,50.4,1:52:57
1515000,6059.999999884348,-3631103.418328967,-3093766.931043851,300.2598300292085,50.4,1:52:40
1517500,6069.999999884111,-3629150.045158092,-3090190.433042935,301.16682070845053,50.4,1:52:23
1520000,6079.999999883875,-3628919.0446930695,-3090174.7819051202,301.04648502696546,50.3,1:52:06
1522500,6089.999999883638,-3625850.242092937,-3087015.997579188,301.0967661791553,50.3,1:51:49
1525000,6099.999999883402,-3632279.556093164,-3092044.07393912,301.87976786554964,50.3,1:51:32
1527500,6109.999999883165,-3625807.3369087167,-3089808.0039387047,299.51263765185,50.3,1:51:15
1530000,6119.999999882929,-3629684.611385707,-3090400.4425205803,301.34818072565895,50.3,1:50:58
1532500,6129.9999998826925,-3631475.120322747,-3094763.596605767,299.91060480593904,50.3,1:50:41
1535000,6139.999999882456,-3626062.802778328,-3089939.234424818,299.58205950578224,50.3,1:50:24
1537500,6149.9999998822195,-3623776.588719664,-3085705.8124888283,300.6701455005217,50.3,1:50:07
1540000,6159.999999881983,-3627010.002617471,-3090060.1103200074,300.0438034834044,50.3,1:49:50
1542500,6169.999999881747,-3628359.7938009817,-3089779.190536828,300.955033242171,50.3,1:49:33
1545000,6179.99999988151,-3630460.276751492,-3091207.1262399885,301.3308478889598,50.3,1:49:16
1547500,6189.999999881274,-3629487.196818812,-3090744.205176544,301.04577471974585,50.3,1:48:59
1550000,6199.999999881037,-3629958.1182858814,-3091741.331462508,300.7517351873106,50.3,1:48:42
1552500,6209.999999880801,-3628289.056698976,-3089621.511059253,301.0036160269407,50.3,1:48:25
1555000,6219.999999880564,-3627168.984580362,-3088666.5242025126,300.9113675497884,50.3,1:48:08
1557500,6229.999999880328,-3630376.675283648,-3090603.0189858265,301.6217028422847,50.3,1:47:51
1560000,6239.999999880091,-3627998.860917276,-3089354.900892217,300.99043655222073,50.3,1:47:34
1562500,6249.999999879855,-3626331.665490199,-3088695.825958089,300.42710594835455,50.3,1:47:17
1565000,6259.999999879618,-3629873.7270444185,-3092255.2577236467,300.41739959706916,50.3,1:47:00
1567500,6269.999999879382,-3625696.9830995854,-3088322.3989234185,300.2811183025757,50.3,1:46:43
1570000,6279.999999879145,-3630306.899362473,-3091685.310265641,300.9779358356939,50.3,1:46:26
1572500,6289.999999878909,-3626433.8078075517,-3085060.6339815585,302.5155019281501,50.3,1:46:09
1575000,6299.9999998786725,-3627170.9190127663,-3088420.798176183,301.04975846312476,50.3,1:45:52
1577500,6309.999999878436,-3629384.7344659306,-3090736.8277837425,300.99264191632113,50.3,1:45:34
1580000,6319.9999998782,-3627535.438116284,-3087007.711305322,302.04307211361333,50.3,1:45:17
1582500,6329.999999877963,-3630552.273318436,-3090168.9482494574,301.9623814411392,50.3,1:45:00
1585000,6339.999999877727,-3630020.4521458223,-3090703.291210315,301.36661646132785,50.3,1:44:43
1587500,6349.99999987749,-3631315.5377524514,-3092681.047422249,300.9851449536877,50.3,1:44:26
1590000,6359.999999877254,-3628314.9109529927,-3092067.4397953996,299.6512955166888,50.3,1:44:09
1592500,6369.999999877017,-3631929.084235437,-3092996.2640887373,301.15184954590075,50.3,1:43:52
1595000,6379.999999876781,-3627750.264206128,-3088209.476463414,301.4915775401133,50.3,1:43:35
1597500,6389.999999876544,-3628948.8365606274,-3090885.9512402695,300.66573611553684,50.3,1:43:18
1600000,6399.999999876308,-3628861.685704289,-3090584.9011472426,300.7852614966922,50.3,1:43:01
1602500,6409.999999876071,-3628808.6664773356,-3091389.407988034,300.3060819929001,50.3,1:42:43
1605000,6419.999999875835,-3628648.9888615217,-3087482.037376868,302.4002663418385,50.3,1:42:26
1607500,6429.999999875598,-3624882.0311645474,-3085795.7295528604,301.23761390339405,50.3,1:42:09
1610000,6439.999999875362,-3626831.944770813,-3090681.8131663473,299.5969028626093,50.3,1:41:52
1612500,6449.9999998751255,-3630424.429006161,-3091026.6045050253,301.41169069149515,50.3,1:41:35
1615000,6459.999999874889,-3629627.6351035256,-3088435.285565502,302.4144585944927,50.3,1:41:18
1617500,6469.9999998746525,-3626806.7172725126,-3086372.1636798363,301.9910075779867,50.3,1:41:01
1620000,6479.999999874416,-3630034.7045885753,-3091998.353901314,300.65090875016705,50.3,1:40:44
1622500,6489.99999987418,-3626015.381936392,-3086865.6673010876,301.27304865264995,50.3,1:40:26
1625000,6499.999999873943,-3629445.134529894,-3088832.152960335,302.09071186995095,50.3,1:40:09
1627500,6509.999999873707,-3628427.2528740335,-3089967.6267537614,300.88743206949994,50.3,1:39:52
1630000,6519.99999987347,-3628942.711542584,-3089681.1353403796,301.33555610535217,50.3,1:39:35
1632500,6529.999999873234,-3626420.100525817,-3090506.3990712846,299.46478736643024,50.3,1:39:18
1635000,6539.999999872997,-3631256.694916727,-3089644.4831651915,302.6490746309019,50.3,1:39:01
1637500,6549.999999872761,-3628960.3355964124,-3091668.795003173,300.23471413556905,50.3,1:38:44
1640000,6559.999999872524,-3628506.9422612656,-3091035.347837028,300.3353269433179,50.3,1:38:26
1642500,6569.999999872288,-3630410.9588665497,-3092179.4250861886,300.7599756826116,50.3,1:38:09
1645000,6579.999999872051,-3626769.6948033515,-3088785.920458741,300.62152946161797,50.3,1:37:52
1647500,6589.999999871815,-3629744.117931308,-3090107.6121987896,301.5450640760725,50.3,1:37:35
1650000,6599.999999871578,-3626233.790241258,-3088035.7641807334,300.7412518056726,50.3,1:37:18
1652500,6609.999999871342,-3627765.950827725,-3090345.46124198,300.30676992088877,50.3,1:37:01
1655000,6619.9999998711055,-3628311.9644639753,-3089232.6533682817,301.2337076524812,50.3,1:36:44
1657500,6629.999999870869,-3627783.2585086096,-3087062.557303897,302.1509048404772,50.3,1:36:26
1660000,6639.999999870633,-3628544.985230617,-3090202.7008287907,300.8218623468596,50.3,1:36:09
1662500,6649.999999870396,-3625691.1210326348,-3087574.9490660364,300.69551231670977,50.3,1:35:52
1665000,6659.99999987016,-3628039.226856323,-3090652.39435824,300.2879625782648,50.3,1:35:35
1667500,6669.999999869923,-3628498.529500887,-3089257.871781488,301.32386700505793,50.3,1:35:18
1670000,6679.999999869687,-3628828.9069184847,-3090182.533406428,300.99178519169135,50.3,1:35:01
1672500,6689.99999986945,-3630251.950792486,-3090574.691244566,301.5678370199821,50.3,1:34:44
1675000,6699.999999869214,-3626988.8109297957,-3088340.3448469024,300.99295450548,50.3,1:34:26
1677500,6709.999999868977,-3630627.4962177966,-3090666.1007990646,301.7266101356999,50.3,1:34:09
1680000,6719.999999868741,-3631878.3524710443,-3091067.3385009863,302.20137097522473,50.3,1:33:52
1682500,6729.999999868504,-3628627.3155022785,-3088149.9800855815,302.01491375877396,50.3,1:33:35
1685000,6739.999999868268,-3630865.0008174423,-3091612.9816748886,301.33021568798944,50.3,1:33:18
1687500,6749.999999868031,-3628776.563786907,-3091739.6783125177,300.09241465561337,50.3,1:33:01
1690000,6759.999999867795,-3629122.206971528,-3089355.253321685,301.61795744998307,50.3,1:32:43
1692500,6769.9999998675585,-3630920.5567258745,-3093458.6507322867,300.32991311676966,50.3,1:32:26
1695000,6779.999999867322,-3629212.309260903,-3090439.0529790423,301.06268638637397,50.3,1:32:09
1697500,6789.9999998670855,-3629077.8414965123,-3091330.628803915,300.4893404830065,50.3,1:31:52
1700000,6799.999999866849,-3629784.3466199487,-3091112.5113922674,301.00601301836366,50.3,1:31:35
1702500,6809.999999866613,-3628700.31407509,-3090591.4699363294,300.69141757832307,50.3,1:31:17
1705000,6819.999999866376,-3630789.727524588,-3091069.8068008916,301.5916757833836,50.3,1:31:00
1707500,6829.99999986614,-3629262.6482078023,-3090305.8714763117,301.1652363161045,50.3,1:30:43
1710000,6839.999999865903,-3629453.072701331,-3090092.656019941,301.39078746630116,50.3,1:30:26
1712500,6849.999999865667,-3628903.1211040337,-3088622.780257372,301.90483458582537,50.3,1:30:09
1715000,6859.99999986543,-3626246.4265064597,-3087359.965539077,301.1259443642662,50.3,1:29:52
1717500,6869.999999865194,-3631531.213007655,-3092443.796395426,301.2382369578136,50.3,1:29:34
1720000,6879.999999864957,-3630270.369481545,-3092188.688333153,300.6762390913524,50.3,1:29:17
1722500,6889.999999864721,-3626016.2681708317,-3089577.45077065,299.75821844419505,50.3,1:29:00
1725000,6899.999999864484,-3629097.0177000463,-3089661.0068980167,301.4330289264504,50.3,1:28:43
1727500,6909.999999864248,-3628872.3590259347,-3090713.043010434,300.71962090619996,50.3,1:28:26
1730000,6919.999999864011,-3630437.526546564,-3091636.60982103,301.07814284673424,50.3,1:28:09
1732500,6929.999999863775,-3631290.3620945625,-3093665.39982729,300.4210278096675,50.3,1:27:52
1735000,6939.9999998635385,-3627467.511975419,-3090258.1514852354,300.1887924750093,50.3,1:27:34
1737500,6949.999999863302,-3632075.915770849,-3092612.6039129635,301.4482845634396,50.3,1:27:17
1740000,6959.999999863066,-3629546.5498220995,-3090937.988930795,300.9706557665572,50.3,1:27:00
1742500,6969.999999862829,-3630707.5981571805,-3091004.0938243764,301.58250242022,50.3,1:26:43
1745000,6979.999999862593,-3630489.8456099536,-3095364.925066474,299.02402217015714,50.3,1:26:26
1747500,6989.999999862356,-3629625.2220416646,-3089964.560653131,301.5585620858689,50.3,1:26:09
1750000,6999.99999986212,-3627174.949434638,-3088781.208857313,300.8506156939237,50.3,1:25:51
1752500,7009.999999861883,-3628156.6443985477,-3089609.1045622537,300.9365576324471,50.3,1:25:34
1755000,7019.999999861647,-3626162.4087263476,-3086562.691561591,301.5245068845088,50.3,1:25:17
1757500,7029.99999986141,-3627146.848493252,-3088317.0051976517,301.0943068095712,50.3,1:25:00
1760000,7039.999999861174,-3626560.444535356,-3086374.0908947214,301.85231519960416,50.3,1:24:43
1762500,7049.999999860937,-3632596.5250312537,-3093946.26780911,300.99395538142943,50.3,1:24:26
1765000,7059.999999860701,-3630065.85752772,-3089106.6472365153,302.28418203170673,50.3,1:24:08
1767500,7069.999999860464,-3632071.2752386313,-3091948.246429505,301.81692973147517,50.3,1:23:51
1770000,7079.999999860228,-3627809.2781532016,-3088798.499169941,301.19541239258785,50.3,1:23:34
1772500,7089.9999998599915,-3629295.798494013,-3090570.065784897,301.0361305499243,50.3,1:23:17
1775000,7099.999999859755,-3626660.2032212447,-3090211.7393628387,299.7636088168485,50.3,1:23:00
1777500,7109.9999998595185,-3627171.5068329815,-3088455.771537878,301.0305440656576,50.3,1:22:43
1780000,7119.999999859282,-3627936.7625382654,-3089121.698236425,301.0860484123485,50.3,1:22:26
1782500,7129.999999859046,-3629159.1723547895,-3090904.344277764,300.7729923708926,50.3,1:22:08
1785000,7139.999999858809,-3627741.7842495237,-3089389.7270770017,300.82732330202884,50.3,1:21:51
1787500,7149.999999858573,-3629422.9211840015,-3091994.147865167,300.31139881237146,50.3,1:21:34
1790000,7159.999999858336,-3627349.456840256,-3087858.9232070595,301.4634958990206,50.3,1:21:17
1792500,7169.9999998581,-3626446.5072550066,-3087334.6853708234,301.251874451232,50.3,1:21:00
1795000,7179.999999857863,-3630246.806039674,-3089854.444040189,301.9674312140135,50.3,1:20:43
1797500,7189.999999857627,-3623781.473183412,-3085366.1346167848,300.86268449764407,50.3,1:20:25
1800000,7199.99999985739,-3629555.7036135327,-3088857.5052681724,302.1383304017704,50.3,1:20:08
1802500,7209.999999857154,-3624873.2960127573,-3085693.9657983156,301.2895976288845,50.3,1:19:51
1805000,7219.999999856917,-3627023.52364311,-3088070.881159494,301.162926127622,50.3,1:19:34
1807500,7229.999999856681,-3625964.8747197296,-3087920.2962421225,300.6555063812402,50.3,1:19:17
1810000,7239.999999856444,-3629408.844491478,-3088324.796773074,302.3539403034027,50.3,1:19:00
1812500,7249.999999856208,-3627780.958485054,-3089130.3958173497,300.99412606224917,50.3,1:18:42
1815000,7259.9999998559715,-3630556.328939637,-3093929.2348612156,299.8634261208452,50.3,1:18:25
1817500,7269.999999855735,-3626065.587804744,-3088910.734192799,300.1583344168234,50.3,1:18:08
1820000,7279.999999855499,-3627593.770599272,-3090309.7550746566,300.2305091804255,50.3,1:17:51
1822500,7289.999999855262,-3626172.662237216,-3088590.8596944315,300.3969104607706,50.3,1:17:34
1825000,7299.999999855026,-3630051.594059106,-3090684.05282287,301.39476861717714,50.3,1:17:16
1827500,7309.999999854789,-3624493.961789487,-3085637.8408817267,301.1089905534587,50.3,1:16:59
1830000,7319.999999854553,-3628181.200157935,-3089544.2451732014,300.98652218521386,50.3,1:16:42
1832500,7329.999999854316,-3628010.246137567,-3090585.853854306,300.30895072066755,50.3,1:16:25
1835000,7339.99999985408,-3628443.245571457,-3090431.5560913524,300.637128241967,50.3,1:16:08
1837500,7349.999999853843,-3631098.748396678,-3092419.3518135515,301.01023825032615,50.3,1:15:51
1840000,7359.999999853607,-3627202.8831124324,-3089321.6501447954,300.56423006515126,50.3,1:15:33
1842500,7369.99999985337,-3628451.8863283135,-3089113.341005789,301.37856590560136,50.3,1:15:16
1845000,7379.999999853134,-3628443.681995731,-3089260.684205406,301.2916470443575,50.3,1:14:59
1847500,7389.999999852897,-3632643.7066306192,-3094437.0326632718,300.74608419486304,50.3,1:14:42
1850000,7399.999999852661,-3628999.364000937,-3091123.642841384,300.5611501057634,50.3,1:14:25
1852500,7409.9999998524245,-3627062.0520443153,-3091419.4175249627,299.313317079544,50.3,1:14:08
1855000,7419.999999852188,-3628830.845258115,-3088909.8194156634,301.7040519018945,50.3,1:13:50
1857500,7429.9999998519515,-3626503.3777159844,-3086387.560264569,301.8129000757721,50.3,1:13:33
1860000,7439.999999851715,-3629304.7720238194,-3091444.4604557087,300.55253933501405,50.3,1:13:16
1862500,7449.999999851479,-3628848.2295132857,-3089456.2928565587,301.4084006056675,50.3,1:12:59
1865000,7459.999999851242,-3627685.0138617475,-3089061.302196021,300.97912191218535,50.3,1:12:42
1867500,7469.999999851006,-3626286.392961554,-3087068.7367739715,301.31101391170415,50.3,1:12:25
1870000,7479.999999850769,-3629897.618320128,-3089104.383972854,302.19143584771837,50.3,1:12:07
1872500,7489.999999850533,-3627358.476861449,-3088785.2784076734,300.95089548648497,50.3,1:11:50
1875000,7499.999999850296,-3630265.8156763073,-3094702.978832302,299.2687267027436,50.3,1:11:33
1877500,7509.99999985006,-3629146.4396234956,-3090260.641057143,301.1255742192539,50.3,1:11:16
1880000,7519.999999849823,-3628811.1742940154,-3091723.967492625,300.12053385736044,50.3,1:10:59
1882500,7529.999999849587,-3629484.121193491,-3090574.547254718,301.13885972926613,50.3,1:10:42
1885000,7539.99999984935,-3629873.3121345807,-3089373.7075458937,302.02735761463504,50.3,1:10:24
1887500,7549.999999849114,-3629922.8153197058,-3090686.014547772,301.3217117700839,50.3,1:10:07
1890000,7559.999999848877,-3629866.926327456,-3091630.5302132354,300.7626927203945,50.3,1:09:50
1892500,7569.999999848641,-3633197.1335541736,-3096107.6367425844,300.1218134988689,50.3,1:09:33
1895000,7579.9999998484045,-3625978.2034416236,-3086335.6690922263,301.54843282456085,50.3,1:09:16
1897500,7589.999999848168,-3628664.3670692816,-3093309.2943917867,299.1526295554278,50.3,1:08:59
1900000,7599.999999847932,-3629751.4337310456,-3092506.275753826,300.2087958576708,50.3,1:08:41
1902500,7609.999999847695,-3630250.9277117904,-3090464.307999361,301.6289467067139,50.3,1:08:24
1905000,7619.999999847459,-3627969.463210847,-3088131.4722302537,301.6576526081598,50.3,1:08:07
1907500,7629.999999847222,-3629638.010909917,-3090328.9269720055,301.3621030921771,50.3,1:07:50
1910000,7639.999999846986,-3629702.0290689953,-3091867.2769488585,300.538256896196,50.3,1:07:33
1912500,7649.999999846749,-3627394.479753228,-3088472.481155708,301.14580254072933,50.3,1:07:16
1915000,7659.999999846513,-3629509.3498902135,-3089429.864906079,301.79259774993244,50.3,1:06:58
1917500,7669.999999846276,-3624894.833725743,-3086888.38795545,300.6341980939983,50.3,1:06:41
1920000,7679.99999984604,-3627275.419322444,-3088642.4147976683,300.9843146961199,50.3,1:06:24
1922500,7689.999999845803,-3628823.927923294,-3089018.721985103,301.6393325582612,50.3,1:06:07
1925000,7699.999999845567,-3626117.8216131944,-3087748.165401929,300.83715752045026,50.3,1:05:50
1927500,7709.99999984533,-3629176.5234957375,-3092806.6180527103,299.7197109297569,50.3,1:05:33
1930000,7719.999999845094,-3627236.5394987967,-3087422.9090638375,301.64404010749263,50.3,1:05:15
1932500,7729.9999998448575,-3629246.4643867686,-3089723.941726845,301.4813711409872,50.3,1:04:58
1935000,7739.999999844621,-3629237.094144799,-3090323.7496516835,301.14096668837425,50.3,1:04:41
1937500,7749.999999844385,-3626890.9797639605,-3088563.4300946943,300.81362868248215,50.3,1:04:24
1940000,7759.999999844148,-3628431.569029771,-3089301.031535214,301.262332601986,50.3,1:04:07
1942500,7769.999999843912,-3630988.536274569,-3093777.3917598072,300.18978937533063,50.3,1:03:50
1945000,7779.999999843675,-3627703.879698988,-3087838.027855217,301.67322106152204,50.3,1:03:32
1947500,7789.999999843439,-3626874.7871753443,-3087397.7289979607,301.4559659095859,50.3,1:03:15
1950000,7799.999999843202,-3626129.3508385886,-3087799.221362016,300.8150702605651,50.3,1:02:58
1952500,7809.999999842966,-3625568.3132053223,-3086909.1161142364,300.9989509169878,50.3,1:02:41
1955000,7819.999999842729,-3628804.1039582267,-3091741.5624217875,300.1067510816936,50.3,1:02:24
1957500,7829.999999842493,-3628219.9598598816,-3090582.245957925,300.4281533329726,50.3,1:02:07
1960000,7839.999999842256,-3632047.192038562,-3092434.6053809696,301.5316982661161,50.3,1:01:49
1962500,7849.99999984202,-3628930.051642293,-3090234.0399553003,301.0195226528949,50.3,1:01:32
1965000,7859.999999841783,-3627701.672469193,-3087633.791496956,301.7861135101266,50.3,1:01:15
1967500,7869.999999841547,-3628944.1801123023,-3087527.759768135,302.5396677767451,50.3,1:00:58
1970000,7879.9999998413105,-3626413.61021965,-3087430.979671037,301.17968324632153,50.3,1:00:41
1972500,7889.999999841074,-3628699.8347725216,-3090009.8258961197,301.0161683247778,50.3,1:00:24
1975000,7899.9999998408375,-3629286.372647701,-3089391.933034598,301.689195704904,50.3,1:00:06
1977500,7909.999999840601,-3628084.5486747734,-3088940.894762586,301.2696619634225,50.3,59:49
1980000,7919.999999840365,-3631297.3404445425,-3093380.269002307,300.5842563513721,50.3,59:32
1982500,7929.999999840128,-3629345.6326230615,-3089379.695771761,301.7291478561107,50.3,59:15
1985000,7939.999999839892,-3628543.4316337146,-3089324.111397841,301.3119437701238,50.3,58:58
1987500,7949.999999839655,-3626498.697428683,-3087410.940339347,301.23842721401365,50.3,58:41
1990000,7959.999999839419,-3624242.963763347,-3085879.899207785,300.8334741498475,50.3,58:23
1992500,7969.999999839182,-3630633.718993066,-3092426.132917122,300.7465938746978,50.3,58:06
1995000,7979.999999838946,-3626741.482051147,-3087213.782734969,301.48426381990237,50.3,57:49
1997500,7989.999999838709,-3629928.752664363,-3091923.5777179217,300.63348796661506,50.3,57:32
2000000,7999.999999838473,-3628164.1173547693,-3088411.6246586125,301.60987677130464,50.3,57:15
2002500,8009.999999838236,-3628537.588364629,-3087031.726613002,302.5896470028666,50.3,56:57
2005000,8019.999999838,-3627118.308051642,-3090669.1355991205,299.7640047742302,50.3,56:40
2007500,8029.999999837763,-3627346.3941954095,-3087781.9038680973,301.504822376805,50.3,56:23
2010000,8039.999999837527,-3629047.774380563,-3090449.983027969,300.9646378244683,50.3,56:06
2012500,8049.9999998372905,-3628851.0272219554,-3092909.3736288953,299.480406823813,50.3,55:49
2015000,8059.999999837054,-3627240.4347052947,-3090370.736666364,299.9989914987241,50.3,55:32
2017500,8069.999999836818,-3628291.2462355588,-3088968.3160591484,301.3698402723548,50.3,55:14
2020000,8079.999999836581,-3629253.1882822514,-3091592.412075379,300.4410403859049,50.3,54:57
2022500,8089.999999836345,-3630247.616974294,-3089417.4506352656,302.21207318359507,50.3,54:40
2025000,8099.999999836108,-3629887.0126550626,-3091302.787938295,300.9570568842872,50.3,54:23
2027500,8109.999999835872,-3628713.65228514,-3092339.217136869,299.72224209702114,50.3,54:06
2030000,8119.999999835635,-3628440.4303964097,-3090262.4638872505,300.7300426701942,50.3,53:49
2032500,8129.999999835399,-3630546.0485877953,-3092401.9498255905,300.7111176126471,50.3,53:31
2035000,8139.999999835162,-3625743.3684955854,-3087881.206685777,300.55357323699315,50.3,53:14
2037500,8149.999999834926,-3627352.932327222,-3088327.8570694174,301.2034010497259,50.3,52:57
2040000,8159.999999834689,-3628031.5622808635,-3089778.2304617227,300.7721562725656,50.3,52:40
2042500,8169.999999834453,-3630624.996599242,-3091318.8025545324,301.360488240288,50.3,52:23
2045000,8179.999999834216,-3626237.2060843166,-3085174.5876125023,302.34196579191723,50.3,52:06
2047500,8189.99999983398,-3628038.6821768563,-3089903.656157611,300.7060478280275,50.3,51:49
2050000,8199.999999835562,-3627455.773781484,-3089517.4120551115,300.59615321162187,50.3,51:32
2052500,8209.999999837599,-3629485.814509541,-3090804.07227212,301.01154898536157,50.3,51:15
2055000,8219.999999839636,-3630088.7688272577,-3091866.2488747956,300.754938819311,50.3,50:58
2057500,8229.999999841673,-3624107.6813495904,-3087084.8666790472,300.0845519899071,50.3,50:41
2060000,8239.99999984371,-3626111.4777680803,-3086743.7794023855,301.394856420008,50.3,50:24
2062500,8249.999999845748,-3629522.7730655484,-3092127.4791979743,300.29269073171275,50.3,50:07
2065000,8259.999999847785,-3629943.053944079,-3092603.3478888916,300.2616286551672,50.3,49:50
2067500,8269.999999849822,-3628860.824396761,-3089897.6709431503,301.1687995833407,50.3,49:32
2070000,8279.99999985186,-3628709.173801517,-3090039.321430401,301.00490501213415,50.3,49:15
2072500,8289.999999853897,-3625305.3830820825,-3087718.0564460573,300.3999972850172,50.3,48:58
2075000,8299.999999855934,-3630350.832573505,-3091673.609069581,301.00902394903176,50.3,48:41
2077500,8309.999999857971,-3626294.4365692325,-3089426.1166039957,299.9982214408871,50.3,48:24
2080000,8319.999999860009,-3626750.879813742,-3086767.9606539197,301.73863745004445,50.3,48:06
2082500,8329.999999862046,-3629837.213085303,-3092041.680240969,300.5163414421647,50.3,47:49
2085000,8339.999999864083,-3626748.213119054,-3087064.869004426,301.57123703283946,50.3,47:32
2087500,8349.99999986612,-3626482.3312826846,-3089642.4040393946,299.9823557886051,50.3,47:15
2090000,8359.999999868158,-3628709.7320257183,-3091226.2555420497,300.34196655411967,50.3,46:58
2092500,8369.999999870195,-3628547.3193178345,-3091246.708497473,300.2397825143567,50.3,46:41
2095000,8379.999999872232,-3628392.3612167425,-3090610.8543830505,300.5085038065843,50.3,46:23
2097500,8389.99999987427,-3628980.048905669,-3089635.486934448,301.38192796635417,50.3,46:06
2100000,8399.999999876307,-3624753.436835641,-3085565.2948649246,301.29452157598985,50.3,45:49
2102500,8409.999999878344,-3626133.438231008,-3086732.0591448164,301.41367696849267,50.3,45:32
2105000,8419.999999880381,-3626994.2223259527,-3088426.076109739,300.9480723318553,50.3,45:15
2107500,8429.999999882419,-3628414.599014988,-3089231.7625470916,301.29155689852524,50.3,44:58
2110000,8439.999999884456,-3629376.2594107203,-3091576.3779189023,300.518771435633,50.3,44:40
2112500,8449.999999886493,-3626186.242450414,-3087120.1257531224,301.22633471594105,50.3,44:23
2115000,8459.99999988853,-3628900.909807399,-3089279.2515909565,301.53676738906375,50.3,44:06
2117500,8469.999999890568,-3629796.8649417963,-3091570.6079070396,300.75702707447545,50.3,43:49
2120000,8479.999999892605,-3629526.120889416,-3090473.300621824,301.21890476503296,50.3,43:32
2122500,8489.999999894642,-3625668.3601143435,-3085254.46282468,301.979464981907,50.3,43:14
2125000,8499.99999989668,-3630339.829131197,-3092705.02834001,300.4265255072709,50.3,42:57
2127500,8509.999999898717,-3627997.665605774,-3087622.9530109353,301.9575688514815,50.3,42:40
2130000,8519.999999900754,-3629422.20079072,-3091387.0140659586,300.6502583361516,50.3,42:23
2132500,8529.999999902791,-3627753.456969321,-3089230.1413875544,300.92302129028695,50.3,42:06
2135000,8539.999999904829,-3630884.369481867,-3091709.8858156637,301.28688941199476,50.3,41:49
2137500,8549.999999906866,-3629826.8070782237,-3092709.5557193756,300.13732254364743,50.3,41:31
2140000,8559.999999908903,-3629841.0387433004,-3092421.3500459795,300.3063223900997,50.3,41:14
2142500,8569.99999991094,-3632420.6127206236,-3093051.036722052,301.3959056279841,50.3,40:57
2145000,8579.999999912978,-3630024.6808048133,-3093025.054182622,300.07159467243156,50.3,40:40
2147500,8589.999999915015,-3628567.756038554,-3089057.726669859,301.47438997817835,50.3,40:23
2150000,8599.999999917052,-3631730.0859192815,-3092037.8257519817,301.5762192600342,50.3,40:05
2152500,8609.99999991909,-3629128.0678259674,-3090835.8710818947,300.7938737178356,50.3,39:48
2155000,8619.999999921127,-3628846.4222605266,-3089331.203623387,301.4772897046964,50.3,39:31
2157500,8629.999999923164,-3625997.6083134413,-3086792.883759954,301.30378780600057,50.3,39:14
2160000,8639.999999925201,-3628910.471637208,-3089976.431506591,301.15253126428837,50.3,38:57
2162500,8649.999999927239,-3627890.1183052864,-3088453.09691387,301.43359363665485,50.3,38:39
2165000,8659.999999929276,-3626586.83763095,-3088751.5534755327,300.53855419374923,50.3,38:22
2167500,8669.999999931313,-3627825.881732207,-3088970.5786913596,301.1085335352103,50.3,38:05
2170000,8679.99999993335,-3629450.2580173463,-3091133.5217663343,300.80758622081436,50.3,37:48
2172500,8689.999999935388,-3629252.589307811,-3091568.3251002245,300.45416531463945,50.3,37:31
2175000,8699.999999937425,-3628449.2378656194,-3091823.5741126477,299.8626268650967,50.3,37:14
2177500,8709.999999939462,-3629437.2383348234,-3090421.6088496335,301.1981228187722,50.3,36:56
2180000,8719.9999999415,-3629043.847019123,-3088777.3989711055,301.8970713881676,50.3,36:39
2182500,8729.999999943537,-3626095.8533913866,-3086127.224266569,301.730652279517,50.3,36:22
2185000,8739.999999945574,-3631365.4690074567,-3094080.396867949,300.23109960935693,50.3,36:05
2187500,8749.999999947611,-3624640.6590252537,-3088791.336166204,299.42881306244306,50.3,35:48
2190000,8759.999999949649,-3629908.1286141556,-3091993.364299305,300.58296714490154,50.3,35:30
2192500,8769.999999951686,-3629032.1910098586,-3089673.6379664014,301.3897460786006,50.3,35:13
2195000,8779.999999953723,-3628066.519092463,-3088032.96048369,301.7669344160881,50.3,34:56
2197500,8789.99999995576,-3628880.5397052895,-3092031.3190939333,299.98754885697446,50.3,34:39
2200000,8799.999999957798,-3629349.19023004,-3090897.1972379955,300.883166731414,50.3,34:22
2202500,8809.999999959835,-3626328.276465824,-3086438.5749775497,301.686548074249,50.3,34:05
2205000,8819.999999961872,-3629154.316492554,-3090380.285379746,301.0631193564289,50.3,33:47
2207500,8829.99999996391,-3628383.547413986,-3088951.283626522,301.43093512120345,50.3,33:30
2210000,8839.999999965947,-3629309.952459624,-3092002.822006293,300.2434256391651,50.3,33:13
2212500,8849.999999967984,-3625806.918111084,-3084305.923347147,302.58692736455595,50.3,32:56
2215000,8859.999999970021,-3630543.841452142,-3093676.2356892675,299.997822349657,50.3,32:39
2217500,8869.999999972059,-3629086.4266612194,-3091545.6096890746,300.37400801367244,50.3,32:21
2220000,8879.999999974096,-3631563.8492012564,-3094692.301508989,300.0000250719311,50.3,32:04
2222500,8889.999999976133,-3626333.412226798,-3088556.2498374092,300.5060761618238,50.3,31:47
2225000,8899.99999997817,-3627546.002735568,-3088303.3021987206,301.3250085170052,50.3,31:30
2227500,8909.999999980208,-3628758.7913971767,-3090759.4771550903,300.6302130464575,50.3,31:13
2230000,8919.999999982245,-3629240.6162361577,-3088976.852985061,301.8955711426304,50.3,30:55
2232500,8929.999999984282,-3627904.5002994724,-3089685.2104416816,300.75313386524607,50.3,30:38
2235000,8939.99999998632,-3627340.394493036,-3089467.0768572353,300.55980703368385,50.3,30:21
2237500,8949.999999988357,-3628175.623522574,-3091482.2939076773,299.9004380703305,50.3,30:04
2240000,8959.999999990394,-3630847.3262329176,-3091271.9794139406,301.51088890759013,50.3,29:47
2242500,8969.999999992431,-3633322.4534419235,-3094714.085341978,300.970548036109,50.3,29:30
2245000,8979.999999994468,-3628169.6342880167,-3089474.4156683423,301.0190794924847,50.3,29:12
2247500,8989.999999996506,-3624121.3250502516,-3085885.1402841792,300.76257462054366,50.3,28:55
2250000,8999.999999998543,-3627003.617631031,-3090722.1541550364,299.67029018387996,50.3,28:38
2252500,9010.00000000058,-3628534.379008781,-3088802.952623505,301.5981050657274,50.3,28:21
2255000,9020.000000002618,-3630169.905359043,-3091119.7951157507,301.2173904226144,50.3,28:04
2257500,9030.000000004655,-3628525.1321099475,-3088090.2566418173,301.9911874397145,50.3,27:46
2260000,9040.000000006692,-3629911.1390299033,-3092131.2773369416,300.50758451357575,50.3,27:29
2262500,9050.00000000873,-3631232.216535013,-3093577.481278859,300.4376647453541,50.3,27:12
2265000,9060.000000010767,-3631385.0705405157,-3094369.2911426956,300.08062072925003,50.3,26:55
2267500,9070.000000012804,-3629241.3817612343,-3091482.992037896,300.495586128761,50.3,26:38
2270000,9080.000000014841,-3628318.1144178305,-3089420.2022181447,301.1323432319149,50.3,26:20
2272500,9090.000000016878,-3631897.090885874,-3092873.8664340265,301.20236683244264,50.3,26:03
2275000,9100.000000018916,-3629513.4283159934,-3090195.9001736,301.3668216539395,50.3,25:46
2277500,9110.000000020953,-3628250.955216231,-3088138.105911607,301.81124149633024,50.3,25:29
2280000,9120.00000002299,-3626384.5269933287,-3087485.2883957145,301.13308441369935,50.3,25:12
2282500,9130.000000025027,-3635091.470508281,-3095460.4990102397,301.5419715849747,50.3,24:55
2285000,9140.000000027065,-3628325.4860230535,-3090095.5331720924,300.75909227044025,50.3,24:37
2287500,9150.000000029102,-3629693.28970976,-3091047.8012209637,300.99129064695063,50.3,24:20
2290000,9160.00000003114,-3629958.4215968903,-3091400.4245985206,300.94240102068096,50.3,24:03
2292500,9170.000000033177,-3631364.513160726,-3094255.34959676,300.13280314104964,50.3,23:46
2295000,9180.000000035214,-3630163.1479657106,-3091256.0430769008,301.1374800416033,50.3,23:29
2297500,9190.000000037251,-3627007.646651067,-3086308.3138934886,302.1389643032973,50.3,23:11
2300000,9200.000000039288,-3629954.436663091,-3091486.8006379986,300.89190794768217,50.3,22:54
2302500,9210.000000041326,-3628282.9308725744,-3086917.603294233,302.5111175004368,50.3,22:37
2305000,9220.000000043363,-3629522.412414726,-3090903.886020599,300.97622441907646,50.3,22:20
2307500,9230.0000000454,-3628464.7400797065,-3089523.6043948196,301.1564962098474,50.3,22:03
2310000,9240.000000047437,-3628502.7047252636,-3089926.722730853,300.95245090931144,50.3,21:46
2312500,9250.000000049475,-3629928.485922111,-3092294.442210479,300.4261024565682,50.3,21:28
2315000,9260.000000051512,-3632515.9292103928,-3095832.219096699,299.8950627610699,50.3,21:11
2317500,9270.00000005355,-3629855.2385023087,-3092701.7613868453,300.1575652403216,50.3,20:54
2320000,9280.000000055586,-3627860.0978224818,-3088263.8052607747,301.52259324053756,50.3,20:37
2322500,9290.000000057624,-3629132.191790145,-3090231.2180795604,301.1340539825595,50.3,20:20
2325000,9300.000000059661,-3628713.8647658173,-3089442.121571606,301.34123734860316,50.3,20:02
2327500,9310.000000061698,-3630753.460358806,-3093459.781763914,300.23590883577634,50.3,19:45
2330000,9320.000000063736,-3624144.731126746,-3086186.9170072814,300.60702307134994,50.3,19:28
2332500,9330.000000065773,-3628529.291831566,-3088735.52098158,301.6329427118206,50.3,19:11
2335000,9340.00000006781,-3626361.5758727454,-3089097.5604104544,300.2193332870027,50.3,18:54
2337500,9350.000000069847,-3629105.8844007794,-3091511.9457631256,300.4036920247792,50.3,18:36
2340000,9360.000000071885,-3628380.278785944,-3089515.6723321364,301.1137322165957,50.3,18:19
2342500,9370.000000073922,-3629124.92408577,-3091697.5888558747,300.3105952184396,50.3,18:02
2345000,9380.00000007596,-3626623.327447856,-3087661.151431046,301.168253398567,50.3,17:45
2347500,9390.000000077996,-3627512.807305271,-3088525.9900781834,301.18202273265223,50.3,17:28
2350000,9400.000000080034,-3627122.009904504,-3089359.7800241797,300.49773198133397,50.3,17:11
2352500,9410.000000082071,-3628074.1303828303,-3088788.333070891,301.34909069022444,50.3,16:53
2355000,9420.000000084108,-3626657.5235471763,-3088996.812000341,300.4410042543335,50.3,16:36
2357500,9430.000000086146,-3627986.426161047,-3089509.3321811883,300.89719298593593,50.3,16:19
2360000,9440.000000088183,-3628881.5628769565,-3091396.0600420265,300.3430988648777,50.3,16:02
2362500,9450.00000009022,-3629509.4249630533,-3090283.1789997406,301.3158138176507,50.3,15:45
2365000,9460.000000092257,-3630432.14295825,-3092594.5418349393,300.5398488990265,50.3,15:27
2367500,9470.000000094295,-3624455.7183564547,-3085587.741690522,301.1156154673031,50.3,15:10
2370000,9480.000000096332,-3628305.4003165495,-3092132.508285413,299.60962122811276,50.3,14:53
2372500,9490.00000009837,-3624879.2236597165,-3086482.2035419485,300.8524482779365,50.3,14:36
2375000,9500.000000100406,-3629017.5104449242,-3090246.6303900527,301.06135856753264,50.3,14:19
2377500,9510.000000102444,-3626688.2681415286,-3089523.151920491,300.16406909022567,50.3,14:01
2380000,9520.000000104481,-3630309.92007369,-3091056.033716653,301.3312590742412,50.3,13:44
2382500,9530.000000106518,-3630784.88359298,-3091072.032578002,301.5877252801358,50.3,13:27
2385000,9540.000000108555,-3624000.5642399155,-3085727.0017277645,300.7834610407849,50.3,13:10
2387500,9550.000000110593,-3628977.9938781857,-3090075.352557348,301.13498583137886,50.3,12:53
2390000,9560.00000011263,-3629201.3789673373,-3088483.825362268,302.1491459840508,50.3,12:36
2392500,9570.000000114667,-3626169.869937025,-3087507.861637268,301.0005218005177,50.3,12:18
2395000,9580.000000116705,-3625423.3570005484,-3085992.594969845,301.43009595014325,50.3,12:01
2397500,9590.000000118742,-3629224.561911991,-3090558.6224278877,301.00271851853597,50.3,11:44
2400000,9600.000000120779,-3628938.0628554244,-3091694.299929411,300.20801631291965,50.3,11:27
2402500,9610.000000122816,-3628723.1545767,-3091340.8833947903,300.2854137470365,50.3,11:10
2405000,9620.000000124854,-3627361.1037899572,-3089088.389637448,300.78298698341547,50.3,10:52
2407500,9630.00000012689,-3631562.1735336,-3093535.173430919,300.6456837096136,50.3,10:35
2410000,9640.000000128928,-3627923.0500835087,-3088710.4383872533,301.30819508561586,50.3,10:18
2412500,9650.000000130965,-3630241.7248487696,-3091696.0046584737,300.9355408271286,50.3,10:01
2415000,9660.000000133003,-3627529.7123962287,-3088836.316037164,301.0180612261396,50.3,9:44
2417500,9670.00000013504,-3627510.9261640534,-3089523.7373378957,300.6234374497654,50.3,9:27
2420000,9680.000000137077,-3631101.688355252,-3092238.3736132253,301.11301041718536,50.3,9:09
2422500,9690.000000139114,-3627342.395655824,-3088597.603228625,301.04678098563346,50.3,8:52
2425000,9700.000000141152,-3628626.901605483,-3090402.2100984,300.75615226868007,50.3,8:35
2427500,9710.000000143189,-3625788.0147557836,-3087022.669078266,301.05826599659656,50.3,8:18
2430000,9720.000000145226,-3628324.0933462325,-3090927.4681741996,300.2934346552319,50.3,8:01
2432500,9730.000000147264,-3630416.163665725,-3092283.708244766,300.70461139587934,50.3,7:43
2435000,9740.0000001493,-3626008.271839073,-3086609.9309308585,301.4119792561196,50.3,7:26
2437500,9750.000000151338,-3631557.787838215,-3093615.558780752,300.5983142488926,50.3,7:09
2440000,9760.000000153375,-3625659.5944955386,-3087221.4233052577,300.87544320631116,50.3,6:52
2442500,9770.000000155413,-3628965.934385393,-3090133.8655622075,301.0955504186508,50.3,6:35
2445000,9780.00000015745,-3627243.9720816743,-3088502.2834318224,301.04504661679624,50.3,6:18
2447500,9790.000000159487,-3627749.5374500323,-3088474.610587678,301.3430163598524,50.3,6:00
2450000,9800.000000161524,-3627041.151594728,-3087397.348025657,301.5491420555412,50.3,5:43
2452500,9810.000000163562,-3630814.1616264973,-3092223.1423074366,300.96085366000955,50.3,5:26
2455000,9820.000000165599,-3628389.921556698,-3089325.5647377158,301.2253513083842,50.3,5:09
2457500,9830.000000167636,-3630365.239481466,-3092392.6643438214,300.6152714239457,50.3,4:52
2460000,9840.000000169674,-3630804.4942467753,-3089014.2429446606,302.7485618729937,50.3,4:34
2462500,9850.00000017171,-3627118.0804645494,-3086823.432882579,301.91282908836484,50.3,4:17
2465000,9860.000000173748,-3627381.464835219,-3087327.2922977544,301.7784533336968,50.3,4:00
2467500,9870.000000175785,-3627693.0393140335,-3088162.9625982763,301.4855922939785,50.3,3:43
2470000,9880.000000177823,-3628040.997453874,-3089883.1917671305,300.718776945169,50.3,3:26
2472500,9890.00000017986,-3629287.749856923,-3091404.1522010146,300.56555143623837,50.3,3:09
2475000,9900.000000181897,-3628855.8506791014,-3090994.431631447,300.55315818675297,50.3,2:51
2477500,9910.000000183934,-3628136.341304561,-3088773.450104392,301.3921702098996,50.3,2:34
2480000,9920.000000185972,-3628362.71546223,-3088771.6656585345,301.5196636244277,50.3,2:17
2482500,9930.000000188009,-3630607.272177132,-3091674.0443093814,301.1520773775411,50.3,2:00
2485000,9940.000000190046,-3627318.072155185,-3088560.8026900818,301.05375306619953,50.3,1:43
2487500,9950.000000192083,-3627696.8635856733,-3088863.1187807485,301.09648694539743,50.3,1:25
2490000,9960.00000019412,-3628833.8148775306,-3089541.154893009,301.35292550314324,50.3,1:08
2492500,9970.000000196158,-3630586.6042278726,-3093229.78521664,300.2711912540134,50.3,0:51
2495000,9980.000000198195,-3629943.622604046,-3090230.4867859595,301.5878844260995,50.3,0:34
2497500,9990.000000200233,-3630592.030917065,-3093940.932456188,299.87683960004637,50.3,0:17
2500000,10000.00000020227,-3629851.0212637987,-3093127.0792243383,299.9175440767413,50.3,0:00
2502500,10010.000000204307,-3627421.0928379875,-3089156.479619241,300.77846023890385,50.3,23:59:43
2505000,10020.000000206344,-3627455.44960412,-3089309.678893787,300.71205188544036,50.3,23:59:26
2507500,10030.000000208382,-3628204.657335542,-3089163.5569705004,301.2123557663497,50.3,23:59:09
2510000,10040.000000210419,-3626383.051011445,-3088439.0305581815,300.5993152682004,50.3,23:58:52
2512500,10050.000000212456,-3630223.3102063034,-3090858.6857274803,301.39313875375683,50.3,23:58:35
2515000,10060.000000214493,-3630627.4536691178,-3092666.4900272894,300.6087830021791,50.3,23:58:17
2517500,10070.00000021653,-3630503.0455020033,-3092257.7537417514,300.7676635445032,50.3,23:58:00
2520000,10080.000000218568,-3630371.91463599,-3091975.363748057,300.852186075622,50.3,23:57:43
2522500,10090.000000220605,-3629488.1724942476,-3091602.6993391267,300.56659945193826,50.3,23:57:26
2525000,10100.000000222642,-3629108.286728272,-3088862.2070178646,301.88568970511915,50.3,23:57:09
2527500,10110.00000022468,-3627007.801646365,-3089571.282596589,300.31572707205777,50.3,23:56:52
2530000,10120.000000226717,-3626060.807541834,-3085965.319270945,301.8015402734247,50.3,23:56:34
2532500,10130.000000228754,-3629703.9992117323,-3091692.24282603,300.6371656283419,50.3,23:56:17
2535000,10140.000000230792,-3627214.1997896116,-3088104.6602287795,301.2505991050797,50.3,23:56:00
2537500,10150.000000232829,-3626793.7060321104,-3089499.6668216065,300.23611034523077,50.3,23:55:43
2540000,10160.000000234866,-3627025.7480988745,-3089629.4595692083,300.2932465418574,50.3,23:55:26
2542500,10170.000000236903,-3630447.080336638,-3093450.6624217937,300.06980166945226,50.3,23:55:08
2545000,10180.00000023894,-3627280.5666279253,-3090150.5856557665,300.1444357615648,50.3,23:54:51
2547500,10190.000000240978,-3624357.8132585343,-3085821.2395195104,300.930429854825,50.3,23:54:34
2550000,10200.000000243015,-3625497.0815704037,-3087262.255911123,300.76181516127764,50.3,23:54:17
2552500,10210.000000245052,-3627487.418666182,-3088915.12870644,300.9503878264423,50.3,23:54:00
2555000,10220.00000024709,-3632790.0093690082,-3093115.0802629576,301.566534785542,50.3,23:53:43
2557500,10230.000000249127,-3629047.6398263667,-3090662.6393364607,300.84573179486796,50.3,23:53:25
2560000,10240.000000251164,-3629605.0641238578,-3090301.491545627,301.35902338335404,50.3,23:53:08
2562500,10250.000000253202,-3630222.751917159,-3091795.3518171916,300.86942439719763,50.3,23:52:51
2565000,10260.000000255239,-3628690.7876384314,-3089807.5046609663,301.1241685259691,50.3,23:52:34
2567500,10270.000000257276,-3625203.077579083,-3083646.9790580766,302.61771895441274,50.3,23:52:17
2570000,10280.000000259313,-3627391.0982934013,-3088594.7515816726,301.0755891553306,50.3,23:51:59
2572500,10290.00000026135,-3628671.2944780923,-3090874.579575777,300.51700196780746,50.3,23:51:42
2575000,10300.000000263388,-3633660.5941480994,-3096239.667234211,300.3070142967631,50.3,23:51:25
2577500,10310.000000265425,-3625904.60776034,-3088000.403594848,300.5770662081023,50.3,23:51:08
2580000,10320.000000267462,-3626152.7871870436,-3087006.106917152,301.2713530707105,50.3,23:50:51
2582500,10330.0000002695,-3624966.5370060243,-3085926.2682636697,301.2118910614717,50.3,23:50:34
2585000,10340.000000271537,-3626367.807369575,-3087827.1936434023,300.93268737108014,50.3,23:50:16
2587500,10350.000000273574,-3628942.459977301,-3087107.6252304763,302.77347478668486,50.3,23:49:59
2590000,10360.000000275611,-3630589.5506824087,-3091603.5460768742,301.181568645474,50.3,23:49:42
2592500,10370.000000277649,-3626480.5959062297,-3088408.5276321284,300.67086748516334,50.3,23:49:25
2595000,10380.000000279686,-3627941.930488093,-3088663.8923733355,301.3447549056979,50.3,23:49:08
2597500,10390.000000281723,-3626610.210120341,-3086916.211398583,301.57719075197355,50.3,23:48:50
2600000,10400.00000028376,-3629367.316159494,-3091125.7604455166,300.76557586825976,50.3,23:48:33
