#################################################################
# If you used AutoDock Vina in your work, please cite:          #
#                                                               #
# O. Trott, A. J. Olson,                                        #
# AutoDock Vina: improving the speed and accuracy of docking    #
# with a new scoring function, efficient optimization and       #
# multithreading, Journal of Computational Chemistry 31 (2010)  #
# 455-461                                                       #
#                                                               #
# DOI 10.1002/jcc.21334                                         #
#                                                               #
# Please see http://vina.scripps.edu for more information.      #
#################################################################

Reading input ... done.
Setting up the scoring function ... done.
Analyzing the binding site ... done.
Using random seed: 2
Performing search ... done.
Refining results ... done.

mode |   affinity | dist from best mode
     | (kcal/mol) | rmsd l.b.| rmsd u.b.
-----+------------+----------+----------
   1         -6.2      0.000      0.000
   2         -6.0      5.029      6.616
   3         -6.0      3.650      5.352
   4         -5.9      2.715      3.851
   5         -5.7      5.058      6.271
   6         -5.7      2.971      5.137
   7         -5.7      4.349      5.769
   8         -5.6      4.551      5.948
   9         -5.6      3.392      4.687
Writing output ... done.
