#"Step","Time (ps)","Potential Energy (kJ/mole)","Total Energy (kJ/mole)","Temperature (K)","Speed (ns/day)","Time Remaining"
102500,410.0000000005015,-3627478.088269895,-3087491.6672119196,301.7518099491505,0,--
105000,420.0000000005492,-3625345.0150166806,-3089137.829525874,299.6399213383536,52,4:25:18
107500,430.00000000059697,-3627162.4808834773,-3088367.904829122,301.085790632745,52.3,4:23:15
110000,440.0000000006447,-3627026.574867483,-3086371.371377738,302.12553473440215,52.4,4:22:56
112500,450.00000000069247,-3630987.411347626,-3091993.246165275,301.19732377185784,52.4,4:22:34
115000,460.0000000007402,-3628541.8997705933,-3090121.516938232,300.87668633381446,52.4,4:22:08
117500,470.00000000078796,-3626961.4988568164,-3086711.459133892,301.8991236707233,52.4,4:21:48
120000,480.0000000008357,-3629831.201553909,-3088800.053072434,302.3356179462609,52.4,4:21:40
122500,490.00000000088346,-3627930.6896340325,-3089312.085579494,300.98745506841556,52.3,4:21:35
125000,500.0000000009312,-3629740.4915073495,-3092523.440014627,300.20424829547807,52.3,4:21:35
127500,510.00000000097896,-3628540.9492285866,-3090792.2426297683,300.50134445248665,52.3,4:21:18
130000,520.0000000010267,-3631788.114911033,-3092457.778241151,301.3851810046696,52.3,4:21:04
132500,530.0000000010745,-3626364.23663524,-3088281.7520457013,300.68786416648913,52.3,4:20:47
135000,540.0000000011222,-3625992.3552854676,-3088378.6071822974,300.42592779617513,52.3,4:20:29
137500,550.00000000117,-3627680.043994574,-3087940.9758625235,301.61358574538644,52.3,4:20:08
140000,560.0000000012177,-3630136.119572103,-3092008.9442319716,300.71283797018776,52.3,4:19:55
142500,570.0000000012654,-3626064.5411202367,-3087962.292794071,300.69890841328134,52.3,4:19:39
145000,580.0000000013132,-3633914.464474378,-3094961.528586293,301.1742842773772,52.3,4:19:28
147500,590.000000001361,-3629782.80734089,-3092094.0802558498,300.4678270784629,52.3,4:19:12
150000,600.0000000014087,-3627973.51619084,-3087970.4259816096,301.76112489924066,52.3,4:18:54
152500,610.0000000014564,-3629461.8868010696,-3091210.2586036194,300.78238393187286,52.3,4:18:35
155000,620.0000000015042,-3629895.0486597884,-3091669.9887577863,300.7675372043885,52.3,4:18:19
157500,630.0000000015519,-3629354.2218951285,-3089625.2979896273,301.607917012614,52.3,4:18:08
160000,640.0000000015997,-3625958.686190907,-3087621.587514422,300.8301460065107,52.3,4:17:52
162500,650.0000000016474,-3629989.10322736,-3090037.98204059,301.73208389750965,52.3,4:17:33
165000,660.0000000016952,-3627099.395820653,-3087683.7331627724,301.4328623357369,52.3,4:17:16
167500,670.0000000017429,-3631616.6219353154,-3093441.892595781,300.7394117965482,52.3,4:16:59
170000,680.0000000017907,-3627577.942077471,-3087110.696837081,302.02050108961777,52.3,4:16:42
172500,690.0000000018384,-3630951.110742422,-3091163.497713043,301.64071329908325,52.3,4:16:25
175000,700.0000000018862,-3628619.9317311123,-3089065.3026866484,301.5105186564113,52.3,4:16:10
177500,710.0000000019339,-3630699.2795251478,-3093169.1374613643,300.3792075959558,52.3,4:15:53
180000,720.0000000019817,-3623875.2748208325,-3086176.8172016675,300.4732646342408,52.3,4:15:35
182500,730.0000000020294,-3627544.2664609402,-3088970.9399416465,300.9621533614144,52.3,4:15:18
185000,740.0000000020772,-3630222.824725209,-3091158.391209392,301.23659067928105,52.3,4:15:02
187500,750.0000000021249,-3632583.4686554614,-3094618.8506291104,300.62199871619777,52.3,4:14:46
190000,760.0000000021727,-3626968.7648702487,-3089629.4335898934,300.2725799160514,52.3,4:14:32
192500,770.0000000022204,-3630174.9655197784,-3093363.3947134586,299.9776601327947,52.3,4:14:16
195000,780.0000000022682,-3630476.321015101,-3092825.574685852,300.446602911787,52.3,4:14:00
197500,790.0000000023159,-3630020.4249815624,-3091887.860647771,300.7158494136746,52.3,4:13:46
200000,800.0000000023637,-3629227.9690939263,-3090653.1142230122,300.96300742523846,52.3,4:13:29
202500,810.0000000024114,-3629541.6393859945,-3092245.4626097106,300.2484645879556,52.3,4:13:12
205000,820.0000000024592,-3631981.4382714983,-3094917.1742615243,300.118868556916,52.3,4:12:56
207500,830.0000000025069,-3626602.367371915,-3088519.8001981108,300.6879103157081,52.3,4:12:40
210000,840.0000000025547,-3625767.1692601442,-3085432.978061362,301.9461486683152,52.3,4:12:23
212500,850.0000000026024,-3629411.63599021,-3091135.8452090123,300.79588631470034,52.3,4:12:07
215000,860.0000000026502,-3626063.02596201,-3086111.4716724474,301.7323259212836,52.3,4:11:52
217500,870.0000000026979,-3627709.874133328,-3087556.7474534176,301.8449673345697,52.3,4:11:35
220000,880.0000000027457,-3631851.7426328585,-3090824.267729613,302.3335651004177,52.3,4:11:18
222500,890.0000000027934,-3627674.144997012,-3089838.753021123,300.54978542879115,52.3,4:11:02
225000,900.0000000028411,-3629173.089145338,-3089945.533085905,301.3277457914472,52.3,4:10:46
227500,910.0000000028889,-3627988.895481752,-3090449.561490362,300.3843441710325,52.3,4:10:29
230000,920.0000000029366,-3632781.1864310205,-3093296.927286231,301.4711949923995,52.3,4:10:13
232500,930.0000000029844,-3631507.5560570117,-3092812.6471458105,301.0300952677018,52.3,4:09:55
235000,940.0000000030321,-3628935.954289213,-3089535.1973700887,301.4245328047096,52.3,4:09:40
237500,950.0000000030799,-3627250.4489338994,-3090410.32635378,299.99361525515593,52.2,4:09:25
240000,960.0000000031276,-3628890.4870327916,-3089643.019773939,301.33887244246796,52.2,4:09:10
242500,970.0000000031754,-3624982.114708796,-3086869.993660191,300.7044254258379,52.2,4:08:54
245000,980.0000000032231,-3629086.687766105,-3091715.4545153663,300.2904071741613,52.2,4:08:36
247500,990.0000000032709,-3627748.0013797265,-3089188.8812399763,300.9542146418969,52.2,4:08:22
250000,1000.0000000033186,-3629070.8927661628,-3088275.110839119,302.2040918911018,52.2,4:08:06
252500,1010.0000000033664,-3627295.293372685,-3088673.479043479,300.9892490138809,52.2,4:07:49
255000,1020.0000000034141,-3626330.8480449524,-3085082.3058742937,302.45710051808936,52.2,4:07:33
257500,1030.0000000032912,-3628179.5734669566,-3090974.0112921284,300.19782790723417,52.2,4:07:17
260000,1040.0000000030548,-3628878.2112126127,-3089365.8836368094,301.48688001619,52.2,4:07:00
262500,1050.0000000028183,-3630380.72432553,-3090980.7205668557,301.42411192833197,52.2,4:06:44
265000,1060.0000000025818,-3628577.983783027,-3090602.1966585256,300.6282401612618,52.2,4:06:27
267500,1070.0000000023454,-3629055.465179596,-3092213.8508607293,299.99444885920485,52.2,4:06:11
270000,1080.000000002109,-3628510.2366024386,-3090275.941529924,300.7726979441933,52.2,4:05:56
272500,1090.0000000018724,-3627055.7064379696,-3088918.9472907623,300.71819353288066,52.2,4:05:39
275000,1100.000000001636,-3629494.6909541916,-3090599.2527123718,301.1421538049214,52.2,4:05:23
277500,1110.0000000013995,-3630022.5100684296,-3091318.7455308624,301.0350439130382,52.2,4:05:07
280000,1120.000000001163,-3628471.9064279627,-3088714.261280859,301.6239668359051,52.2,4:04:51
282500,1130.0000000009265,-3626196.317806741,-3087269.837382338,301.15950060182945,52.2,4:04:34
285000,1140.00000000069,-3628495.2474184446,-3089612.928614639,301.13482248322134,52.2,4:04:16
287500,1150.0000000004536,-3627160.350416584,-3087669.012538798,301.47515068537706,52.2,4:04:00
290000,1160.0000000002171,-3629689.9808053207,-3089312.9998757895,301.9700601560808,52.2,4:03:46
292500,1169.9999999999807,-3626792.104119161,-3086680.948513019,301.8215133235407,52.2,4:03:30
295000,1179.9999999997442,-3629944.9747501295,-3091970.8650440997,300.62730279683905,52.2,4:03:15
297500,1189.9999999995077,-3632168.2413755096,-3094418.0140254563,300.50219426911127,52.2,4:03:00
300000,1199.9999999992713,-3629022.5982350837,-3090386.806041753,300.99706003585186,52.2,4:02:45
302500,1209.9999999990348,-3627324.462905232,-3089228.558455883,300.6953633680044,52.2,4:02:28
305000,1219.9999999987983,-3629035.0879224855,-3091492.8801442403,300.38595008249837,52.2,4:02:11
307500,1229.9999999985619,-3629059.989044644,-3090554.260585806,300.92437863913244,52.2,4:01:55
310000,1239.9999999983254,-3624975.414485799,-3086627.310528312,300.836295908308,52.2,4:01:39
312500,1249.999999998089,-3630819.901425671,-3091817.3617725866,301.2020035408347,52.2,4:01:22
315000,1259.9999999978525,-3626453.8752736337,-3088839.1721934658,300.4264614504046,52.2,4:01:06
317500,1269.999999997616,-3626189.3676549196,-3086889.9893285343,301.3678810581915,52.2,4:00:50
320000,1279.9999999973795,-3626357.337400906,-3088703.8433580315,300.44813837180476,52.2,4:00:34
322500,1289.999999997143,-3628148.2138876785,-3090567.967942616,300.40720633124204,52.2,4:00:17
325000,1299.9999999969066,-3628022.8744391464,-3089927.2486452335,300.69520765152924,52.2,4:00:00
327500,1309.99999999667,-3629540.7815036867,-3091461.75350176,300.68593257797636,52.2,3:59:45
330000,1319.9999999964336,-3627285.8295765463,-3089656.268933098,300.43476406031596,52.2,3:59:29
332500,1329.9999999961972,-3623963.46843455,-3084363.578383101,301.53581112719445,52.2,3:59:12
335000,1339.9999999959607,-3628435.140523864,-3090916.620616649,300.37271297564064,52.2,3:58:56
337500,1349.9999999957242,-3626410.271796372,-3086919.0458002556,301.47508816436715,52.2,3:58:41
340000,1359.9999999954878,-3631060.0971908905,-3092249.4662009813,301.09476235068684,52.2,3:58:24
342500,1369.9999999952513,-3627624.400265353,-3090074.7976239305,300.39008243335167,52.2,3:58:07
345000,1379.9999999950148,-3626847.144114604,-3087889.8260333743,301.176733106943,52.2,3:57:51
347500,1389.9999999947784,-3627922.450389484,-3087888.6030920167,301.7783123815223,52.2,3:57:34
350000,1399.999999994542,-3624183.7242722493,-3086233.1330585107,300.61416034114126,52.2,3:57:18
352500,1409.9999999943054,-3629630.904281603,-3088782.00310554,302.23377565519246,52.2,3:57:01
355000,1419.999999994069,-3627735.6623900756,-3088688.835450935,301.2267518830226,52.2,3:56:44
357500,1429.9999999938325,-3630025.0021407567,-3090799.4749234933,301.32661204664754,52.2,3:56:27
360000,1439.999999993596,-3628093.9415986165,-3090633.722526705,300.34013367014654,52.2,3:56:10
362500,1449.9999999933596,-3628057.2296175715,-3089744.3539749477,300.8166098433312,52.2,3:55:53
365000,1459.999999993123,-3625972.5490857456,-3086509.776271574,301.45918813648524,52.2,3:55:36
367500,1469.9999999928866,-3628783.6114585157,-3092118.4196860716,299.8958615232593,52.2,3:55:20
370000,1479.9999999926501,-3628527.97729587,-3089853.4765809043,301.0186908880514,52.2,3:55:03
372500,1489.9999999924137,-3626913.687632289,-3086539.535357701,301.9684794649456,52.2,3:54:46
375000,1499.9999999921772,-3631060.0442043394,-3093277.1976357317,300.52042233532546,52.2,3:54:29
377500,1509.9999999919407,-3625690.9178448375,-3088057.7061441997,300.43680432109295,52.2,3:54:14
380000,1519.9999999917043,-3629363.3449453246,-3089613.2211369076,301.61976380880395,52.2,3:53:57
382500,1529.9999999914678,-3628512.3698192164,-3090073.3792734896,300.8870845789706,52.2,3:53:40
385000,1539.9999999912313,-3626316.3389809504,-3087943.4128123256,300.8501668999581,52.2,3:53:23
387500,1549.9999999909949,-3630455.86364948,-3089183.212902031,302.4705727210897,52.2,3:53:06
390000,1559.9999999907584,-3626604.976092646,-3089440.001154109,300.17514720354586,52.2,3:52:49
392500,1569.999999990522,-3629372.515061777,-3088871.827350181,302.0391892006926,52.2,3:52:32
395000,1579.9999999902855,-3630377.1324855573,-3091918.761655748,300.8979145472274,52.2,3:52:15
397500,1589.999999990049,-3629350.838320492,-3088388.8020115034,302.2969971174322,52.2,3:51:59
400000,1599.9999999898125,-3628738.5229111575,-3090349.397816757,300.85921908160805,52.2,3:51:43
402500,1609.999999989576,-3628223.670561226,-3086168.91923918,302.9076212370216,52.2,3:51:26
405000,1619.9999999893396,-3630277.117796667,-3091602.367563171,301.0188303224246,52.2,3:51:09
407500,1629.9999999891031,-3628997.245051259,-3091049.370408874,300.6126422838516,52.2,3:50:52
410000,1639.9999999888666,-3628999.192735987,-3090294.9064306514,301.0353354840154,52.2,3:50:35
412500,1649.9999999886302,-3629297.2531305347,-3089788.048575043,301.48513482965404,52.2,3:50:18
415000,1659.9999999883937,-3627677.286010148,-3089525.9083989807,300.72636253081595,52.2,3:50:02
417500,1669.9999999881572,-3628737.0585560612,-3091549.8214854756,300.1875875879276,52.2,3:49:45
420000,1679.9999999879208,-3625560.4678574987,-3088685.5748901865,300.01304542387663,52.2,3:49:28
422500,1689.9999999876843,-3626200.8012943473,-3088110.0271477615,300.6924964845349,52.2,3:49:12
425000,1699.9999999874478,-3630023.3936954234,-3090670.710996708,301.3976682717242,52.2,3:48:55
427500,1709.9999999872114,-3626091.0172271226,-3086816.6812422588,301.353887054667,52.2,3:48:39
430000,1719.999999986975,-3628598.9030782282,-3090230.1906362073,300.84781221180333,52.2,3:48:22
432500,1729.9999999867384,-3627462.09896343,-3088778.9374376247,301.0235306678027,52.2,3:48:05
435000,1739.999999986502,-3631465.4466595408,-3092086.958394234,301.4120887758741,52.2,3:47:48
437500,1749.9999999862655,-3629121.0969603006,-3089876.976141991,301.33700240564616,52.2,3:47:32
440000,1759.999999986029,-3631563.806200672,-3093745.0110458396,300.54051089780677,52.2,3:47:15
442500,1769.9999999857926,-3628359.157951588,-3090200.00889681,300.7307053199749,52.2,3:46:58
445000,1779.999999985556,-3627439.482997764,-3088452.938931817,301.19306498760125,52.2,3:46:41
447500,1789.9999999853196,-3628790.7680342514,-3089826.335964462,301.1807085012124,52.2,3:46:24
450000,1799.9999999850832,-3626691.0285324156,-3088923.3439057674,300.5119496344386,52.2,3:46:09
452500,1809.9999999848467,-3625733.630724063,-3086133.3813424814,301.53601192579555,52.2,3:45:52
455000,1819.9999999846102,-3630432.8963121492,-3091806.179164294,300.99198877611104,52.2,3:45:35
457500,1829.9999999843737,-3627580.8016048428,-3089658.3544231053,300.59843307048334,52.2,3:45:18
460000,1839.9999999841373,-3629775.6806087196,-3092411.354300701,300.2865474799434,52.2,3:45:02
462500,1849.9999999839008,-3629919.863318421,-3091446.8669865928,300.90608747812627,52.2,3:44:45
465000,1859.9999999836643,-3625482.4554726016,-3087896.1425971603,300.4105966150552,52.2,3:44:28
467500,1869.9999999834279,-3630236.5865711384,-3092617.8693039515,300.42870463310555,52.2,3:44:11
470000,1879.9999999831914,-3631125.8737280704,-3092513.0861796155,300.9842047251293,52.2,3:43:54
472500,1889.999999982955,-3626949.6873452533,-3089251.9729470597,300.47284931217985,52.2,3:43:37
475000,1899.9999999827185,-3629343.2426098716,-3090077.186120149,301.34926035935223,52.2,3:43:21
477500,1909.999999982482,-3626939.192262428,-3089305.5517893103,300.43704392502883,52.2,3:43:04
480000,1919.9999999822455,-3627419.332540719,-3088039.995874278,301.412562874051,52.2,3:42:48
482500,1929.999999982009,-3632358.211920107,-3093398.963716463,301.17781168579074,52.2,3:42:31
485000,1939.9999999817726,-3625653.0544794556,-3086442.3068016735,301.31835303750427,52.2,3:42:14
487500,1949.9999999815361,-3627703.5926814266,-3089965.64290684,300.4953333917366,52.2,3:41:57
490000,1959.9999999812997,-3628760.5278866235,-3088086.758496981,302.1359096136193,52.2,3:41:41
492500,1969.9999999810632,-3630183.0287713446,-3091155.902320493,301.2157429802685,52.2,3:41:24
495000,1979.9999999808267,-3627916.609086532,-3089245.8308350677,301.01661072444887,52.2,3:41:07
497500,1989.9999999805902,-3629145.8269730415,-3090102.1465167804,301.2249935852828,52.2,3:40:50
500000,1999.9999999803538,-3629032.008790925,-3090258.9197114594,301.0737834168034,52.2,3:40:34
502500,2009.9999999801173,-3628797.6473993864,-3090503.5252057165,300.8061301591317,52.2,3:40:17
505000,2019.9999999798808,-3628839.718695596,-3090565.591113626,300.7949568961858,52.2,3:40:01
507500,2029.9999999796444,-3628668.362652218,-3091306.4334663604,300.2852079352392,52.2,3:39:44
510000,2039.999999979408,-3628320.2808764894,-3089062.9491088195,301.34438486513994,52.2,3:39:27
512500,2049.9999999791717,-3629056.447175538,-3089120.4128906624,301.72365313003934,52.2,3:39:11
515000,2059.999999978935,-3627014.9160567634,-3090793.1159157166,299.64808820512974,52.2,3:38:55
517500,2069.9999999786987,-3628562.9082828723,-3089669.747799816,301.1408809621186,52.2,3:38:38
520000,2079.9999999784623,-3631094.0548590105,-3092888.1471719895,300.75683468426985,52.2,3:38:22
522500,2089.999999978226,-3628148.343499005,-3088899.2914929045,301.33975802094136,52.2,3:38:05
525000,2099.9999999779893,-3630073.6846941505,-3091323.972106294,301.0607203130322,52.2,3:37:48
527500,2109.999999977753,-3625519.4614544287,-3085329.6516032815,301.86546639321966,52.2,3:37:32
530000,2119.9999999775164,-3628159.3823065013,-3088934.409760578,301.3263020887035,52.2,3:37:15
532500,2129.99999997728,-3627134.6835949384,-3089520.160077207,300.4263611084551,52.2,3:36:58
535000,2139.9999999770434,-3629070.707199592,-3091266.177097215,300.5325393910623,52.2,3:36:41
537500,2149.999999976807,-3630886.968644455,-3092944.333140306,300.6097145816285,52.2,3:36:24
540000,2159.9999999765705,-3633373.0917954464,-3096303.1629791046,300.1220341283228,52.2,3:36:07
542500,2169.999999976334,-3628248.3758362327,-3090047.6163802515,300.75395778223356,52.2,3:35:51
545000,2179.9999999760976,-3626412.372588763,-3086931.1871128,301.4694773841498,52.2,3:35:34
547500,2189.999999975861,-3627267.110239424,-3088970.408404352,300.8075716980883,52.2,3:35:18
550000,2199.9999999756246,-3628470.266165221,-3089228.7907181312,301.3355241359666,52.2,3:35:01
552500,2209.999999975388,-3630633.5224138293,-3089693.557098067,302.28466354404304,52.2,3:34:45
555000,2219.9999999751517,-3628625.5025371965,-3090721.184570826,300.5883022165642,52.2,3:34:28
557500,2229.999999974915,-3629410.17034073,-3092283.7181151053,300.15362018380574,52.2,3:34:12
560000,2239.9999999746788,-3633194.567124931,-3094821.7666563014,300.8500966570786,52.2,3:33:55
562500,2249.9999999744423,-3630508.458047781,-3093394.001457718,300.14691685831275,52.2,3:33:38
565000,2259.999999974206,-3626687.981453929,-3089140.458098525,300.3889204998382,52.2,3:33:21
567500,2269.9999999739694,-3628433.5380534437,-3089813.5046240496,300.98825382266733,52.2,3:33:05
570000,2279.999999973733,-3627578.704427803,-3087998.382281194,301.5248763138878,52.2,3:32:48
572500,2289.9999999734964,-3626430.233897943,-3086578.346444425,301.67663072785723,52.2,3:32:31
575000,2299.99999997326,-3627521.015973663,-3089807.2282618936,300.4818313000118,52.2,3:32:15
577500,2309.9999999730235,-3628409.703540655,-3091512.048180037,300.0257653611024,52.2,3:31:58
580000,2319.999999972787,-3627061.1137118787,-3089377.523202469,300.4649566896288,52.2,3:31:41
582500,2329.9999999725505,-3628401.619924929,-3090416.5604276555,300.63342169019927,52.2,3:31:25
585000,2339.999999972314,-3627719.837711705,-3088260.484815168,301.45727703965804,52.2,3:31:08
587500,2349.9999999720776,-3627411.8942945916,-3090171.8484444227,300.2170978574439,52.2,3:30:52
590000,2359.999999971841,-3626758.0503655225,-3089061.959213416,300.4719422200277,52.2,3:30:35
592500,2369.9999999716047,-3628241.2174655944,-3086545.976032804,302.70672218558803,52.2,3:30:19
595000,2379.999999971368,-3632783.8422209546,-3095039.405222358,300.4989585413888,52.2,3:30:02
597500,2389.9999999711317,-3631654.0448283143,-3092616.075364423,301.2218022045054,52.2,3:29:46
600000,2399.9999999708953,-3626654.147797521,-3087889.2097470416,301.06922851013616,52.2,3:29:30
602500,2409.999999970659,-3629375.033134874,-3091908.900981254,300.34343798121483,52.2,3:29:14
605000,2419.9999999704223,-3623525.8343319204,-3084850.865162958,301.0189526665627,52.2,3:28:57
607500,2429.999999970186,-3628595.858924413,-3089815.7912009843,301.07768317865794,52.2,3:28:40
610000,2439.9999999699494,-3626292.04614163,-3088150.37366955,300.7209391661327,52.2,3:28:24
612500,2449.999999969713,-3628941.2599835135,-3090829.1560004274,300.7044158893919,52.2,3:28:08
615000,2459.9999999694764,-3628130.0090986565,-3088258.2947526877,301.6877102669892,52.2,3:27:52
617500,2469.99999996924,-3627844.518576646,-3089764.430149817,300.6865251579395,52.2,3:27:35
620000,2479.9999999690035,-3625105.6540243477,-3086155.487797745,301.1727365525962,52.2,3:27:19
622500,2489.999999968767,-3628476.7820666023,-3089223.344990586,301.34220845808613,52.2,3:27:02
625000,2499.9999999685306,-3627469.323398864,-3085841.2139404155,302.66920791861185,52.2,3:26:46
627500,2509.999999968294,-3630798.168204015,-3092535.5491137113,300.7885257933754,52.2,3:26:29
630000,2519.9999999680576,-3628846.4282074906,-3090280.181904224,300.95819683969887,52.2,3:26:13
632500,2529.999999967821,-3627860.5224339534,-3088154.308321258,301.5952264692681,52.2,3:25:57
635000,2539.9999999675847,-3626633.1273846664,-3088176.1249884125,300.89714984780915,52.2,3:25:41
637500,2549.9999999673482,-3631010.0638061315,-3090798.6995082283,301.8775113133647,52.2,3:25:24
640000,2559.9999999671118,-3629020.234964462,-3089734.271074157,301.3603848875309,52.2,3:25:08
642500,2569.9999999668753,-3629234.3417152166,-3088739.9142804276,302.0356908722465,52.2,3:24:51
645000,2579.999999966639,-3627175.77011762,-3088515.261979239,301.01087164455646,52.2,3:24:35
647500,2589.9999999664024,-3627043.420163814,-3087097.876754701,301.72896695893866,52.2,3:24:19
650000,2599.999999966166,-3629196.418125471,-3091122.5135424836,300.68306954128155,52.2,3:24:03
652500,2609.9999999659294,-3627107.1566158943,-3087534.7318094866,301.5204631719892,52.2,3:23:46
655000,2619.999999965693,-3629437.9334334955,-3091081.1815691525,300.8411284771361,52.2,3:23:30
657500,2629.9999999654565,-3630199.5832857825,-3093595.675078732,299.861615427327,52.2,3:23:13
660000,2639.99999996522,-3625430.33170937,-3087179.8668806013,300.7817338255154,52.2,3:22:57
662500,2649.9999999649835,-3626894.722888967,-3087877.9087270256,301.2099803319462,52.2,3:22:41
665000,2659.999999964747,-3627016.518530121,-3086962.7316796365,301.78945487692204,52.2,3:22:24
667500,2669.9999999645106,-3629336.1587754544,-3088146.7832196592,302.4240374031157,52.2,3:22:08
670000,2679.999999964274,-3631372.233118931,-3094663.85908049,299.91999236509906,52.2,3:21:52
672500,2689.9999999640377,-3628297.2180533297,-3088907.4041853165,301.4184176778282,52.2,3:21:35
675000,2699.999999963801,-3628096.774954768,-3088168.8195083374,301.71913856443535,52.2,3:21:19
677500,2709.9999999635647,-3630208.845057739,-3089519.958790234,302.14435713207155,52.2,3:21:03
680000,2719.9999999633283,-3628776.1231668424,-3089502.6238590525,301.35341950805537,52.2,3:20:46
682500,2729.999999963092,-3630479.431407964,-3092379.4606011203,300.69763570428205,52.2,3:20:30
685000,2739.9999999628553,-3627602.362756241,-3087354.811805761,301.897732910585,52.2,3:20:14
687500,2749.999999962619,-3630096.657269867,-3092379.032707446,300.48397538472136,52.2,3:19:57
690000,2759.9999999623824,-3625317.8476321064,-3085253.5233421503,301.7953433424627,52.2,3:19:41
692500,2769.999999962146,-3628129.1700720247,-3090125.977690368,300.64355459441464,52.2,3:19:25
695000,2779.9999999619095,-3628613.2383012213,-3090483.648198585,300.714187372558,52.2,3:19:08
697500,2789.999999961673,-3630070.013416264,-3091336.5351385158,301.0516483581322,52.2,3:18:52
700000,2799.9999999614365,-3627282.5943535697,-3089423.8389757434,300.5628412178742,52.2,3:18:36
702500,2809.9999999612,-3628203.952655522,-3087410.437456748,302.2028252122904,52.2,3:18:19
705000,2819.9999999609636,-3627506.2722674888,-3088540.549096833,301.1814299860647,52.2,3:18:04
707500,2829.999999960727,-3628871.5306323413,-3090342.589138557,300.9373504010808,52.2,3:17:47
710000,2839.9999999604906,-3627503.418307934,-3089463.6650716607,300.66398530086127,52.2,3:17:30
712500,2849.999999960254,-3629124.6667653844,-3089263.2622155705,301.68194901165253,52.2,3:17:14
715000,2859.9999999600177,-3631087.422026133,-3093072.713627707,300.64998990235574,52.2,3:16:58
717500,2869.9999999597812,-3629211.369175529,-3088868.3648539195,301.9510735620917,52.2,3:16:41
720000,2879.9999999595448,-3630096.441078972,-3092521.550161477,300.4042138684728,52.2,3:16:25
722500,2889.9999999593083,-3628194.9476475567,-3089081.804371799,301.26381036046405,52.2,3:16:09
725000,2899.999999959072,-3630465.5261097383,-3090582.9190338748,301.69379727368556,52.2,3:15:52
727500,2909.9999999588354,-3628413.5082752407,-3089061.4868583665,301.3972987383717,52.2,3:15:36
730000,2919.999999958599,-3626603.205854751,-3088857.670208404,300.4995724808037,52.2,3:15:19
732500,2929.9999999583624,-3625775.181769613,-3085598.4670409923,301.8581486593475,52.2,3:15:03
735000,2939.999999958126,-3628178.5789885763,-3088826.549101854,301.3973034714388,52.2,3:14:47
737500,2949.9999999578895,-3630282.6911410037,-3091524.7596024247,301.0653131752963,52.2,3:14:30
740000,2959.999999957653,-3630420.569565449,-3090589.0380531424,301.6652555490303,52.2,3:14:14
742500,2969.9999999574165,-3628936.01967242,-3088938.253777319,301.7581495995615,52.2,3:13:57
745000,2979.99999995718,-3627452.778494017,-3086687.5845804033,302.1869988901386,52.2,3:13:41
747500,2989.9999999569436,-3627850.6817894876,-3091109.0418692525,299.93858179559135,52.2,3:13:24
750000,2999.999999956707,-3627044.334956292,-3089184.022769561,300.56371118401876,52.2,3:13:08
752500,3009.9999999564707,-3627498.8532398194,-3088400.4717579316,301.2555612678116,52.2,3:12:51
755000,3019.999999956234,-3629399.0189238433,-3088646.360641945,302.1799938073965,52.2,3:12:35
757500,3029.9999999559977,-3630101.0013306085,-3090671.0659035854,301.44083815467195,52.2,3:12:18
760000,3039.9999999557613,-3629424.925879635,-3090098.073305496,301.383234044236,52.2,3:12:02
762500,3049.999999955525,-3627252.553325843,-3087924.3008889677,301.3840163067114,52.2,3:11:45
765000,3059.9999999552883,-3633192.99604013,-3093638.0383301433,301.5107023192083,52.2,3:11:29
767500,3069.999999955052,-3627052.2648005933,-3086291.5558180595,302.1844926492071,52.2,3:11:12
770000,3079.9999999548154,-3628879.5420357045,-3090153.9825574746,301.0472232244731,52.2,3:10:56
772500,3089.999999954579,-3628161.375135189,-3089698.959089973,300.90017506901637,52.2,3:10:39
775000,3099.9999999543425,-3629766.3881487492,-3091914.3359047016,300.5590954148852,52.2,3:10:23
777500,3109.999999954106,-3628880.6569638755,-3088649.335703744,301.8886635372699,52.2,3:10:07
780000,3119.9999999538695,-3628412.5834275577,-3087880.1001604125,302.0569569927356,52.2,3:09:50
782500,3129.999999953633,-3625898.2930751257,-3086628.0125964833,301.3516207822298,52.2,3:09:34
785000,3139.9999999533966,-3628057.0605777316,-3089319.376526301,301.0539986020856,52.2,3:09:18
787500,3149.99999995316,-3633338.828629991,-3094854.1674457155,300.9126059574834,52.2,3:09:01
790000,3159.9999999529236,-3627911.1265726686,-3088185.968575988,301.60581257117184,52.2,3:08:45
792500,3169.999999952687,-3626638.5731774997,-3086958.680159243,301.5805178810946,52.2,3:08:28
795000,3179.9999999524507,-3627980.6549849883,-3090389.724505674,300.413176995361,52.2,3:08:12
797500,3189.9999999522142,-3630701.891082963,-3091752.725212383,301.1721775399457,52.2,3:07:55
800000,3199.9999999519778,-3625036.266380796,-3085576.5896249693,301.45745801666624,52.2,3:07:39
802500,3209.9999999517413,-3628965.4187416136,-3088137.0734163187,302.22228876416597,52.2,3:07:23
805000,3219.999999951505,-3628152.39205404,-3089568.53293228,300.96803912397013,52.2,3:07:06
807500,3229.9999999512684,-3629724.4108932596,-3090991.2324999026,301.05148077862594,52.2,3:06:50
810000,3239.999999951032,-3628921.142843688,-3089422.926299924,301.47899457816385,52.2,3:06:34
812500,3249.9999999507954,-3630761.784879977,-3091394.623053544,301.40575940665786,52.2,3:06:17
815000,3259.999999950559,-3627068.594132213,-3088744.4994420167,300.8228792008165,52.2,3:06:01
817500,3269.9999999503225,-3629098.9019686487,-3091621.294057874,300.34985079153165,52.2,3:05:45
820000,3279.999999950086,-3626992.5798381623,-3090085.265024298,300.0311631959123,52.2,3:05:29
822500,3289.9999999498496,-3626313.141001003,-3088134.4481242164,300.74162667546545,52.2,3:05:12
825000,3299.999999949613,-3629452.389722217,-3091030.434288089,300.8775651252265,52.2,3:04:56
827500,3309.9999999493766,-3628756.154527113,-3091152.7237393316,300.4201623389877,52.2,3:04:39
830000,3319.99999994914,-3629207.2810453866,-3090727.5058371527,300.90987560713285,52.2,3:04:23
832500,3329.9999999489037,-3632362.5344988704,-3092249.307092863,301.82267107368904,52.2,3:04:06
835000,3339.999999948667,-3627342.676998617,-3090127.710806666,300.20308300083815,52.2,3:03:50
837500,3349.9999999484307,-3631043.4926618487,-3090048.364419637,302.31548934307995,52.2,3:03:33
840000,3359.9999999481943,-3628875.421947548,-3089803.7456016038,301.24063807198394,52.2,3:03:17
842500,3369.999999947958,-3628282.8593297694,-3091436.5007186197,299.9971000347299,52.2,3:03:00
845000,3379.9999999477213,-3627662.702074893,-3088524.298220242,301.2779263180218,52.2,3:02:44
847500,3389.999999947485,-3628899.594327396,-3090399.306361077,300.9213384173775,52.2,3:02:28
850000,3399.9999999472484,-3626317.010790577,-3086434.638143368,301.6936662717418,52.2,3:02:11
852500,3409.999999947012,-3628639.156757243,-3090897.2987105157,300.49751738775234,52.2,3:01:55
855000,3419.9999999467755,-3624760.505354736,-3084376.720669302,301.97386218809146,52.2,3:01:39
857500,3429.999999946539,-3631601.7122535612,-3094044.4732314823,300.3943497474817,52.2,3:01:23
860000,3439.9999999463025,-3629595.673385678,-3091012.4313212503,300.9676943038793,52.2,3:01:06
862500,3449.999999946066,-3627498.2780144196,-3088843.035393337,301.00792920135206,52.2,3:00:50
865000,3459.9999999458296,-3626741.8388787545,-3088252.4389742143,300.9152540192882,52.2,3:00:34
867500,3469.999999945593,-3628042.4459642917,-3089450.1868018815,300.9727331817667,52.2,3:00:17
870000,3479.9999999453566,-3628577.666097451,-3089615.6567303305,301.17935466176954,52.2,3:00:01
872500,3489.99999994512,-3625735.531222727,-3088603.6217086427,300.1566697913625,52.2,2:59:44
875000,3499.9999999448837,-3625545.2468363103,-3088455.714705269,300.13298872914413,52.2,2:59:28
877500,3509.9999999446472,-3628568.0404302776,-3088075.6419395274,302.034557070521,52.2,2:59:12
880000,3519.999999944411,-3626997.539185565,-3086723.7244112566,301.91240949515674,52.1,2:58:55
882500,3529.9999999441743,-3629173.1563740093,-3090232.7545349137,301.1672800790844,52.1,2:58:39
885000,3539.999999943938,-3627227.2665951457,-3087130.3118408574,301.8135776929716,52.1,2:58:23
887500,3549.9999999437014,-3627635.8241714295,-3088446.70040307,301.30626930066956,52.1,2:58:06
890000,3559.999999943465,-3628915.6987577677,-3088440.025728503,302.0252106535026,52.1,2:57:50
892500,3569.9999999432284,-3628854.456692571,-3089915.5498674163,301.1664446448123,52.1,2:57:33
895000,3579.999999942992,-3629393.029029643,-3088544.6565778884,302.2334801968052,52.1,2:57:17
897500,3589.9999999427555,-3628814.9678332116,-3091027.80146975,300.5228362958716,52.1,2:57:01
900000,3599.999999942519,-3626275.086653106,-3087608.6311436063,301.01419511701687,52.1,2:56:44
902500,3609.9999999422826,-3629376.7187195383,-3090876.051811622,300.92155017513375,52.1,2:56:28
905000,3619.999999942046,-3629511.248732904,-3089806.5331493756,301.5943890706394,52.1,2:56:12
907500,3629.9999999418096,-3630577.520932704,-3091454.5144861415,301.2693220354361,52.1,2:55:55
910000,3639.999999941573,-3631242.5910912976,-3090100.978198327,302.39734697277646,52.1,2:55:39
912500,3649.9999999413367,-3628672.2480017133,-3090248.647858502,300.87848421119503,52.1,2:55:22
915000,3659.9999999411,-3633834.717169063,-3097396.920648937,299.7687899409287,52.1,2:55:06
917500,3669.9999999408637,-3629820.816082984,-3091847.6401862046,300.62678097143663,52.1,2:54:50
920000,3679.9999999406273,-3629426.495429948,-3090827.606768893,300.97643783643423,52.1,2:54:33
922500,3689.999999940391,-3627624.9141276665,-3088317.8609513515,301.37216986947834,52.1,2:54:17
925000,3699.9999999401543,-3629495.2817903217,-3090455.237661152,301.22296155588566,52.1,2:54:00
927500,3709.999999939918,-3631592.160065336,-3093100.677478945,300.9164178504396,52.1,2:53:44
930000,3719.9999999396814,-3628370.570636615,-3089079.1579571995,301.36342974553475,52.1,2:53:28
932500,3729.999999939445,-3625300.029387269,-3086837.732746831,300.90010834399084,52.1,2:53:11
935000,3739.9999999392085,-3629302.746081805,-3092770.031347831,299.82183153921494,52.1,2:52:55
937500,3749.999999938972,-3632722.464233605,-3093799.648272129,301.15745284974247,52.1,2:52:38
940000,3759.9999999387355,-3630628.1271964554,-3090972.0766211627,301.5671943973225,52.1,2:52:22
942500,3769.999999938499,-3623664.282371592,-3085339.717219179,300.82314210154846,52.1,2:52:05
945000,3779.9999999382626,-3627248.4554748386,-3089171.0566324606,300.6850221813008,52.1,2:51:49
947500,3789.999999938026,-3629685.651465038,-3089955.724183578,301.60847771284597,52.1,2:51:33
950000,3799.9999999377897,-3624948.5131501835,-3087619.0305597745,300.2670763331815,52.1,2:51:16
952500,3809.999999937553,-3629355.0725989733,-3089346.816932924,301.7640114272782,52.1,2:51:00
955000,3819.9999999373167,-3629927.2122817263,-3089073.6965499683,302.2363543321344,52.1,2:50:44
957500,3829.9999999370802,-3627303.7061127685,-3088968.5522424523,300.8290592221793,52.1,2:50:27
960000,3839.999999936844,-3629560.3076074757,-3090802.068806299,301.0654848778455,52.1,2:50:11
962500,3849.9999999366073,-3628360.1395862587,-3090790.106988756,300.40149897270163,52.1,2:49:54
965000,3859.999999936371,-3626661.785050111,-3087757.910220667,301.14686828566767,52.1,2:49:38
967500,3869.9999999361344,-3626051.018730907,-3088357.58015471,300.4704599242689,52.1,2:49:21
970000,3879.999999935898,-3627046.214826742,-3089018.8868231857,300.65704191059217,52.1,2:49:05
972500,3889.9999999356614,-3631069.5575268753,-3092096.4409182463,301.1855615404948,52.1,2:48:49
975000,3899.999999935425,-3629555.8821423873,-3092004.086245781,300.39130805439646,52.1,2:48:32
977500,3909.9999999351885,-3629327.4565639608,-3091383.792344371,300.61028944191065,52.1,2:48:16
980000,3919.999999934952,-3629978.1828984674,-3092749.8623447004,300.2105456011769,52.1,2:47:59
982500,3929.9999999347156,-3629374.2685811054,-3089707.9392776755,301.57293829142503,52.1,2:47:43
985000,3939.999999934479,-3627576.038865963,-3087819.5364848217,301.6233282426292,52.1,2:47:27
987500,3949.9999999342426,-3630374.975590473,-3092034.1696284865,300.8322176884389,52.1,2:47:10
990000,3959.999999934006,-3628318.9211760107,-3089347.5579296327,301.18458173764765,52.1,2:46:54
992500,3969.9999999337697,-3630675.7731665727,-3090278.121359619,301.9816113255775,52.1,2:46:37
995000,3979.999999933533,-3627362.797142355,-3087733.342210754,301.55233238726487,52.1,2:46:21
997500,3989.9999999332967,-3627723.286105493,-3089310.531461928,300.8724235974082,52.1,2:46:05
1000000,3999.9999999330603,-3627604.864937892,-3091165.0834740247,299.76989915468556,52.1,2:45:48
1002500,4009.999999932824,-3627774.167452868,-3088984.8686153754,301.0828416516641,52.1,2:45:32
1005000,4019.9999999325873,-3627876.123073615,-3089959.9541400564,300.5949246993885,52.1,2:45:15
1007500,4029.999999932351,-3626001.703279512,-3085588.1633329703,301.9904898356482,52.1,2:44:59
1010000,4039.9999999321144,-3625278.3172546234,-3084705.3667106656,302.0795706614234,52.1,2:44:43
1012500,4049.999999931878,-3627586.549140658,-3087856.511948006,301.60853913272615,52.1,2:44:26
1015000,4059.9999999316415,-3626027.5232809912,-3087387.6768304207,300.9993256103409,52.1,2:44:10
1017500,4069.999999931405,-3625976.0109963007,-3089842.8173314687,299.5985736923042,52.1,2:43:53
1020000,4079.9999999311685,-3629871.8456125613,-3090325.0883931885,301.50611977270574,52.1,2:43:37
1022500,4089.999999930932,-3629653.667612532,-3089595.9281619973,301.79166364398105,52.1,2:43:21
1025000,4099.999999930696,-3627722.666955732,-3088477.2803226216,301.3377097602983,52.1,2:43:04
1027500,4109.999999930459,-3625366.7466188576,-3087267.6225262294,300.6971625487784,52.1,2:42:48
1030000,4119.999999930223,-3628203.8489337415,-3089106.4906823263,301.2549894726052,52.1,2:42:31
1032500,4129.999999929986,-3625816.7463901937,-3086477.358076522,301.39023918722734,52.1,2:42:15
1035000,4139.99999992975,-3628064.978853021,-3090171.99326924,300.5819695259185,52.1,2:41:59
1037500,4149.999999929513,-3626939.036546018,-3087407.611590056,301.4975518938583,52.1,2:41:42
1040000,4159.999999929277,-3628883.5632184744,-3090418.566772404,300.9016170323657,52.1,2:41:26
1042500,4169.99999992904,-3627745.5270701386,-3091366.068019844,299.73619016355843,52.1,2:41:09
1045000,4179.999999928804,-3629985.636342028,-3090554.408031822,301.441560635507,52.1,2:40:53
1047500,4189.999999928567,-3628534.869402252,-3087247.9652286326,302.47853773090674,52.1,2:40:37
1050000,4199.999999928331,-3629029.825080361,-3092356.885788289,299.9001909433694,52.1,2:40:20
1052500,4209.999999928094,-3628493.175049603,-3090979.9582143202,300.36974954639237,52.1,2:40:04
1055000,4219.999999927858,-3631663.014320465,-3094746.9195618364,300.0360695493323,52.1,2:39:47
1057500,4229.9999999276215,-3627705.368483793,-3090398.067844969,300.25468075474095,52.1,2:39:31
1060000,4239.999999927385,-3627399.541439159,-3088714.102963015,301.0248030588461,52.1,2:39:14
1062500,4249.999999927149,-3626060.7939260267,-3087779.0176759325,300.7992310767213,52.1,2:38:58
1065000,4259.999999926912,-3626133.4629604723,-3087933.9661400993,300.7532522041575,52.1,2:38:41
1067500,4269.999999926676,-3626783.949784968,-3088334.4288343107,300.8929691135132,52.1,2:38:25
1070000,4279.999999926439,-3628875.074369926,-3090105.7380884066,301.07168630189744,52.1,2:38:09
1072500,4289.999999926203,-3627342.101106962,-3088552.5058810874,301.0830072775525,52.1,2:37:52
1075000,4299.999999925966,-3625345.098396536,-3086297.3172674775,301.2272850974214,52.1,2:37:36
1077500,4309.99999992573,-3629272.629106201,-3092154.9541258975,300.1487153388715,52.1,2:37:20
1080000,4319.999999925493,-3626007.484683443,-3089078.371810362,300.04334425003753,52.1,2:37:03
1082500,4329.999999925257,-3631172.8470550478,-3092496.660478709,301.0196329704833,52.1,2:36:47
1085000,4339.99999992502,-3629620.67710199,-3089948.096667921,301.57643150886724,52.1,2:36:30
1087500,4349.999999924784,-3627766.477936581,-3088474.5388713307,301.36372389715063,52.1,2:36:14
1090000,4359.999999924547,-3626220.2872185055,-3086889.6956263697,301.38532345871755,52.1,2:35:57
1092500,4369.999999924311,-3628896.47450478,-3090431.605451896,300.90154584330776,52.1,2:35:41
1095000,4379.9999999240745,-3627774.280357724,-3091349.351473695,299.76159932959,52.1,2:35:25
1097500,4389.999999923838,-3624590.7508077323,-3085341.262065336,301.34000207516686,52.1,2:35:09
1100000,4399.9999999236015,-3627377.33736437,-3087946.707842588,301.4412260243323,52.1,2:34:52
1102500,4409.999999923365,-3628784.998676559,-3091973.5736439573,299.9775786724441,52.1,2:34:36
1105000,4419.999999923129,-3627999.964621205,-3091126.181174213,300.01242540872107,52.1,2:34:19
1107500,4429.999999922892,-3628756.206319265,-3090996.433720353,300.5075282849442,52.1,2:34:03
1110000,4439.999999922656,-3629543.248957405,-3092562.0256134337,300.07246429508933,52.1,2:33:46
1112500,4449.999999922419,-3628802.743774485,-3090620.9293993493,300.7433710115078,52.1,2:33:30
1115000,4459.999999922183,-3626423.743013276,-3088020.126246671,300.86731722657305,52.1,2:33:13
1117500,4469.999999921946,-3623689.197581839,-3084764.8340924885,301.1583176295198,52.1,2:32:57
1120000,4479.99999992171,-3628559.521586338,-3090751.270729278,300.5346185997535,52.1,2:32:41
1122500,4489.999999921473,-3625412.2716915607,-3086210.2818319295,301.3134590487388,52.1,2:32:24
1125000,4499.999999921237,-3630102.3937825393,-3092068.3058856805,300.66081943158093,52.1,2:32:08
1127500,4509.999999921,-3630906.580733275,-3091925.938074596,301.18976720037034,52.1,2:31:51
1130000,4519.999999920764,-3629493.152373638,-3093067.6575693497,299.761915573584,52.1,2:31:35
1132500,4529.999999920527,-3630144.700975409,-3092869.862531886,300.23654043527176,52.1,2:31:18
1135000,4539.999999920291,-3626877.3110030107,-3086987.9277838236,301.6975838754088,52.1,2:31:02
1137500,4549.9999999200545,-3630399.874729555,-3092850.4417426046,300.3899876281089,52.1,2:30:45
1140000,4559.999999919818,-3628212.7484541796,-3087680.3812561925,302.0568921316998,52.1,2:30:29
1142500,4569.999999919582,-3629220.0516550094,-3092239.0692204917,300.07232967158615,52.1,2:30:12
1145000,4579.999999919345,-3631089.162102405,-3091137.5117667895,301.732379593134,52.1,2:29:56
1147500,4589.999999919109,-3626652.8019474875,-3088941.223080134,300.4805969674909,52.1,2:29:40
1150000,4599.999999918872,-3628082.4789848607,-3090049.7762588663,300.6600453791249,52.1,2:29:23
1152500,4609.999999918636,-3627964.793699242,-3091238.7300567543,299.9298775581897,52.1,2:29:07
1155000,4619.999999918399,-3628372.6589473803,-3089607.7585716075,301.06920745699387,52,2:28:50
1157500,4629.999999918163,-3632473.9408285636,-3092580.9043748113,301.6996253529333,52,2:28:33
1160000,4639.999999917926,-3627265.171116013,-3088494.011634934,301.07270513078913,52,2:28:17
1162500,4649.99999991769,-3628255.382137621,-3089129.7952281972,301.27076403343534,52,2:28:01
1165000,4659.999999917453,-3630101.9266212825,-3090220.5405432275,301.69311496338264,52,2:27:44
1167500,4669.999999917217,-3631089.148227161,-3091457.007474184,301.5538332610455,52,2:27:28
1170000,4679.99999991698,-3630945.74884915,-3091338.0328795495,301.54018435747315,52,2:27:11
1172500,4689.999999916744,-3627031.113883961,-3088758.1690911427,300.79429593740366,52,2:26:55
1175000,4699.9999999165075,-3627741.6151715387,-3089802.7823216915,300.60758960630795,52,2:26:38
1177500,4709.999999916271,-3628892.071864385,-3090329.782255132,300.95598578487704,52,2:26:22
1180000,4719.9999999160345,-3627951.3820253965,-3088863.1641864637,301.2498816848855,52,2:26:05
1182500,4729.999999915798,-3626575.8394758925,-3087536.1234353185,301.2227782154838,52,2:25:49
1185000,4739.999999915562,-3628259.137872612,-3090490.344319946,300.51256931748975,52,2:25:33
1187500,4749.999999915325,-3626728.756950399,-3086822.1562258555,301.70720525328323,52,2:25:16
1190000,4759.999999915089,-3629637.3541521914,-3094204.021088984,299.2074819999643,52,2:25:00
1192500,4769.999999914852,-3629337.199676417,-3090033.8714264724,301.37008832959077,52,2:24:43
1195000,4779.999999914616,-3626153.3728701547,-3087128.194806645,301.21465419472867,52,2:24:27
1197500,4789.999999914379,-3627347.730064016,-3088848.6203238964,300.92068000843557,52,2:24:10
1200000,4799.999999914143,-3631596.325136449,-3093839.6332114474,300.5058067621576,52,2:23:54
1202500,4809.999999913906,-3626087.7860362493,-3086983.4272921793,301.258901443808,52,2:23:37
1205000,4819.99999991367,-3630090.382131623,-3092051.942430679,300.6632512793236,52,2:23:21
1207500,4829.999999913433,-3628917.6660816,-3089868.0431505395,301.228314321613,52,2:23:04
1210000,4839.999999913197,-3631627.840493053,-3092752.919220866,301.13068864120623,52,2:22:48
1212500,4849.99999991296,-3631103.509479746,-3091763.614610187,301.39052225759747,52,2:22:31
1215000,4859.999999912724,-3627831.2499220315,-3086254.852155698,302.6403107166034,52,2:22:15
1217500,4869.9999999124875,-3629034.290606508,-3090305.5952950288,301.048975571054,52,2:21:58
1220000,4879.999999912251,-3628240.7507798467,-3090065.359363193,300.7397817743128,52,2:21:42
1222500,4889.999999912015,-3628927.3727587517,-3089647.028736731,301.3572444281408,52,2:21:25
1225000,4899.999999911778,-3629515.401611384,-3090382.5080863438,301.27484707034336,52,2:21:09
1227500,4909.999999911542,-3631847.859020693,-3094179.74319797,300.4563092227039,52,2:20:52
1230000,4919.999999911305,-3626108.072167769,-3088736.1589583643,300.29078714437946,52,2:20:35
1232500,4929.999999911069,-3627039.70135911,-3089586.1370803285,300.336414880574,52,2:20:19
1235000,4939.999999910832,-3627136.4935892504,-3084615.9266256797,303.1679253992212,52,2:20:02
1237500,4949.999999910596,-3626702.3067010604,-3087542.37880594,301.2899542467174,52,2:19:46
1240000,4959.999999910359,-3626030.4916621447,-3086522.6238100664,301.4843878614738,52,2:19:29
1242500,4969.999999910123,-3629268.2580288593,-3093350.1398552055,299.4783865612805,52,2:19:13
1245000,4979.999999909886,-3627490.8054316044,-3087133.405186314,301.95911820147006,52,2:18:56
1247500,4989.99999990965,-3628704.8759634327,-3089867.8746000803,301.1094984766432,52,2:18:40
1250000,4999.999999909413,-3627401.6638977453,-3091357.002855086,299.5491004501295,52,2:18:23
1252500,5009.999999909177,-3630425.8786780965,-3091764.927166979,301.01111940731585,52,2:18:07
1255000,5019.9999999089405,-3628632.073565284,-3091932.3373032785,299.91516545728877,52,2:17:51
1257500,5029.999999908704,-3627964.71047752,-3087009.4372669924,302.2932178053572,52,2:17:34
1260000,5039.9999999084675,-3630728.3242665157,-3091551.62389127,301.2993269383961,52,2:17:18
1262500,5049.999999908231,-3628627.5998526346,-3089225.2962206155,301.4253971290656,52,2:17:01
1265000,5059.999999907995,-3629920.8688259553,-3089868.153501613,301.7888560934338,52,2:16:45
1267500,5069.999999907758,-3630844.4997514784,-3092179.3221810157,301.0134809871753,52,2:16:28
1270000,5079.999999907522,-3628293.1575594638,-3090573.3182327636,300.485213025343,52,2:16:12
1272500,5089.999999907285,-3631245.456032373,-3091278.8470503376,301.74073868968804,52,2:15:55
1275000,5099.999999907049,-3628599.8385400157,-3088385.156656984,301.87936522538575,52,2:15:39
1277500,5109.999999906812,-3627067.8484115433,-3087001.8456017505,301.79628132234313,52,2:15:22
1280000,5119.999999906576,-3628887.6274064463,-3089085.276185291,301.6489492025623,52,2:15:06
1282500,5129.999999906339,-3628005.6021383815,-3090235.1083370475,300.51351943973896,52,2:14:49
1285000,5139.999999906103,-3625206.5906245466,-3087831.0164897866,300.29283291962304,52,2:14:33
1287500,5149.999999905866,-3627937.4010009076,-3088517.881685527,301.4350174887843,52,2:14:16
1290000,5159.99999990563,-3629133.249832522,-3090765.5596401114,300.84724096471643,52,2:14:00
1292500,5169.999999905393,-3631243.264836183,-3092867.493238504,300.85175696469594,52,2:13:43
1295000,5179.999999905157,-3630786.572207138,-3093392.362917896,300.3032464992508,52,2:13:27
1297500,5189.9999999049205,-3629275.8440806437,-3090710.415122864,300.95774009584323,52,2:13:10
1300000,5199.999999904684,-3628279.482835626,-3089293.1267580735,301.1929599371113,52,2:12:54
1302500,5209.999999904448,-3629425.441174967,-3091177.237802421,300.7804700927958,52,2:12:37
1305000,5219.999999904211,-3628282.158811923,-3088344.3001531214,301.72467261518307,52,2:12:20
1307500,5229.999999903975,-3627702.208461933,-3088388.370415644,301.37596134777334,52,2:12:04
1310000,5239.999999903738,-3630522.954692887,-3092307.3513462157,300.7622527517139,52,2:11:47
1312500,5249.999999903502,-3627963.5042218044,-3089788.642362224,300.7394858505655,52,2:11:31
1315000,5259.999999903265,-3625412.741911985,-3087156.136836703,300.7851650793889,52,2:11:14
1317500,5269.999999903029,-3629602.379223233,-3091856.8875164203,300.49954792678955,52,2:10:58
1320000,5279.999999902792,-3625814.4194192346,-3086864.65879289,301.17250989761516,52,2:10:41
1322500,5289.999999902556,-3626091.4100365974,-3086154.4965232196,301.7241444549716,52,2:10:25
1325000,5299.999999902319,-3628569.5631202795,-3091199.9054188775,300.28952673560667,52,2:10:08
1327500,5309.999999902083,-3631101.984288633,-3093771.5532491268,300.26760633953063,52,2:09:52
1330000,5319.999999901846,-3626142.8972315863,-3087763.935364506,300.85353973094436,52,2:09:35
1332500,5329.99999990161,-3627349.653748974,-3086478.529339501,302.24619430248197,52,2:09:19
1335000,5339.9999999013735,-3627498.991499778,-3089922.9002748425,300.40488461671487,52,2:09:02
1337500,5349.999999901137,-3627941.3615502734,-3092764.274827536,299.0642880343118,52,2:08:46
1340000,5359.999999900901,-3631333.7318315804,-3091976.6044301074,301.40015203251784,52,2:08:29
1342500,5369.999999900664,-3629826.1667355727,-3092749.9572484083,300.1255438532243,52,2:08:13
1345000,5379.999999900428,-3631228.47661935,-3094123.637354904,300.1415425649998,52,2:07:56
1347500,5389.999999900191,-3629518.81402128,-3089591.658428291,301.71869159537414,52,2:07:40
1350000,5399.999999899955,-3629528.0781438425,-3091690.0163423046,300.5512773639404,52,2:07:23
1352500,5409.999999899718,-3626189.1945342533,-3088097.8136336906,300.69283554696995,52,2:07:07
1355000,5419.999999899482,-3629490.473478915,-3090759.7098645,301.05013136707043,52,2:06:50
1357500,5429.999999899245,-3628641.86919019,-3089018.047494319,301.5491844579633,52,2:06:33
1360000,5439.999999899009,-3628466.9467201363,-3090729.0424324838,300.4953079730146,52,2:06:17
1362500,5449.999999898772,-3629408.726529274,-3090870.834595125,300.94235202977876,52,2:06:00
1365000,5459.999999898536,-3629240.219760658,-3089717.2723029386,301.4928145516982,52,2:05:44
1367500,5469.999999898299,-3628507.6127558015,-3089154.4387799166,301.39794280413724,52,2:05:27
1370000,5479.999999898063,-3629833.8182401266,-3089622.9646217916,301.8772259386254,52,2:05:11
1372500,5489.9999998978265,-3630996.960319534,-3093874.662343103,300.1512987324428,52,2:04:55
1375000,5499.99999989759,-3628249.845995091,-3090676.917456313,300.40311726436113,52,2:04:38
1377500,5509.9999998973535,-3628038.0426483005,-3090588.1299334248,300.33437433663687,52,2:04:21
1380000,5519.999999897117,-3627566.318952676,-3089955.9221473313,300.42405504503705,52,2:04:05
1382500,5529.999999896881,-3626292.5201424416,-3087993.0939993546,300.80909407873077,52,2:03:48
1385000,5539.999999896644,-3625929.000882739,-3087596.858187597,300.82737653623894,52,2:03:32
1387500,5549.999999896408,-3626734.386155905,-3088671.879101742,300.6767004460275,52,2:03:15
1390000,5559.999999896171,-3627069.115683453,-3087592.210351692,301.4670855809314,52,2:02:58
1392500,5569.999999895935,-3626373.547356533,-3087169.2150823004,301.31476802210926,52,2:02:42
1395000,5579.999999895698,-3629763.7532420177,-3092600.1255541164,300.17439434143307,52,2:02:25
1397500,5589.999999895462,-3626674.6365583166,-3088186.6138696214,300.91448441220587,52,2:02:09
1400000,5599.999999895225,-3625388.0796730276,-3088352.4417335913,300.10287191652003,52,2:01:52
1402500,5609.999999894989,-3628722.770919159,-3088518.949895442,301.87329602840583,52,2:01:36
1405000,5619.999999894752,-3629840.826879194,-3091232.482787351,300.9817216606988,52,2:01:19
1407500,5629.999999894516,-3628736.485795263,-3088846.7176114586,301.697798998911,52,2:01:03
1410000,5639.999999894279,-3629912.2455971222,-3090049.498487377,301.68269925253543,52,2:00:46
1412500,5649.999999894043,-3626011.0232459363,-3086934.4755752375,301.243360234994,52,2:00:29
1415000,5659.9999998938065,-3630438.261700848,-3092006.9793076282,300.8827771577473,52,2:00:13
1417500,5669.99999989357,-3627394.4693672527,-3087565.132157363,301.66402934277767,52,1:59:56
1420000,5679.999999893334,-3629250.526706159,-3092248.234572094,300.084237823638,52,1:59:40
1422500,5689.999999893097,-3628830.918526437,-3089963.8985225842,301.126273304213,52,1:59:23
1425000,5699.999999892861,-3627781.6871517636,-3088111.492287867,301.5750984195725,52,1:59:07
1427500,5709.999999892624,-3630111.95660758,-3093375.5057722745,299.9356820638419,52,1:58:50
1430000,5719.999999892388,-3627835.7355086226,-3090388.03742157,300.3331367722685,52,1:58:33
1432500,5729.999999892151,-3629937.7438396066,-3092265.9929513503,300.4583405471246,52,1:58:17
1435000,5739.999999891915,-3629689.092088787,-3092306.652921791,300.29666919368793,52,1:58:00
1437500,5749.999999891678,-3624363.2579300236,-3086130.539131688,300.7718171005872,52,1:57:44
1440000,5759.999999891442,-3626233.3886498306,-3087636.9813823244,300.9750511997238,52,1:57:27
1442500,5769.999999891205,-3629519.3347067013,-3089310.1905239965,301.876270682576,52,1:57:10
1445000,5779.999999890969,-3629794.239835294,-3088984.115267457,302.2121067552725,52,1:56:54
1447500,5789.999999890732,-3629069.4144119862,-3089575.8151313444,301.4764143882745,52,1:56:37
1450000,5799.999999890496,-3631533.400956884,-3092318.1280703912,301.3208817861276,52,1:56:21
1452500,5809.9999998902595,-3629820.183296969,-3088618.189072324,302.4310888881459,52,1:56:04
1455000,5819.999999890023,-3629799.716863675,-3090525.3591485764,301.35389919782,52,1:55:48
1457500,5829.9999998897865,-3628554.295025537,-3089694.162504552,301.1224244844272,52,1:55:31
1460000,5839.99999988955,-3630185.666787915,-3090589.0193221434,301.5339991258941,52,1:55:15
1462500,5849.999999889314,-3629143.6002354026,-3092398.3531100345,299.94059755123874,52,1:54:58
1465000,5859.999999889077,-3627776.475631403,-3090731.8621296138,300.1078875837287,52,1:54:42
1467500,5869.999999888841,-3625914.737993829,-3086552.010255377,301.403281577547,52,1:54:25
1470000,5879.999999888604,-3627580.5203602742,-3089035.5069033327,300.9463316342806,52,1:54:08
1472500,5889.999999888368,-3626218.553014891,-3089091.724796172,300.1538302938979,52,1:53:52
1475000,5899.999999888131,-3627122.4307770543,-3087649.6483399756,301.4647816508986,52,1:53:35
1477500,5909.999999887895,-3627254.1913758814,-3088797.191180454,300.89714861795693,52,1:53:19
1480000,5919.999999887658,-3625465.936061587,-3086028.692155908,301.44492223267173,52,1:53:02
1482500,5929.999999887422,-3627049.979211187,-3089024.9305454986,300.65576818536465,52,1:52:46
1485000,5939.999999887185,-3626628.771580493,-3087111.0248756353,301.48990829974815,52,1:52:29
1487500,5949.999999886949,-3626641.5596954133,-3086452.374889983,301.8651171091098,52,1:52:13
1490000,5959.999999886712,-3629637.8069990724,-3092191.3663171157,300.3324341170746,52,1:51:56
1492500,5969.999999886476,-3625624.448215468,-3086781.799839362,301.1126541047344,52,1:51:39
1495000,5979.9999998862395,-3630579.7278447207,-3093050.331756565,300.37879073455514,52,1:51:23
1497500,5989.999999886003,-3630410.472784765,-3091790.3537487034,300.98830166084593,52,1:51:06
1500000,5999.999999885767,-3630702.4258360285,-3093621.8436782695,300.1279873614586,52,1:50:50
1502500,6009.99999988553,-3627307.222964354,-3088117.6630979176,301.3065129982494,52,1:50:33
1505000,6019.999999885294,-3628024.679423826,-3089820.3604719066,300.75594687732917,52,1:50:16
1507500,6029.999999885057,-3627749.7756052837,-3088922.2122070696,301.1042244124229,52,1:50:00
1510000,6039.999999884821,-3627902.3897079583,-3089595.2384633464,300.8134109712974,52,1:49:43
1512500,6049.999999884584,-3629644.342463499,-3092431.6013191943,300.20183961373004,52,1:49:27
1515000,6059.999999884348,-3628154.16334936,-3087860.573087939,301.92346030828145,52,1:49:10
1517500,6069.999999884111,-3629686.8640902694,-3092690.3853480667,300.0809892206213,52,1:48:54
1520000,6079.999999883875,-3631759.224067727,-3092862.6552141258,301.1427856062743,52,1:48:37
1522500,6089.999999883638,-3626391.0157501157,-3088422.619107403,300.62411025878816,52,1:48:20
1525000,6099.999999883402,-3625632.43453251,-3087937.073171906,300.4715344025381,52,1:48:04
1527500,6109.999999883165,-3629244.3003790043,-3090648.4266141076,300.9747530711566,52,1:47:47
1530000,6119.999999882929,-3629796.338876255,-3092317.202887069,300.3507047026827,52,1:47:31
1532500,6129.9999998826925,-3626262.633842686,-3089102.513422849,300.17243443198896,52,1:47:14
1535000,6139.999999882456,-3628318.195353389,-3090367.994621016,300.6139421348043,52,1:46:57
1537500,6149.9999998822195,-3628764.4268304873,-3088810.8801502576,301.7334392964845,52,1:46:41
1540000,6159.999999881983,-3631258.822814444,-3093336.510587056,300.59835765614395,52,1:46:24
1542500,6169.999999881747,-3629321.499570977,-3090582.273699612,301.0548601921878,52,1:46:08
1545000,6179.99999988151,-3628522.57597143,-3091306.6671165973,300.2036097737711,52,1:45:51
1547500,6189.999999881274,-3630062.79238306,-3091467.604974276,300.97436952595774,52,1:45:35
1550000,6199.999999881037,-3630477.1568811033,-3095200.141073202,299.1201297761389,52,1:45:18
1552500,6209.999999880801,-3629235.050670566,-3088708.700288288,302.05352985265074,52,1:45:01
1555000,6219.999999880564,-3629297.53660639,-3089714.4796572626,301.52640455900223,52,1:44:45
1557500,6229.999999880328,-3628972.1907859407,-3090995.9970776327,300.6284673658631,52,1:44:28
1560000,6239.999999880091,-3630227.3118581455,-3093004.506678565,300.2074635345205,52,1:44:12
1562500,6249.999999879855,-3625711.6709820908,-3085106.3842145517,302.09764058617003,52,1:43:55
1565000,6259.999999879618,-3629719.8984475266,-3090762.8219305743,301.17659811751537,52,1:43:39
1567500,6269.999999879382,-3630749.301431114,-3091737.9397206414,301.20693342736615,52,1:43:22
1570000,6279.999999879145,-3627721.9827370252,-3089710.428598947,300.6482272584597,52,1:43:06
1572500,6289.999999878909,-3630647.9502500016,-3092053.525673814,300.9739432446519,52,1:42:49
1575000,6299.9999998786725,-3626752.0875285324,-3088378.158405438,300.85072736465605,52,1:42:32
1577500,6309.999999878436,-3627812.7009529024,-3088539.4486312456,301.3532814888207,52,1:42:16
1580000,6319.9999998782,-3631351.1378428806,-3092431.420683592,301.15572119662613,52,1:41:59
1582500,6329.999999877963,-3628326.8965281937,-3092402.344106582,299.4819821071894,52,1:41:43
1585000,6339.999999877727,-3628308.268038189,-3090166.2169851884,300.7211507223376,52,1:41:26
1587500,6349.99999987749,-3629259.493243959,-3089723.9335582433,301.49986243749095,52,1:41:10
1590000,6359.999999877254,-3628998.0866906587,-3090455.2614448736,300.94510883190765,52,1:40:53
1592500,6369.999999877017,-3627230.421584418,-3087366.296778267,301.6834691281616,52,1:40:36
1595000,6379.999999876781,-3629012.7617970537,-3090966.174925846,300.6678040296839,52,1:40:20
1597500,6389.999999876544,-3627437.042928176,-3087980.4832733,301.45571613795033,52,1:40:03
1600000,6399.999999876308,-3629777.640501227,-3092497.0533797685,300.23975287525957,52,1:39:47
1602500,6409.999999876071,-3627661.54511052,-3090178.262400715,300.35302194697505,52,1:39:30
1605000,6419.999999875835,-3629451.085904874,-3091516.0010922607,300.6054951517533,52,1:39:13
1607500,6429.999999875598,-3626552.406353181,-3087910.320768014,301.0005768694299,52,1:38:57
1610000,6439.999999875362,-3627542.3334175833,-3088125.4412680734,301.43354939250344,52,1:38:40
1612500,6449.9999998751255,-3626192.0675275587,-3087905.216052945,300.8020671817137,51.9,1:38:24
1615000,6459.999999874889,-3627505.923373893,-3087426.8120888057,301.803606517925,51.9,1:38:07
1617500,6469.9999998746525,-3626608.407914141,-3085601.825541258,302.32189006822193,51.9,1:37:50
1620000,6479.999999874416,-3626655.827651646,-3087047.911659889,301.54029613259456,51.9,1:37:34
1622500,6489.99999987418,-3628945.9548448566,-3089601.8235403188,301.39288963550297,51.9,1:37:17
1625000,6499.999999873943,-3629510.3942497894,-3090957.2030707644,300.95090145741625,51.9,1:37:01
1627500,6509.999999873707,-3628225.987925656,-3088489.7074940493,301.61202794018703,51.9,1:36:44
1630000,6519.99999987347,-3624600.755709745,-3085855.033773023,301.0584902825059,51.9,1:36:27
1632500,6529.999999873234,-3627778.2049660794,-3089586.4336177083,300.74893510456315,51.9,1:36:11
1635000,6539.999999872997,-3629071.609290734,-3090394.182192578,301.02032619107,51.9,1:35:54
1637500,6549.999999872761,-3626200.9176024217,-3086808.212412422,301.4200333881655,51.9,1:35:38
1640000,6559.999999872524,-3628828.5586534776,-3092551.979610462,299.6786994060257,51.9,1:35:21
1642500,6569.999999872288,-3627502.037274316,-3090156.5477620037,300.27602122043714,51.9,1:35:04
1645000,6579.999999872051,-3628291.0919686966,-3090323.454763081,300.62368587493387,51.9,1:34:48
1647500,6589.999999871815,-3624856.362434769,-3084043.463643166,302.2136570295201,51.9,1:34:31
1650000,6599.999999871578,-3627618.472229965,-3089949.342951865,300.45687555545305,51.9,1:34:15
1652500,6609.999999871342,-3628298.180781223,-3088456.6387332976,301.67084957347913,51.9,1:33:58
1655000,6619.9999998711055,-3626648.707781894,-3087665.834363316,301.1910137795635,51.9,1:33:41
1657500,6629.999999870869,-3630855.3958803844,-3093711.940581534,300.163121734068,51.9,1:33:25
1660000,6639.999999870633,-3626306.310872685,-3089063.497387806,300.2186444496368,51.9,1:33:08
1662500,6649.999999870396,-3627359.3552174587,-3088397.9298468176,301.1790283165362,51.9,1:32:52
1665000,6659.99999987016,-3627496.798736315,-3087863.4831278725,301.55448978637554,51.9,1:32:35
1667500,6669.999999869923,-3628635.39005623,-3092145.7093478837,299.79778353612437,51.9,1:32:19
1670000,6679.999999869687,-3626975.672148861,-3089009.4031981607,300.62292127534187,51.9,1:32:02
1672500,6689.99999986945,-3628145.880522996,-3088908.1784133012,301.3334155433354,51.9,1:31:45
1675000,6699.999999869214,-3632873.8697902914,-3095246.975853713,300.4332738679825,51.9,1:31:29
1677500,6709.999999868977,-3625201.0607672427,-3086543.9457591316,301.00897551687535,51.9,1:31:12
1680000,6719.999999868741,-3627391.4992403686,-3090253.3822853644,300.160138594391,51.9,1:30:56
1682500,6729.999999868504,-3626564.922899766,-3087143.0309318574,301.4363433595225,51.9,1:30:39
1685000,6739.999999868268,-3630010.9421331696,-3089693.48292177,301.93679860453614,51.9,1:30:22
1687500,6749.999999868031,-3630495.7177861948,-3094051.7836332945,299.7722197342091,51.9,1:30:06
1690000,6759.999999867795,-3627984.737640435,-3088292.1109645283,301.5876336234414,51.9,1:29:49
1692500,6769.9999998675585,-3628059.0827664025,-3090410.3054797053,300.44550258383276,51.9,1:29:33
1695000,6779.999999867322,-3629886.057517994,-3092373.9379568235,300.3691363745857,51.9,1:29:16
1697500,6789.9999998670855,-3627603.2762747705,-3087699.541803832,301.70560355150064,51.9,1:28:59
1700000,6799.999999866849,-3626357.271303382,-3086330.853196024,301.7741608483087,51.9,1:28:43
1702500,6809.999999866613,-3629287.8209441807,-3091567.450196266,300.4855099907981,51.9,1:28:26
1705000,6819.999999866376,-3629669.6448059194,-3090835.294720624,301.10801690614227,51.9,1:28:10
1707500,6829.99999986614,-3628155.1015675087,-3088115.959035712,301.7812714310109,51.9,1:27:53
1710000,6839.999999865903,-3629880.9856806416,-3090622.0714986613,301.3452691399358,51.9,1:27:37
1712500,6849.999999865667,-3628646.214772638,-3089522.2215968333,301.2698734332548,51.9,1:27:20
1715000,6859.99999986543,-3628836.0594697203,-3090013.978633365,301.1011606817447,51.9,1:27:03
1717500,6869.999999865194,-3629539.362918429,-3090893.5892205657,301.0026378373318,51.9,1:26:47
1720000,6879.999999864957,-3627186.159478223,-3087456.523170544,301.60831511271107,51.9,1:26:30
1722500,6889.999999864721,-3630210.5474538375,-3090226.1425988628,301.7506832672918,51.9,1:26:14
1725000,6899.999999864484,-3631444.0112503897,-3093804.5585310915,300.4402918878229,51.9,1:25:57
1727500,6909.999999864248,-3629605.8989879824,-3090989.94396888,300.9859747511217,51.9,1:25:40
1730000,6919.999999864011,-3629011.3301819414,-3089094.8172081048,301.712744353987,51.9,1:25:24
1732500,6929.999999863775,-3628677.743813915,-3089117.876696933,301.51344576309646,51.9,1:25:07
1735000,6939.9999998635385,-3629766.681651458,-3092712.253979968,300.1133718762128,51.9,1:24:51
1737500,6949.999999863302,-3631450.291523127,-3092292.780382771,301.2886037310452,51.9,1:24:34
1740000,6959.999999863066,-3626866.531169545,-3085532.131488675,302.5050788710511,51.9,1:24:17
1742500,6969.999999862829,-3626250.163271796,-3086937.9723431333,301.3750409158779,51.9,1:24:01
1745000,6979.999999862593,-3627424.970161073,-3089612.581180242,300.5369310400096,51.9,1:23:44
1747500,6989.999999862356,-3629625.848041851,-3090831.5646918975,301.08562706551555,51.9,1:23:27
1750000,6999.99999986212,-3625456.303993441,-3086395.529596795,301.2345459133584,51.9,1:23:11
1752500,7009.999999861883,-3625441.0964598153,-3088029.1781225395,300.31314255790755,51.9,1:22:54
1755000,7019.999999861647,-3627449.4254239257,-3088389.827697414,301.2338883739667,51.9,1:22:38
1757500,7029.99999986141,-3629029.6311870664,-3091491.3033012943,300.38378194542946,51.9,1:22:21
1760000,7039.999999861174,-3627637.505917972,-3088933.024486291,301.03544452329015,51.9,1:22:04
1762500,7049.999999860937,-3627468.5058571678,-3090986.5692064213,299.7934560506433,51.9,1:21:48
1765000,7059.999999860701,-3629671.5809177198,-3090680.787032751,301.19543984469374,51.9,1:21:31
1767500,7069.999999860464,-3629567.221424436,-3090998.2358190212,300.95972759926826,51.9,1:21:15
1770000,7079.999999860228,-3627764.163694877,-3088345.3197179264,301.43464010041754,51.9,1:20:58
1772500,7089.9999998599915,-3628693.256690236,-3089778.55049601,301.15292100069837,51.9,1:20:42
1775000,7099.999999859755,-3626775.998019235,-3085651.9259807966,302.3875449029529,51.9,1:20:25
1777500,7109.9999998595185,-3628182.742284883,-3087348.255146035,302.2257208937226,51.9,1:20:08
1780000,7119.999999859282,-3626884.387304578,-3089718.3634007024,300.17573337974784,51.9,1:19:52
1782500,7129.999999859046,-3629135.8106887434,-3093314.8807651526,299.4240764356577,51.9,1:19:35
1785000,7139.999999858809,-3630357.7908497285,-3093464.8768078447,300.0231158472376,51.9,1:19:19
1787500,7149.999999858573,-3628176.095881708,-3089943.8597177337,300.7715473978938,51.9,1:19:02
1790000,7159.999999858336,-3626944.7723552138,-3087300.383202482,301.5606778346329,51.9,1:18:45
1792500,7169.9999998581,-3625886.2553012185,-3086776.6921977857,301.26180971112035,51.9,1:18:29
1795000,7179.999999857863,-3627889.6798752192,-3089581.9693873925,300.8137234840677,51.9,1:18:12
1797500,7189.999999857627,-3628125.1857744083,-3089214.4313344792,301.150712706258,51.9,1:17:56
1800000,7199.99999985739,-3631065.899609344,-3092011.7868060363,301.2308233237364,51.9,1:17:39
1802500,7209.999999857154,-3627065.2770019863,-3090436.6780633535,299.87541294640056,51.9,1:17:22
1805000,7219.999999856917,-3630777.768881511,-3091375.958742492,301.4251213584164,51.9,1:17:06
1807500,7229.999999856681,-3628969.3118805196,-3089815.92017053,301.2863017369199,51.9,1:16:49
1810000,7239.999999856444,-3627923.8294857945,-3090032.9737041914,300.5807793632832,51.9,1:16:32
1812500,7249.999999856208,-3627712.0686228424,-3089398.761437983,300.8168509950448,51.9,1:16:16
1815000,7259.9999998559715,-3630873.676226603,-3092653.434936554,300.76484449801325,51.9,1:15:59
1817500,7269.999999855735,-3627372.4679961056,-3087888.3458238244,301.4711184502853,51.9,1:15:42
1820000,7279.999999855499,-3627665.0179204717,-3090378.861758925,300.2428649311573,51.9,1:15:26
1822500,7289.999999855262,-3627433.0257533956,-3087349.308299776,301.80618050800587,51.9,1:15:09
1825000,7299.999999855026,-3631524.952960329,-3093338.70627953,300.7458478446353,51.9,1:14:53
1827500,7309.999999854789,-3628785.5470827427,-3091317.076049325,300.34474497928846,51.9,1:14:36
1830000,7319.999999854553,-3630365.4523311704,-3092978.389712742,300.29925284169013,51.9,1:14:19
1832500,7329.999999854316,-3627097.545870984,-3088251.8814185373,301.11433952951427,51.9,1:14:03
1835000,7339.99999985408,-3623867.154529346,-3084306.042176118,301.51414161817075,51.9,1:13:46
1837500,7349.999999853843,-3629729.013937816,-3092033.320297321,300.4717200850934,51.9,1:13:30
1840000,7359.999999853607,-3625237.259872619,-3085422.413503499,301.65593166242996,51.9,1:13:13
1842500,7369.99999985337,-3627350.1027085315,-3088091.90697296,301.34486766223955,51.9,1:12:56
1845000,7379.999999853134,-3628429.8417440504,-3088839.108828217,301.530693994359,51.9,1:12:40
1847500,7389.999999852897,-3630522.775328176,-3092352.233625982,300.7370716874316,51.9,1:12:23
1850000,7399.999999852661,-3627953.159193469,-3091093.9631836694,300.0042737489689,51.9,1:12:07
1852500,7409.9999998524245,-3628679.9798334613,-3089208.4233257887,301.4640965847513,51.9,1:11:50
1855000,7419.999999852188,-3630016.3732994404,-3093696.952804273,299.70263979641976,51.9,1:11:33
1857500,7429.9999998519515,-3630663.352914287,-3093517.26984977,300.16459016552307,51.9,1:11:17
1860000,7439.999999851715,-3629816.474787729,-3091433.263119224,300.85591457820334,51.9,1:11:00
1862500,7449.999999851479,-3628276.946001593,-3090060.044972404,300.76297791448326,51.9,1:10:43
1865000,7459.999999851242,-3629837.1495603956,-3093646.3514417754,299.63076385026744,51.9,1:10:27
1867500,7469.999999851006,-3629419.802013552,-3090468.205700202,301.1735357046628,51.9,1:10:10
1870000,7479.999999850769,-3625756.882677164,-3085133.4494795045,302.1077810599289,51.9,1:09:54
1872500,7489.999999850533,-3629499.323114531,-3091600.000215565,300.58551090446605,51.9,1:09:37
1875000,7499.999999850296,-3630425.1677373014,-3091071.6562689743,301.3981313995375,51.9,1:09:20
1877500,7509.99999985006,-3628215.460220203,-3089058.1288710986,301.2885032612306,51.9,1:09:04
1880000,7519.999999849823,-3628790.510509478,-3090817.612181803,300.62662586201816,51.9,1:08:47
1882500,7529.999999849587,-3627980.89301713,-3089944.5668328963,300.6620702172307,51.9,1:08:30
1885000,7539.99999984935,-3629003.2109584883,-3090820.6622481244,300.74378136809395,51.9,1:08:14
1887500,7549.999999849114,-3629517.3581504263,-3092956.2295443187,299.8377096002358,51.9,1:07:57
1890000,7559.999999848877,-3631639.299716443,-3095297.4405098427,299.7151788557807,51.9,1:07:40
1892500,7569.999999848641,-3627770.460237995,-3087910.353274923,301.6812239024043,51.9,1:07:24
1895000,7579.9999998484045,-3630318.553503273,-3091355.46026298,301.1799603449477,51.9,1:07:07
1897500,7589.999999848168,-3631752.8373300694,-3093510.73744809,300.7770593786487,51.9,1:06:51
1900000,7599.999999847932,-3630265.2090818807,-3092306.2553411485,300.61883343579274,51.9,1:06:34
1902500,7609.999999847695,-3626398.970518438,-3088091.0019163704,300.81386772184163,51.9,1:06:17
1905000,7619.999999847459,-3630753.0223037545,-3092807.8258821843,300.6111456573683,51.9,1:06:01
1907500,7629.999999847222,-3627298.2606976554,-3089100.843464863,300.7520901021269,51.9,1:05:44
1910000,7639.999999846986,-3629070.513630327,-3090598.5401622104,300.9055158878707,51.9,1:05:28
1912500,7649.999999846749,-3631692.5006811805,-3092537.565383508,301.2871643148645,51.9,1:05:11
1915000,7659.999999846513,-3627293.9361751266,-3091181.342226186,299.58706228884637,51.9,1:04:54
1917500,7669.999999846276,-3630845.978987027,-3091488.456160456,301.40037300148003,51.9,1:04:38
1920000,7679.99999984604,-3629466.904971428,-3093113.8092811937,299.72145795677653,51.9,1:04:21
1922500,7689.999999845803,-3632237.088796491,-3094512.212145484,300.4880279511773,51.9,1:04:04
1925000,7699.999999845567,-3629894.6549820118,-3091608.927910441,300.8014388498889,51.9,1:03:48
1927500,7709.99999984533,-3628566.7114648838,-3089454.7063805554,301.2631743235002,51.9,1:03:31
1930000,7719.999999845094,-3628375.728784606,-3090334.852857491,300.66461267588454,51.9,1:03:15
1932500,7729.9999998448575,-3628476.982600432,-3090317.265603653,300.7310226937458,51.9,1:02:58
1935000,7739.999999844621,-3628850.142344022,-3088764.1653811485,301.8074431527325,51.9,1:02:41
1937500,7749.999999844385,-3631547.29524141,-3091026.2169630975,302.05058372872645,51.9,1:02:25
1940000,7759.999999844148,-3626123.550333604,-3087618.6532376,300.92391406219133,51.9,1:02:08
1942500,7769.999999843912,-3627591.5002580546,-3088332.6882800767,301.345212026939,51.9,1:01:51
1945000,7779.999999843675,-3627503.066853212,-3090042.4224147825,300.3403713707843,51.9,1:01:35
1947500,7789.999999843439,-3629274.625237776,-3092061.3710054634,300.20212633433823,51.9,1:01:18
1950000,7799.999999843202,-3625250.907108007,-3087002.5711722844,300.780544170915,51.9,1:01:02
1952500,7809.999999842966,-3628573.3398739323,-3090493.4526370587,300.6864127302361,51.9,1:00:45
1955000,7819.999999842729,-3629885.3517797124,-3090658.464598739,301.3273720130001,51.9,1:00:28
1957500,7829.999999842493,-3627468.015933007,-3087809.699836788,301.56846040145405,51.9,1:00:12
1960000,7839.999999842256,-3631205.964863898,-3092485.186953953,301.04455121860775,51.9,59:55
1962500,7849.99999984202,-3625657.2982271574,-3086498.8433942967,301.2891310793456,51.9,59:38
1965000,7859.999999841783,-3626229.160705639,-3087400.610995501,301.1047755770389,51.9,59:22
1967500,7869.999999841547,-3629784.1882328615,-3091511.0448928685,300.7944068882849,51.9,59:05
1970000,7879.9999998413105,-3626777.8524025492,-3086764.237498553,301.7670062428651,51.9,58:49
1972500,7889.999999841074,-3629411.2704217024,-3088722.744726836,302.14415563914105,51.9,58:32
1975000,7899.9999998408375,-3629410.2888246235,-3090809.7720733546,300.9773476355509,51.9,58:15
1977500,7909.999999840601,-3627717.983768476,-3091433.5456016073,299.6830911921058,51.9,57:59
1980000,7919.999999840365,-3627173.093360666,-3089484.667409058,300.4676588009753,51.9,57:42
1982500,7929.999999840128,-3626238.6174593493,-3087723.400416066,300.92968099011506,51.9,57:25
1985000,7939.999999839892,-3627526.8257785924,-3088507.2992933476,301.2114960153672,51.9,57:09
1987500,7949.999999839655,-3630748.424954107,-3093524.558045624,300.20805684317696,51.9,56:52
1990000,7959.999999839419,-3624793.343107365,-3087783.158552496,300.08864821651,51.9,56:36
1992500,7969.999999839182,-3629674.5139035713,-3089320.9135323,301.9569947798097,51.9,56:19
1995000,7979.999999838946,-3629270.4561859183,-3090990.149351117,300.79840994732433,51.9,56:02
1997500,7989.999999838709,-3627560.3761091325,-3089097.659664441,300.90034293635915,51.9,55:46
2000000,7999.999999838473,-3626334.951714741,-3088224.0071523837,300.70376798920455,51.9,55:29
2002500,8009.999999838236,-3627405.7042379286,-3087399.919475442,301.762630652516,51.9,55:12
2005000,8019.999999838,-3626531.751239553,-3089825.3355424856,299.91889801711034,51.9,54:56
2007500,8029.999999837763,-3628862.36519913,-3090287.7257456807,300.96288704700805,51.9,54:39
2010000,8039.999999837527,-3632104.7780406475,-3093574.7364763916,300.9379651355318,51.9,54:23
2012500,8049.9999998372905,-3630029.30187208,-3091236.9917441495,301.0845244020157,51.9,54:06
2015000,8059.999999837054,-3627928.7167613227,-3089699.1282033874,300.77006787936676,51.9,53:49
2017500,8069.999999836818,-3628376.510310447,-3090326.1815934647,300.66989502436655,51.9,53:33
2020000,8079.999999836581,-3627336.6870921645,-3088098.0509794867,301.3339374769982,51.9,53:16
2022500,8089.999999836345,-3630087.6714164056,-3088748.1748953825,302.50792705515573,51.9,52:59
2025000,8099.999999836108,-3626816.813701678,-3088486.548051646,300.8263276177157,51.9,52:43
2027500,8109.999999835872,-3628362.948304223,-3090861.417499571,300.3632192323759,51.9,52:26
2030000,8119.999999835635,-3626723.585672643,-3087788.594470462,301.16425654105046,51.9,52:10
2032500,8129.999999835399,-3626967.677063782,-3089556.8321101884,300.3125427364004,51.9,51:53
2035000,8139.999999835162,-3627994.962990269,-3089273.6456414014,301.0448526644678,51.9,51:36
2037500,8149.999999834926,-3629101.983623335,-3088498.5132575636,302.09662555597737,51.9,51:20
2040000,8159.999999834689,-3628964.8567517325,-3091705.4706749935,300.22790544101423,51.9,51:03
2042500,8169.999999834453,-3625054.257135421,-3086602.351997108,300.89430143023884,51.9,50:46
2045000,8179.999999834216,-3628071.6497193053,-3088655.0736267674,301.43337277553746,51.9,50:30
2047500,8189.99999983398,-3626029.4013413247,-3087082.5480572945,301.170885234899,51.9,50:13
2050000,8199.999999835562,-3629147.6543891113,-3091265.7769065592,300.5757621667699,51.9,49:56
2052500,8209.999999837599,-3628527.6019246913,-3091080.2993955994,300.33291572906114,51.9,49:40
2055000,8219.999999839636,-3628525.8184398767,-3090371.6466155774,300.727923975395,51.9,49:23
2057500,8229.999999841673,-3628600.5732182916,-3090704.8780582743,300.5834836742409,51.9,49:07
2060000,8239.99999984371,-3628634.372089505,-3091331.0245163925,300.252471727464,51.9,48:50
2062500,8249.999999845748,-3629152.5945459623,-3090788.247468945,300.8453727860335,51.9,48:33
2065000,8259.999999847785,-3629488.158161478,-3090909.7977299867,300.96496638051565,51.9,48:17
2067500,8269.999999849822,-3629004.6356881782,-3092162.6761497026,299.9946417726519,51.9,48:00
2070000,8279.99999985186,-3629575.69499016,-3092252.7987145307,300.2633958102492,51.9,47:43
2072500,8289.999999853897,-3629036.624548847,-3090518.2918330813,300.9314220705831,51.9,47:27
2075000,8299.999999855934,-3630226.387726197,-3092308.7792348587,300.5957291439977,51.9,47:10
2077500,8309.999999857971,-3625570.3007031307,-3085589.6795411184,301.7485688878274,51.9,46:53
2080000,8319.999999860009,-3625953.0569247715,-3084807.400997359,302.3996062758129,51.9,46:37
2082500,8329.999999862046,-3626623.386617137,-3088601.85330903,300.65380375538723,51.9,46:20
2085000,8339.999999864083,-3629669.360834591,-3091527.3003172535,300.7211560111389,51.9,46:04
2087500,8349.99999986612,-3624295.8331356347,-3084466.8256164957,301.6638451070693,51.9,45:47
2090000,8359.999999868158,-3629618.437634932,-3090267.331280845,301.3967873887498,51.9,45:30
2092500,8369.999999870195,-3629201.7366283946,-3090314.542197914,301.13754705020403,51.9,45:14
2095000,8379.999999872232,-3625875.668046681,-3084401.5121371634,302.58317656629214,51.9,44:57
2097500,8389.99999987427,-3626976.2167638186,-3086928.551472613,301.7860340657309,51.9,44:40
2100000,8399.999999876307,-3629686.232893912,-3088486.6312827864,302.42975186293233,51.9,44:24
2102500,8409.999999878344,-3628176.8121562675,-3088825.775246876,301.39674858210265,51.9,44:07
2105000,8419.999999880381,-3627520.2608849052,-3087718.5271346015,301.6486041513911,51.9,43:50
2107500,8429.999999882419,-3628633.2260417547,-3089777.208814459,301.12012480193374,51.9,43:34
2110000,8439.999999884456,-3628090.9321765415,-3087393.636604639,302.14905636657727,51.9,43:17
2112500,8449.999999886493,-3624594.8250530288,-3085648.112455356,301.1708066174351,51.9,43:01
2115000,8459.99999988853,-3628055.664398648,-3090065.2213123874,300.6364301134807,51.9,42:44
2117500,8469.999999890568,-3627737.422307674,-3090081.630469991,300.4494224110236,51.9,42:27
2120000,8479.999999892605,-3631663.4035230223,-3091960.708274238,301.5932600799058,51.9,42:11
2122500,8489.999999894642,-3627599.6022115685,-3089304.891505677,300.806459027824,51.9,41:54
2125000,8499.99999989668,-3628614.3869249895,-3091048.582708448,300.3991360954915,51.9,41:37
2127500,8509.999999898717,-3628363.810695175,-3089891.054716789,300.90595316532983,51.9,41:21
2130000,8519.999999900754,-3625328.3501532935,-3087291.151325007,300.6625578626828,51.9,41:04
2132500,8529.999999902791,-3631064.117979044,-3091957.572440786,301.2601234543598,51.9,40:47
2135000,8539.999999904829,-3628155.584968444,-3090145.5595155014,300.64737300826295,51.9,40:31
2137500,8549.999999906866,-3626605.8672479745,-3089477.300795067,300.1548016429766,51.9,40:14
2140000,8559.999999908903,-3630078.9644330014,-3089470.997637096,302.09913822273785,51.9,39:58
2142500,8569.99999991094,-3628603.0220677126,-3087441.117695631,302.40868612929904,51.9,39:41
2145000,8579.999999912978,-3626098.8757299464,-3090817.014305095,299.1228375732756,51.9,39:24
2147500,8589.999999915015,-3627613.6562224682,-3087023.9685897767,302.08892357590764,51.9,39:08
2150000,8599.999999917052,-3628506.140929917,-3091631.988422248,300.0126316448836,51.9,38:51
2152500,8609.99999991909,-3631878.481513992,-3092700.6073868577,301.2999828470317,51.9,38:34
2155000,8619.999999921127,-3629857.6962623987,-3091611.772415241,300.77919626277907,51.9,38:18
2157500,8629.999999923164,-3628205.761674132,-3091968.4662010213,299.6567472089747,51.9,38:01
2160000,8639.999999925201,-3626619.1044291034,-3087538.2515135454,301.2457660648037,51.9,37:44
2162500,8649.999999927239,-3627716.7629138622,-3088252.9134562626,301.4597897795832,51.9,37:28
2165000,8659.999999929276,-3623505.0208695885,-3084968.2565296586,300.94172191468084,51.9,37:11
2167500,8669.999999931313,-3627730.309167642,-3089081.6283605797,301.00426236977995,51.9,36:55
2170000,8679.99999993335,-3629734.7740715537,-3088520.9322810806,302.43770947024325,51.9,36:38
2172500,8689.999999935388,-3630617.071064228,-3092570.2183772237,300.6679525711929,51.9,36:21
2175000,8699.999999937425,-3627444.0337260664,-3088854.124107597,300.97142022442387,51.9,36:05
2177500,8709.999999939462,-3626408.06493989,-3088941.7188245235,300.34355754597016,51.9,35:48
2180000,8719.9999999415,-3629154.6052120794,-3088733.4427529788,301.9947494000953,51.9,35:31
2182500,8729.999999943537,-3629948.407816997,-3094115.604852609,299.4307112535169,51.9,35:15
2185000,8739.999999945574,-3625861.275367832,-3088114.189588201,300.50043871651917,51.9,34:58
2187500,8749.999999947611,-3627960.8527383003,-3090769.935533682,300.1896440972436,51.9,34:41
2190000,8759.999999949649,-3627688.481390612,-3089150.1586353197,300.942592778536,51.9,34:25
2192500,8769.999999951686,-3629520.6174142975,-3091200.3791915253,300.820724153986,51.9,34:08
2195000,8779.999999953723,-3630440.773326408,-3091789.028448618,301.00597461448075,51.9,33:51
2197500,8789.99999995576,-3628976.2310861386,-3094136.370062588,298.8758416935842,51.9,33:35
2200000,8799.999999957798,-3627861.4285609666,-3088904.729510217,301.1763871842298,51.9,33:18
2202500,8809.999999959835,-3627711.968633974,-3088532.6898631314,301.30076778117973,51.9,33:02
2205000,8819.999999961872,-3626241.048628781,-3088179.8370896,300.6759764945067,51.9,32:45
2207500,8829.99999996391,-3627684.7318380848,-3090828.9415081833,300.0023706083837,51.9,32:28
2210000,8839.999999965947,-3624361.122615168,-3086957.2464456307,300.3086484843967,51.9,32:12
2212500,8849.999999967984,-3627642.4809133057,-3092082.6980387466,299.27814388692104,51.9,31:55
2215000,8859.999999970021,-3629112.327812368,-3089109.419838241,301.7610230637685,51.9,31:38
2217500,8869.999999972059,-3628094.867144773,-3088561.6929971883,301.4985293661011,51.9,31:22
2220000,8879.999999974096,-3624348.8955126107,-3084737.354709549,301.5423217268121,51.9,31:05
2222500,8889.999999976133,-3631249.7903457843,-3095182.0003711767,299.56202521417043,51.9,30:48
2225000,8899.99999997817,-3629011.134999348,-3091822.3236487038,300.18846731719225,51.9,30:32
2227500,8909.999999980208,-3629959.202759845,-3092955.8850435517,300.08481093303783,51.9,30:15
2230000,8919.999999982245,-3630573.1312609687,-3093256.586579639,300.25984645233734,51.9,29:58
2232500,8929.999999984282,-3629804.098152647,-3091563.176522465,300.77640095540227,51.9,29:42
2235000,8939.99999998632,-3628724.0751314517,-3089797.83265215,301.1593676348468,51.9,29:25
2237500,8949.999999988357,-3629722.6232288647,-3091041.9750351207,301.02212618341366,51.9,29:09
2240000,8959.999999990394,-3627232.209219586,-3090747.8530051704,299.79480813596984,51.9,28:52
2242500,8969.999999992431,-3630718.4626329206,-3090712.6218340495,301.76266196641535,51.9,28:35
2245000,8979.999999994468,-3629961.027131688,-3091433.8320919285,300.93637445864516,51.9,28:19
2247500,8989.999999996506,-3631894.1337391064,-3094509.059199983,300.29814187573766,51.9,28:02
2250000,8999.999999998543,-3630001.083142316,-3091855.4383685365,300.7231589427433,51.9,27:45
2252500,9010.00000000058,-3627620.133868564,-3087371.4054551423,301.89839089300796,51.9,27:29
2255000,9020.000000002618,-3630003.653002031,-3092875.669417945,300.1544759278937,51.9,27:12
2257500,9030.000000004655,-3623543.406853527,-3085302.457861796,300.77641624541076,51.9,26:55
2260000,9040.000000006692,-3628101.848956246,-3089590.264497961,300.927651051851,51.9,26:39
2262500,9050.00000000873,-3628557.3232735842,-3090708.2397655267,300.5574364445421,51.9,26:22
2265000,9060.000000010767,-3630123.406116504,-3092983.317746776,300.1612402479473,51.9,26:05
2267500,9070.000000012804,-3629233.4586355593,-3091713.5564236646,300.3734854264333,51.9,25:49
2270000,9080.000000014841,-3627037.396255998,-3086722.0181474425,301.93563565575556,51.9,25:32
2272500,9090.000000016878,-3624308.8557594325,-3084238.2178577883,301.79887147517087,51.9,25:15
2275000,9100.000000018916,-3628341.998016091,-3089452.91714603,301.13860121848614,51.9,24:59
2277500,9110.000000020953,-3626724.3553119004,-3088477.7153667603,300.7795964281423,51.9,24:42
2280000,9120.00000002299,-3625839.124349408,-3085017.289492863,302.2186506250342,51.9,24:25
2282500,9130.000000025027,-3628190.594218159,-3088642.2025960386,301.50703309935267,51.9,24:09
2285000,9140.000000027065,-3628439.9083184376,-3089558.74592481,301.13417626537125,51.9,23:52
2287500,9150.000000029102,-3627738.086438982,-3089766.2109355778,300.626054293803,51.9,23:36
2290000,9160.00000003114,-3625868.0964865945,-3089591.078208356,299.678944856686,51.9,23:19
2292500,9170.000000033177,-3628292.2008242644,-3088772.139850009,301.4912015451933,51.9,23:02
2295000,9180.000000035214,-3629651.0243040062,-3091151.3929912895,300.92097147034855,51.9,22:46
2297500,9190.000000037251,-3627370.577971641,-3088805.6006536027,300.95748771336815,51.9,22:29
2300000,9200.000000039288,-3630378.32390118,-3092822.76361641,300.3934116460749,51.9,22:12
2302500,9210.000000041326,-3628214.6405588984,-3089112.4455350647,301.257692327297,51.9,21:56
2305000,9220.000000043363,-3631847.112127045,-3094109.197884217,300.49531353610325,51.9,21:39
2307500,9230.0000000454,-3628490.1176198665,-3089986.722655695,300.92307465034355,51.9,21:22
2310000,9240.000000047437,-3628090.766518764,-3090764.4628120884,300.2652999294002,51.9,21:06
2312500,9250.000000049475,-3628157.061249394,-3090546.3709615795,300.4242190470619,51.9,20:49
2315000,9260.000000051512,-3627634.268882895,-3089676.0403029043,300.61842820603556,51.9,20:32
2317500,9270.00000005355,-3631595.0692781974,-3093365.5602380373,300.7700234437446,51.9,20:16
2320000,9280.000000055586,-3627324.083704181,-3088885.3874786636,300.8869201088052,51.9,19:59
2322500,9290.000000057624,-3629399.038831942,-3091707.922707045,300.4691621066646,51.9,19:42
2325000,9300.000000059661,-3625624.838982459,-3086430.0109136654,301.3094569419017,51.9,19:26
2327500,9310.000000061698,-3625605.207944317,-3087188.355088071,300.87471373480025,51.9,19:09
2330000,9320.000000063736,-3630892.527187923,-3094728.0958598605,299.61602972647626,51.9,18:52
2332500,9330.000000065773,-3626315.962445369,-3087999.668822622,300.81851985745067,51.9,18:36
2335000,9340.00000006781,-3626002.6421971414,-3088143.916055307,300.5628248804017,51.9,18:19
2337500,9350.000000069847,-3626546.7741143033,-3088003.2622999093,300.9454924958525,51.9,18:02
2340000,9360.000000071885,-3629254.4906979,-3090225.303979018,301.21689428626985,51.9,17:46
2342500,9370.000000073922,-3629162.341118321,-3089082.1303277416,301.8042209366571,51.9,17:29
2345000,9380.00000007596,-3627983.622102551,-3088546.9347065417,301.44461124744385,51.9,17:13
2347500,9390.000000077996,-3628740.335804658,-3089718.4258281225,301.21282794295433,51.9,16:56
2350000,9400.000000080034,-3627176.7386585847,-3087844.484427478,301.3862525641527,51.9,16:39
2352500,9410.000000082071,-3628632.817786213,-3091048.0865551373,300.40971277051483,51.9,16:23
2355000,9420.000000084108,-3625425.209440727,-3089862.5662886933,299.27974224915977,51.9,16:06
2357500,9430.000000086146,-3628196.9489270095,-3091253.875629754,300.0511455263257,51.9,15:49
2360000,9440.000000088183,-3626749.7621217594,-3088201.58273256,300.9481008005997,51.9,15:33
2362500,9450.00000009022,-3629565.9955782704,-3090288.2955213618,301.3557669442136,51.9,15:16
2365000,9460.000000092257,-3626014.8096901644,-3086013.4140552934,301.760177947873,51.9,14:59
2367500,9470.000000094295,-3627520.746259099,-3089399.802781778,300.7093555198722,51.9,14:43
2370000,9480.000000096332,-3632079.385071352,-3092341.2727053403,301.6130516502301,51.9,14:26
2372500,9490.00000009837,-3627506.361153854,-3089194.1178386463,300.816256490108,51.9,14:09
2375000,9500.000000100406,-3627990.448820006,-3090947.6782603357,300.1068577224244,51.9,13:53
2377500,9510.000000102444,-3629150.1911462657,-3091641.0476344293,300.3674733174456,51.9,13:36
2380000,9520.000000104481,-3631145.3763046097,-3090701.2144640163,302.007601769567,51.9,13:19
2382500,9530.000000106518,-3626269.4621044714,-3087054.575280832,301.3206660489159,51.9,13:03
2385000,9540.000000108555,-3631723.346865222,-3094232.235026151,300.35739697166866,51.9,12:46
2387500,9550.000000110593,-3626300.485103434,-3091247.8321398655,298.99475274493466,51.9,12:29
2390000,9560.00000011263,-3630173.0171426665,-3091762.2938580457,300.8712884462005,51.9,12:13
2392500,9570.000000114667,-3627663.28485881,-3087062.043640337,302.09537987792726,51.9,11:56
2395000,9580.000000116705,-3629516.0150372963,-3089737.1350097354,301.6358331780243,51.9,11:39
2397500,9590.000000118742,-3631083.610016644,-3091624.2573602125,301.4572769054839,51.9,11:23
2400000,9600.000000120779,-3627229.1218325086,-3087504.9681920432,301.605251323159,51.9,11:06
2402500,9610.000000122816,-3627815.071284784,-3090107.4694751794,300.47837453313474,51.9,10:49
2405000,9620.000000124854,-3627328.745804239,-3089570.811470986,300.50650103690964,51.9,10:33
2407500,9630.00000012689,-3627103.9812822584,-3088106.7628859356,301.19902994965474,51.9,10:16
2410000,9640.000000128928,-3626954.6878491603,-3088603.264414166,300.8381508778161,51.9,9:59
2412500,9650.000000130965,-3623975.410047047,-3083524.411515613,302.0114222060719,51.9,9:43
2415000,9660.000000133003,-3628760.101490779,-3090403.6802071314,300.8409437441144,51.9,9:26
2417500,9670.00000013504,-3629337.5334977135,-3091312.3146570744,300.6558632814584,51.9,9:09
2420000,9680.000000137077,-3631292.801348686,-3093113.234723931,300.74211493780064,51.9,8:53
2422500,9690.000000139114,-3629418.311605323,-3090311.250389105,301.2604116222685,51.8,8:36
2425000,9700.000000141152,-3629018.7010964956,-3090599.89649453,300.8758043970473,51.8,8:19
2427500,9710.000000143189,-3625144.759568058,-3087268.5977519937,300.57256817403163,51.8,8:03
2430000,9720.000000145226,-3627163.1410111375,-3088873.0897341687,300.8038552751073,51.8,7:46
2432500,9730.000000147264,-3627544.1937823407,-3089137.116152426,300.8692512044049,51.8,7:29
2435000,9740.0000001493,-3631224.9564526305,-3092803.580512364,300.87724129611763,51.8,7:13
2437500,9750.000000151338,-3628461.191417329,-3091027.789266938,300.32514800700653,51.8,6:56
2440000,9760.000000153375,-3628249.5741337556,-3090000.7723392393,300.7808044991914,51.8,6:39
2442500,9770.000000155413,-3630665.7203082535,-3091246.221157508,301.4350062205101,51.8,6:23
2445000,9780.00000015745,-3627436.264854258,-3087863.5841350877,301.52060617954686,51.8,6:06
2447500,9790.000000159487,-3630638.3770953678,-3091255.8354226234,301.4143538754823,51.8,5:49
2450000,9800.000000161524,-3626274.959450256,-3091508.9170296197,298.8345908469543,51.8,5:33
2452500,9810.000000163562,-3628474.831209304,-3091367.673621949,300.14283807560247,51.8,5:16
2455000,9820.000000165599,-3629512.7572742533,-3089675.2404326233,301.6686002330557,51.8,4:59
2457500,9830.000000167636,-3627209.1213534214,-3085843.7925624806,302.5223624814901,51.8,4:43
2460000,9840.000000169674,-3623717.5574887004,-3085227.360483902,300.9156994498327,51.8,4:26
2462500,9850.00000017171,-3630919.928068923,-3092883.411922313,300.66217637080905,51.8,4:09
2465000,9860.000000173748,-3631070.2394689918,-3093346.7653204943,300.4872442135605,51.8,3:53
2467500,9870.000000175785,-3626256.241134556,-3090054.8348565195,299.63669183508176,51.8,3:36
2470000,9880.000000177823,-3630384.6200632416,-3094277.025400459,299.58426861925045,51.8,3:19
2472500,9890.00000017986,-3628444.4800414275,-3089776.588535329,301.01499757158984,51.8,3:03
2475000,9900.000000181897,-3626578.0851280913,-3088029.4996775175,300.94832771325895,51.8,2:46
2477500,9910.000000183934,-3631070.164410604,-3091922.142373029,301.2833010904098,51.8,2:29
2480000,9920.000000185972,-3627953.346866699,-3087311.378141871,302.1181389664489,51.8,2:13
2482500,9930.000000188009,-3627413.885933539,-3087863.1649450883,301.50833478117056,51.8,1:56
2485000,9940.000000190046,-3629902.6501795184,-3088996.5829067994,302.26572085318423,51.8,1:39
2487500,9950.000000192083,-3625741.9145736583,-3087023.7206392484,301.04310725767783,51.8,1:23
2490000,9960.00000019412,-3630923.7250685208,-3094635.188680493,299.6853813342354,51.8,1:06
2492500,9970.000000196158,-3629297.301824212,-3089918.30872033,301.4123708865865,51.8,0:49
2495000,9980.000000198195,-3631441.248806976,-3093076.2540781135,300.8457347027574,51.8,0:33
2497500,9990.000000200233,-3626400.948910337,-3087030.7464798596,301.4074585378548,51.8,0:16
2500000,10000.00000020227,-3627139.3019412067,-3088830.901753709,300.81410889769245,51.8,0:00
2502500,10010.000000204307,-3624129.517823793,-3084538.285007607,301.53097334552467,51.8,23:59:44
2505000,10020.000000206344,-3627718.446822455,-3088306.978568692,301.43051844525223,51.8,23:59:27
2507500,10030.000000208382,-3627827.3572782576,-3089303.9906103695,300.9342351119948,51.8,23:59:11
2510000,10040.000000210419,-3627452.8800877985,-3088765.8749545724,301.025678528287,51.8,23:58:54
2512500,10050.000000212456,-3631858.7643571496,-3092097.2193262316,301.6261461444093,51.8,23:58:37
2515000,10060.000000214493,-3628303.440061925,-3088544.0550362356,301.62493910389543,51.8,23:58:21
2517500,10070.00000021653,-3630908.037366094,-3091934.803046339,301.1856273190847,51.8,23:58:04
2520000,10080.000000218568,-3625571.718003148,-3086896.54305537,301.0190676585841,51.8,23:57:47
2522500,10090.000000220605,-3627453.0659937244,-3087962.899813664,301.4744959246357,51.8,23:57:30
2525000,10100.000000222642,-3627837.9092182107,-3088272.215329783,301.5167018428078,51.8,23:57:14
2527500,10110.00000022468,-3629676.9990432933,-3092377.627106974,300.25025008715744,51.8,23:56:57
2530000,10120.000000226717,-3626261.3923732582,-3090313.761902605,299.4948784371649,51.8,23:56:40
2532500,10130.000000228754,-3629712.7964775637,-3092798.5779952547,300.0350210604199,51.8,23:56:24
2535000,10140.000000230792,-3629850.1292455364,-3093230.7564134137,299.8702572716841,51.8,23:56:07
2537500,10150.000000232829,-3630663.164129991,-3089867.589059308,302.20397629693343,51.8,23:55:50
2540000,10160.000000234866,-3626399.163817005,-3089077.187880685,300.26288151203465,51.8,23:55:34
2542500,10170.000000236903,-3628702.443059804,-3089176.59843474,301.49443352850136,51.8,23:55:17
2545000,10180.00000023894,-3629742.0716519915,-3091516.388911227,300.76788525522153,51.8,23:55:00
2547500,10190.000000240978,-3625662.4419161174,-3088179.891743174,300.3526125953411,51.8,23:54:44
2550000,10200.000000243015,-3627637.684791632,-3090023.1825996744,300.4263491913205,51.8,23:54:27
2552500,10210.000000245052,-3629809.350450374,-3090100.6391483257,301.5966219328903,51.8,23:54:10
2555000,10220.00000024709,-3626962.959645275,-3089875.498375045,300.13183150375176,51.8,23:53:54
2557500,10230.000000249127,-3625945.3841575403,-3085841.803945129,301.81728008974034,51.8,23:53:37
2560000,10240.000000251164,-3629166.6789714545,-3092586.6981900567,299.8482444540644,51.8,23:53:20
2562500,10250.000000253202,-3628781.2951086406,-3091163.412345435,300.42823830084797,51.8,23:53:04
2565000,10260.000000255239,-3626630.7224390116,-3087561.7683625543,301.2391168304991,51.8,23:52:47
2567500,10270.000000257276,-3626931.2817924116,-3087500.811092653,301.44113727240983,51.8,23:52:30
2570000,10280.000000259313,-3627522.697226586,-3088721.698678951,301.0893796099786,51.8,23:52:14
2572500,10290.00000026135,-3626556.368713334,-3088993.6972361044,300.39738547784526,51.8,23:51:57
2575000,10300.000000263388,-3629931.985468559,-3092337.4000208145,300.415219441793,51.8,23:51:40
2577500,10310.000000265425,-3628346.169754397,-3089765.5541385077,300.96622660845344,51.8,23:51:24
2580000,10320.000000267462,-3627139.057007976,-3090096.2653649515,300.1068695040914,51.8,23:51:07
2582500,10330.0000002695,-3629266.567894498,-3088724.5105656898,302.0623071095583,51.8,23:50:50
2585000,10340.000000271537,-3625327.8766136523,-3086743.6799544767,300.9682277445024,51.8,23:50:34
2587500,10350.000000273574,-3629146.158516817,-3089104.2863961696,301.7827967626561,51.8,23:50:17
2590000,10360.000000275611,-3631497.3021062724,-3094319.7463199985,300.1821775536199,51.8,23:50:00
2592500,10370.000000277649,-3628034.2172681633,-3090133.1533781216,300.58648379413063,51.8,23:49:44
2595000,10380.000000279686,-3629260.3283350635,-3093162.269442583,299.57893990016487,51.8,23:49:27
2597500,10390.000000281723,-3629422.359668337,-3089593.9472642867,301.6635125486044,51.8,23:49:10
2600000,10400.00000028376,-3624900.3802529983,-3087761.80461641,300.16039491194425,51.8,23:48:54
