#"Step","Time (ps)","Potential Energy (kJ/mole)","Total Energy (kJ/mole)","Temperature (K)","Speed (ns/day)","Time Remaining"
102500,410.0000000005015,-3527845.9058912005,-3003403.8316337243,301.37382183688015,0,--
105000,420.0000000005492,-3529583.487901848,-3003912.8501388407,302.0798233138885,51.4,4:28:20
107500,430.00000000059697,-3527775.0697716977,-3002783.7786070043,301.6894326668841,50.9,4:30:28
110000,440.0000000006447,-3528091.959099369,-3003836.486466254,301.2665900805906,50.9,4:30:37
112500,450.00000000069247,-3528919.143419955,-3003674.451944413,301.8350506938952,51.3,4:28:05
115000,460.0000000007402,-3529565.3023705054,-3006835.357702197,300.38993617420107,51.5,4:27:00
117500,470.00000000078796,-3526670.051872518,-3003235.188396715,300.79502204645894,51.5,4:26:34
120000,480.0000000008357,-3527083.8355806414,-3003161.2075243993,301.0753189238058,51.5,4:26:24
122500,490.00000000088346,-3523514.941832667,-3000141.425214654,300.759768702196,51.5,4:25:51
125000,500.0000000009312,-3525681.128199097,-2999682.0368835297,302.2685711418941,51.5,4:25:48
127500,510.00000000097896,-3526428.4438733906,-3001907.2967043333,301.4192615655684,51.6,4:24:49
130000,520.0000000010267,-3527288.119682269,-3001726.349858118,302.0172616918923,51.7,4:24:11
132500,530.0000000010745,-3525262.709028516,-3000158.9378527473,301.7540699881098,51.7,4:23:39
135000,540.0000000011222,-3526821.46987037,-3002425.3041211003,301.34744023393034,51.8,4:22:57
137500,550.00000000117,-3527981.0648664143,-3003945.2425922826,301.140366668313,51.8,4:22:43
140000,560.0000000012177,-3529114.265077265,-3006127.5911479313,300.53746720264144,51.8,4:22:30
142500,570.0000000012654,-3528541.4216770325,-3004118.2846277747,301.36293945521044,51.8,4:22:18
145000,580.0000000013132,-3528184.0960908122,-3004256.880128893,301.0779553916559,51.8,4:21:53
147500,590.000000001361,-3526735.417978883,-3004300.675676582,300.2202963424143,51.8,4:21:48
150000,600.0000000014087,-3526677.027671719,-3001414.326040779,301.8454003390339,51.8,4:21:26
152500,610.0000000014564,-3524004.798709657,-2999725.2861722293,301.28040475754904,51.8,4:21:11
155000,620.0000000015042,-3527632.5735376887,-3000575.173921377,302.87673443186037,51.8,4:20:59
157500,630.0000000015519,-3527233.904727185,-3003718.586312565,300.84125596548876,51.8,4:20:42
160000,640.0000000015997,-3526784.24365858,-3001916.4090113346,301.61848762963336,51.8,4:20:14
162500,650.0000000016474,-3526618.6896643303,-3002675.348767466,301.08722168341603,51.8,4:19:51
165000,660.0000000016952,-3525503.5299576353,-3001029.7320096646,301.3920520482157,51.9,4:19:21
167500,670.0000000017429,-3529942.8979394305,-3004139.0025257394,302.15640063185543,51.9,4:18:51
170000,680.0000000017907,-3529665.5748694725,-3004759.0124694975,301.6407427678541,51.9,4:18:36
172500,690.0000000018384,-3528558.6938720383,-3003838.336881043,301.53373869913906,51.8,4:18:34
175000,700.0000000018862,-3523881.3939169105,-3000996.0373165784,300.47924458443737,51.9,4:18:06
177500,710.0000000019339,-3527564.926108528,-3003654.9485672237,301.06804922859595,51.9,4:17:43
180000,720.0000000019817,-3530713.144378459,-3008030.4635805646,300.3627757041308,51.9,4:17:27
182500,730.0000000020294,-3525531.9511180203,-3003087.65097709,300.2257888124079,51.9,4:17:12
185000,740.0000000020772,-3526552.0546450187,-3003855.5245198077,300.37073430415205,51.9,4:16:52
187500,750.0000000021249,-3528071.5842230916,-3003444.326152123,301.48023883954613,51.9,4:16:38
190000,760.0000000021727,-3526412.4906248692,-3002107.4402595395,301.2950802253918,51.8,4:16:47
192500,770.0000000022204,-3529247.1564008836,-3006892.98063037,300.1739982958069,51.8,4:16:43
195000,780.0000000022682,-3527470.070084529,-3003691.3982711616,300.99259359488576,51.8,4:16:33
197500,790.0000000023159,-3526893.034142358,-3003550.518430433,300.7419538433076,51.8,4:16:11
200000,800.0000000023637,-3525689.192553211,-3001557.4012087877,301.19551587718024,51.8,4:15:56
202500,810.0000000024114,-3530877.7756633107,-3007442.387827358,300.7953233732022,51.8,4:15:37
205000,820.0000000024592,-3527750.281556787,-3004047.0101924827,300.9492642690788,51.8,4:15:13
207500,830.0000000025069,-3530916.1147123724,-3006536.425822776,301.3379717064891,51.8,4:15:00
210000,840.0000000025547,-3529785.7525736447,-3005919.949916702,301.04266386311366,51.7,4:15:00
212500,850.0000000026024,-3527953.4947894737,-3005259.2240893994,300.3694359117803,51.7,4:14:58
215000,860.0000000026502,-3527643.7025438435,-3004805.1044954695,300.45237449868574,51.7,4:14:38
217500,870.0000000026979,-3528520.410086984,-3004350.8557602423,301.21721660422673,51.7,4:14:27
220000,880.0000000027457,-3528315.9291291963,-3005599.3941074377,300.3822302394019,51.6,4:14:23
222500,890.0000000027934,-3525655.291662831,-3002678.4837111393,300.53179765869345,51.6,4:14:25
225000,900.0000000028411,-3523487.528517358,-2999775.634516632,300.954219319446,51.5,4:14:16
227500,910.0000000028889,-3525741.596541129,-3000371.745772006,301.90697424178836,51.5,4:13:57
230000,920.0000000029366,-3527632.541206233,-3005337.545712243,300.1399899906219,51.6,4:13:38
232500,930.0000000029844,-3527291.9309738856,-3004054.524892905,300.68155195576924,51.6,4:13:15
235000,940.0000000030321,-3527479.015831886,-3002990.057516519,301.400764045378,51.6,4:12:51
237500,950.0000000030799,-3526175.0125044305,-3003032.4454150824,300.6270521534642,51.6,4:12:34
240000,960.0000000031276,-3530130.7929556463,-3007475.290668204,300.34715740810003,51.6,4:12:25
242500,970.0000000031754,-3528493.6134630963,-3004683.494324335,301.01066499133873,51.5,4:12:28
245000,980.0000000032231,-3526152.5934408456,-3001771.983046696,301.33850125467495,51.4,4:12:29
247500,990.0000000032709,-3526428.551620025,-3002378.8190818266,301.1483602860078,51.4,4:12:33
250000,1000.0000000033186,-3528018.6821930613,-3003690.2462926893,301.3085188650766,51.3,4:12:26
252500,1010.0000000033664,-3525664.4948006775,-3002345.0678167944,300.7286857655674,51.3,4:12:18
255000,1020.0000000034141,-3531225.3663936276,-3007072.728429957,301.2074955134897,51.3,4:12:03
257500,1030.0000000032912,-3524563.8922594134,-3001904.8004906024,300.34922012536,51.3,4:11:54
260000,1040.0000000030548,-3528978.6117314585,-3005344.5068761325,300.9095173147877,51.2,4:11:53
262500,1050.0000000028183,-3526869.918934878,-3004201.7726822956,300.3544233394286,51.2,4:11:52
265000,1060.0000000025818,-3527886.698007617,-3003827.1536817155,301.1539986893782,51.1,4:11:48
267500,1070.0000000023454,-3526193.942947658,-3003383.4698108104,300.4362123475318,51.1,4:11:46
270000,1080.000000002109,-3526625.7590538748,-3003851.633749454,300.4153248449619,51,4:11:39
272500,1090.0000000018724,-3524006.4340092335,-3000013.8167396127,301.1155386501752,51,4:11:29
275000,1100.000000001636,-3526543.195103286,-3001973.010475674,301.4474412388308,51,4:11:06
277500,1110.0000000013995,-3527666.0320757944,-3004790.33452722,300.47369395170523,51.1,4:10:42
280000,1120.000000001163,-3530876.4353523757,-3009172.7082515582,299.8002140189206,51.1,4:10:19
282500,1130.0000000009265,-3528980.2075396124,-3005530.6476492877,300.8034674302853,51.1,4:09:58
285000,1140.00000000069,-3529980.1002402175,-3006834.8028097716,300.6286211605518,51.1,4:09:34
287500,1150.0000000004536,-3525948.15693737,-3001903.4923734427,301.1454479438252,51.1,4:09:12
290000,1160.0000000002171,-3526026.621020125,-3002798.279374916,300.67634302272324,51.2,4:08:50
292500,1169.9999999999807,-3529698.5942935534,-3005234.4005707125,301.38653292193806,51.1,4:08:35
295000,1179.9999999997442,-3528943.353575792,-3003305.9199443804,302.06074235808643,51.1,4:08:19
297500,1189.9999999995077,-3525872.093367001,-3002367.2489191215,300.8352370369142,51.2,4:07:58
300000,1199.9999999992713,-3525398.37173634,-3002532.6900200555,300.4679382928743,51.2,4:07:38
302500,1209.9999999990348,-3523686.920912273,-2999836.8017315804,301.03365125827304,51.2,4:07:18
305000,1219.9999999987983,-3526479.2236749567,-3002877.974972605,300.8906363270127,51.2,4:06:56
307500,1229.9999999985619,-3525485.7713766955,-3002324.696095204,300.63768799844183,51.2,4:06:35
310000,1239.9999999983254,-3528858.745329354,-3006325.09246708,300.2771358961845,51.2,4:06:14
312500,1249.999999998089,-3527413.282419564,-3001386.133233089,302.2846947677497,51.2,4:05:53
315000,1259.9999999978525,-3526271.884132065,-3003565.9085823633,300.3761621746781,51.3,4:05:32
317500,1269.999999997616,-3525651.9451229107,-3002392.5504679303,300.6941878233098,51.3,4:05:12
320000,1279.9999999973795,-3527556.512572298,-3003938.8758944026,300.90005377664943,51.3,4:04:50
322500,1289.999999997143,-3524184.785035627,-3000307.5206520683,301.04925041389737,51.3,4:04:30
325000,1299.9999999969066,-3527041.641150711,-3002322.985027753,301.5327612849958,51.3,4:04:10
327500,1309.99999999667,-3529029.6435587704,-3005621.794102231,300.7794982762883,51.3,4:03:59
330000,1319.9999999964336,-3526148.9501427524,-3001239.664498893,301.64230769648486,51.2,4:03:54
332500,1329.9999999961972,-3529111.9376235437,-3002852.688884391,302.4180721847619,51.2,4:03:50
335000,1339.9999999959607,-3526327.0148086194,-3001356.7898283666,301.67732685610326,51.2,4:03:43
337500,1349.9999999957242,-3530355.320695827,-3006681.3195970175,300.93244393331355,51.1,4:03:38
340000,1359.9999999954878,-3527679.4119769316,-3005377.0081160814,300.1442472536139,51.1,4:03:28
342500,1369.9999999952513,-3526306.608515501,-3002932.2260669647,300.76026625696244,51.1,4:03:19
345000,1379.9999999950148,-3529879.483395431,-3005518.293126557,301.3273413617865,51,4:03:13
347500,1389.9999999947784,-3528249.742286099,-3004694.3884066693,300.86426258839526,51,4:03:03
350000,1399.999999994542,-3526948.3029829375,-3003591.22254028,300.75032355424463,51,4:02:46
352500,1409.9999999943054,-3521557.4958346486,-2997733.5107837613,301.0186331219213,51,4:02:28
355000,1419.999999994069,-3528648.2404970396,-3004917.8810201506,300.96483061742634,51,4:02:12
357500,1429.9999999938325,-3524732.1988017,-3002454.7976448485,300.12987929797055,51,4:01:57
360000,1439.999999993596,-3528431.8213760015,-3005802.0924088317,300.33234661313656,51,4:01:41
362500,1449.9999999933596,-3527946.6528364234,-3003287.361638723,301.4986468702943,51,4:01:25
365000,1459.999999993123,-3530159.499620069,-3007110.03757955,300.5735487719177,51,4:01:13
367500,1469.9999999928866,-3525405.3176102694,-3001644.570004263,300.98229334030873,51,4:00:57
370000,1479.9999999926501,-3532075.7015103363,-3008011.0017777225,301.15696127514354,51,4:00:42
372500,1489.9999999924137,-3526049.586982701,-3001486.2585932803,301.4435012599304,51,4:00:27
375000,1499.9999999921772,-3527027.756346112,-3000954.580771489,302.3111441111231,50.9,4:00:14
377500,1509.9999999919407,-3526029.836344499,-3003307.9589992063,300.3853002380538,50.9,4:00:00
380000,1519.9999999917043,-3527112.4331134427,-3002273.8672781703,301.60166812914355,50.9,3:59:46
382500,1529.9999999914678,-3527845.068794487,-3004516.205942131,300.73410814467013,50.9,3:59:35
385000,1539.9999999912313,-3529070.7375376653,-3006275.4060883317,300.42751108487744,50.9,3:59:20
387500,1549.9999999909949,-3524861.1682616603,-3002034.493643854,300.44552262692343,50.9,3:59:02
390000,1559.9999999907584,-3528936.9824818857,-3003222.2486185255,302.10516340566187,50.9,3:58:43
392500,1569.999999990522,-3532132.1692240164,-3008719.949336411,300.7820097710331,50.9,3:58:27
395000,1579.9999999902855,-3530735.4244931415,-3007230.500177441,300.83528293344244,50.9,3:58:11
397500,1589.999999990049,-3529373.473566305,-3006338.215342884,300.5653864621917,50.9,3:57:57
400000,1599.9999999898125,-3528938.954358751,-3005549.160664974,300.7691224226012,50.9,3:57:44
402500,1609.999999989576,-3526205.7098798044,-3001557.1696850006,301.4924687412108,50.9,3:57:27
405000,1619.9999999893396,-3531901.92809204,-3006949.057131299,301.66735426343564,50.9,3:57:15
407500,1629.9999999891031,-3529294.7779061235,-3005907.490025696,300.7676824417473,50.9,3:57:00
410000,1639.9999999888666,-3527779.0350526758,-3005005.104686775,300.4152128223579,50.8,3:56:47
412500,1649.9999999886302,-3526649.7760098986,-3003310.0476875687,300.7403520529543,50.8,3:56:36
415000,1659.9999999883937,-3530101.7758418657,-3007369.3744488386,300.3913479459753,50.8,3:56:26
417500,1669.9999999881572,-3524546.8914865684,-2999378.234767968,301.79135685921534,50.8,3:56:09
420000,1679.9999999879208,-3528592.219751764,-3005541.2190043004,300.57443299920493,50.8,3:55:54
422500,1689.9999999876843,-3523459.315177122,-2999966.144283223,300.8285287582499,50.8,3:55:43
425000,1699.9999999874478,-3526773.234181626,-3000427.6242380347,302.4677001751875,50.8,3:55:27
427500,1709.9999999872114,-3527490.9319177736,-3003472.5739616645,301.1303306919362,50.7,3:55:13
430000,1719.999999986975,-3525220.7969579324,-3003335.264099452,299.9046898012963,50.7,3:55:01
432500,1729.9999999867384,-3527345.3114425372,-3004006.6583005446,300.73973419404626,50.7,3:54:42
435000,1739.999999986502,-3525476.032261042,-3002180.5154845333,300.7149456197418,50.7,3:54:23
437500,1749.9999999862655,-3527937.529144181,-3001340.2977961446,302.6122959428345,50.7,3:54:09
440000,1759.999999986029,-3525532.068836853,-2999756.6369711626,302.14004388119565,50.7,3:53:56
442500,1769.9999999857926,-3528037.3200944588,-3003554.0341070807,301.39750440766267,50.7,3:53:45
445000,1779.999999985556,-3531948.475601997,-3008649.2213490037,300.717093383294,50.7,3:53:32
447500,1789.9999999853196,-3526886.951180218,-3002318.4443713157,301.44647707012354,50.7,3:53:18
450000,1799.9999999850832,-3526120.390365932,-3001461.6971611814,301.49830323001544,50.7,3:53:05
452500,1809.9999999848467,-3528488.6371054593,-3003335.466751648,301.78245752567193,50.6,3:52:53
455000,1819.9999999846102,-3527445.229963951,-3003299.538777155,301.20350350598477,50.6,3:52:41
457500,1829.9999999843737,-3525558.521581391,-2999585.4346563444,302.2536275610099,50.6,3:52:27
460000,1839.9999999841373,-3522328.401636211,-3000471.3354575727,299.88833125090525,50.6,3:52:09
462500,1849.9999999839008,-3526943.2071538437,-3004582.015865178,300.178029805904,50.6,3:51:55
465000,1859.9999999836643,-3527133.3248754498,-3001418.0095940903,302.10549752104475,50.6,3:51:40
467500,1869.9999999834279,-3526173.5221333206,-3003146.921915834,300.5604110865192,50.6,3:51:26
470000,1879.9999999831914,-3528772.4879966825,-3005414.3878537067,300.75090953122316,50.6,3:51:09
472500,1889.999999982955,-3528048.4806798045,-3003638.6531716855,301.3552910465931,50.6,3:50:53
475000,1899.9999999827185,-3530273.4137394316,-3006537.8853895157,300.96780094169117,50.6,3:50:39
477500,1909.999999982482,-3526531.984063266,-3000417.924755961,302.3346381963118,50.6,3:50:22
480000,1919.9999999822455,-3529625.0487786885,-3005613.1451827646,301.1266216546717,50.6,3:50:06
482500,1929.999999982009,-3530333.2064619083,-3008078.415174468,300.1168863992499,50.6,3:49:50
485000,1939.9999999817726,-3527329.691296922,-3003628.784015653,300.94790573441026,50.6,3:49:33
487500,1949.9999999815361,-3526840.603719555,-3003602.5930672996,300.68189937632235,50.6,3:49:16
490000,1959.9999999812997,-3527003.1257663034,-3002968.494910777,301.1396820123785,50.6,3:49:00
492500,1969.9999999810632,-3528101.3528374173,-3004912.9344932935,300.653400855382,50.6,3:48:42
495000,1979.9999999808267,-3528984.3608098384,-3006268.8633941337,300.3816339727837,50.6,3:48:25
497500,1989.9999999805902,-3528456.970748462,-3003283.7601769287,301.79397375844934,50.6,3:48:07
500000,1999.9999999803538,-3524297.3556652777,-3000467.156456594,301.02220412542493,50.6,3:47:51
502500,2009.9999999801173,-3527193.968858728,-3002258.272368346,301.6574848497783,50.6,3:47:35
505000,2019.9999999798808,-3528785.488633869,-3006185.946089882,300.31499980179444,50.6,3:47:17
507500,2029.9999999796444,-3531003.1001318507,-3006558.545231698,301.3752473532538,50.6,3:47:00
510000,2039.999999979408,-3528410.028015677,-3004038.3236578805,301.3333833468163,50.6,3:46:42
512500,2049.9999999791717,-3529903.2512589004,-3008814.774850257,299.44665647350274,50.6,3:46:27
515000,2059.999999978935,-3527290.4647935443,-3002913.6750852666,301.3363056743434,50.6,3:46:10
517500,2069.9999999786987,-3526392.6213704776,-3003694.971764457,300.3713776205955,50.6,3:45:52
520000,2079.9999999784623,-3524559.59988516,-3002227.0044119204,300.16159704696537,50.6,3:45:34
522500,2089.999999978226,-3526292.08128161,-3001905.3425063947,301.34202296605935,50.6,3:45:19
525000,2099.9999999779893,-3526486.0623780675,-3002189.694760867,301.2900906314671,50.6,3:45:02
527500,2109.999999977753,-3528039.40843717,-3007783.8244518447,298.9680297859897,50.6,3:44:45
530000,2119.9999999775164,-3527390.345654534,-3003279.218601858,301.18364101647586,50.5,3:44:28
532500,2129.99999997728,-3526464.8129988015,-3001993.897948445,301.39039537359986,50.5,3:44:12
535000,2139.9999999770434,-3527724.0479151513,-3004243.8376431754,300.8210808581783,50.5,3:43:55
537500,2149.999999976807,-3526313.4131785464,-3001548.129005586,301.55955637700646,50.5,3:43:38
540000,2159.9999999765705,-3524741.8371422123,-3001771.887385219,300.5278565554743,50.6,3:43:19
542500,2169.999999976334,-3524429.8303239644,-3002069.896292491,300.17730731542565,50.6,3:42:59
545000,2179.9999999760976,-3524948.383067688,-3000862.4979031845,301.1691356121948,50.6,3:42:39
547500,2189.999999975861,-3526253.4015252683,-2999162.6676495178,302.89589016641753,50.6,3:42:21
550000,2199.9999999756246,-3527215.7195698246,-3003136.2726410367,301.16543584095473,50.6,3:42:05
552500,2209.999999975388,-3528927.422264289,-3007621.624136503,299.5715417187588,50.6,3:41:51
555000,2219.9999999751517,-3528541.8419748023,-3002899.7602081643,302.0634134372129,50.6,3:41:36
557500,2229.999999974915,-3527115.7101930156,-3003096.411672184,301.13087119316435,50.6,3:41:20
560000,2239.9999999746788,-3528132.2303862646,-3003919.697502859,301.2419144927346,50.6,3:41:03
562500,2249.9999999744423,-3525957.355964819,-3002608.9255483355,300.74535276418965,50.5,3:40:50
565000,2259.999999974206,-3526769.0422582775,-3002077.917576447,301.5169401752093,50.5,3:40:37
567500,2269.9999999739694,-3526617.147441527,-3003364.8218994793,300.69012551464664,50.5,3:40:24
570000,2279.999999973733,-3527673.67545145,-3003251.5896356953,301.3623353574958,50.5,3:40:09
572500,2289.9999999734964,-3526994.2894325294,-3004230.132861319,300.4095962519026,50.5,3:39:55
575000,2299.99999997326,-3530946.634142086,-3011014.0831736,298.78239690174354,50.5,3:39:40
577500,2309.9999999730235,-3527094.9639722537,-3002707.8170375815,301.3422575173694,50.5,3:39:26
580000,2319.999999972787,-3526735.866767049,-3002455.4010535693,301.280952505954,50.5,3:39:11
582500,2329.9999999725505,-3527666.410888223,-3005488.1477729212,300.0729090205312,50.4,3:38:57
585000,2339.999999972314,-3528785.4867761414,-3005031.0081432792,300.97869083683275,50.4,3:38:42
587500,2349.9999999720776,-3526441.882583309,-3003930.2440864,300.2644852074791,50.4,3:38:28
590000,2359.999999971841,-3528687.46989567,-3004088.2321875775,301.4641367679093,50.4,3:38:14
592500,2369.9999999716047,-3529050.0152538847,-3004867.236357211,301.22481618362383,50.4,3:38:00
595000,2379.999999971368,-3528874.4121359587,-3006320.7195138866,300.28865186581294,50.4,3:37:46
597500,2389.9999999711317,-3527027.121868888,-3003829.4760912717,300.6587034560577,50.4,3:37:31
600000,2399.9999999708953,-3526166.700505797,-3002138.8056447487,301.1358111322576,50.4,3:37:17
602500,2409.999999970659,-3526265.664840702,-3002022.818581717,301.2593342580424,50.4,3:37:02
605000,2419.9999999704223,-3525146.781098008,-3001686.2961113453,300.80974560322176,50.3,3:36:48
607500,2429.999999970186,-3528934.8842355944,-3004284.2423463115,301.4936764927027,50.3,3:36:34
610000,2439.9999999699494,-3525554.360601891,-3003581.7812899677,299.9547115742226,50.3,3:36:20
612500,2449.999999969713,-3523881.2199352514,-2999430.761891823,301.378639630375,50.3,3:36:05
615000,2459.9999999694764,-3526771.451410545,-3001966.6242752187,301.5822799803932,50.3,3:35:51
617500,2469.99999996924,-3529323.6099423002,-3005123.3826498585,301.23484301018055,50.3,3:35:36
620000,2479.9999999690035,-3526010.373367682,-3001511.3081041384,301.40657206450663,50.3,3:35:22
622500,2489.999999968767,-3524913.3961027116,-2999970.5996293016,301.6615648981288,50.3,3:35:08
625000,2499.9999999685306,-3531605.8390059937,-3007423.1856547506,301.2247440381803,50.3,3:34:55
627500,2509.999999968294,-3523565.9786687624,-3000235.8683818826,300.7348249904922,50.2,3:34:40
630000,2519.9999999680576,-3528202.4913983885,-3004025.417372976,301.2215378447198,50.2,3:34:25
632500,2529.999999967821,-3529893.0597302187,-3004860.5020479485,301.7131467217367,50.2,3:34:10
635000,2539.9999999675847,-3525654.957226999,-3001555.0818154467,301.17717519259577,50.2,3:33:55
637500,2549.9999999673482,-3527321.530531373,-3004013.7792529496,300.72197625054207,50.2,3:33:40
640000,2559.9999999671118,-3525398.996746825,-3002836.423489077,300.29375517701794,50.2,3:33:25
642500,2569.9999999668753,-3526236.057130797,-3004355.819321022,299.90164696941184,50.2,3:33:10
645000,2579.999999966639,-3526590.325487256,-3002101.9346714686,301.40043792829937,50.2,3:32:56
647500,2589.9999999664024,-3525043.187655775,-3000328.3012806745,301.53059497650327,50.2,3:32:41
650000,2599.999999966166,-3524936.2605302166,-3001251.9799630824,300.93835109219265,50.2,3:32:27
652500,2609.9999999659294,-3528952.0616945736,-3004844.236395589,301.18174364367184,50.1,3:32:12
655000,2619.999999965693,-3527478.7823063303,-3005600.927258866,299.9002777005845,50.1,3:31:57
657500,2629.9999999654565,-3530326.5090567823,-3005645.21830967,301.5112890449221,50.1,3:31:42
660000,2639.99999996522,-3526270.1737358477,-3000280.0959832454,302.26339144321537,50.1,3:31:27
662500,2649.9999999649835,-3525886.239693191,-3000325.906520917,302.0164361111692,50.1,3:31:12
665000,2659.999999964747,-3525733.8225311954,-3001979.7281977986,300.9784699968117,50.1,3:30:58
667500,2669.9999999645106,-3528644.567357069,-3004466.0521935504,301.22236600348157,50.1,3:30:42
670000,2679.999999964274,-3527633.5718938075,-3004358.7531965077,300.7030513428673,50.1,3:30:27
672500,2689.9999999640377,-3527433.769175712,-3005804.2804907914,299.7575524625274,50.1,3:30:12
675000,2699.999999963801,-3526590.3643613737,-3004578.6720286687,299.97718810906827,50.1,3:29:56
677500,2709.9999999635647,-3531568.390930731,-3005295.465344726,302.425931667837,50.1,3:29:41
680000,2719.9999999633283,-3526616.3577422015,-3004088.727181281,300.2736751441506,50.1,3:29:26
682500,2729.999999963092,-3528505.661029527,-3006353.133679568,300.0581198067366,50,3:29:11
685000,2739.9999999628553,-3528388.0059274603,-3003492.429892442,301.63442938653395,50,3:28:56
687500,2749.999999962619,-3524617.17887111,-2999570.6170667065,301.7211942755392,50,3:28:40
690000,2759.9999999623824,-3528213.270523105,-3003634.862787847,301.4521666975618,50,3:28:25
692500,2769.999999962146,-3522926.9542462584,-2997526.790114076,301.9243939999016,50,3:28:10
695000,2779.9999999619095,-3527443.0509848613,-3003143.4672847157,301.29193877305596,50,3:27:55
697500,2789.999999961673,-3525888.104102941,-3003821.447047425,300.0087739207201,50,3:27:40
700000,2799.9999999614365,-3529043.4995286595,-3005074.0727846758,301.10221207382915,50,3:27:25
702500,2809.9999999612,-3528310.9919832647,-3002865.985444826,301.95016296089307,50,3:27:09
705000,2819.9999999609636,-3525772.180293523,-3004174.3830671473,299.73934077347684,50,3:26:53
707500,2829.999999960727,-3525587.0404710714,-3002103.3713379255,300.8230685137481,50,3:26:38
710000,2839.9999999604906,-3524699.494007809,-3002336.5522270845,300.17903573679257,50,3:26:22
712500,2849.999999960254,-3528432.627665935,-3004528.035353674,301.06495457403275,50,3:26:07
715000,2859.9999999600177,-3525235.027679039,-3002430.1747387415,300.4329826674647,49.9,3:25:51
717500,2869.9999999597812,-3529234.062003553,-3006904.2291248813,300.1600095052253,49.9,3:25:36
720000,2879.9999999595448,-3526117.3430331927,-3000869.8955912236,301.83663442673395,49.9,3:25:20
722500,2889.9999999593083,-3528590.009578973,-3004987.696589607,300.8912479260068,49.9,3:25:04
725000,2899.999999959072,-3528500.4463644307,-3005805.7913615634,300.36965675371334,49.9,3:24:49
727500,2909.9999999588354,-3528514.265549071,-3004236.4313172013,301.2794403090713,49.9,3:24:33
730000,2919.999999958599,-3526081.3051710855,-3001550.968935624,301.4245421183636,49.9,3:24:18
732500,2929.9999999583624,-3529514.550293749,-3004324.7242218135,301.8035219566276,49.9,3:24:02
735000,2939.999999958126,-3530743.554400781,-3007259.677173949,300.82318809604834,49.9,3:23:47
737500,2949.9999999578895,-3528322.6487516537,-3005105.7879807865,300.6697454685829,49.9,3:23:31
740000,2959.999999957653,-3529395.9228056297,-3004463.523185992,301.6555902829897,49.9,3:23:15
742500,2969.9999999574165,-3528495.0349560063,-3003965.2705247747,301.42421352759163,49.9,3:22:59
745000,2979.99999995718,-3528414.908605894,-3005104.980702129,300.7232270615088,49.9,3:22:43
747500,2989.9999999569436,-3527871.0883337,-3002172.872116469,302.09567144003586,49.9,3:22:27
750000,2999.999999956707,-3527412.9349775854,-3003911.394354073,300.8333384741844,49.9,3:22:12
752500,3009.9999999564707,-3527118.5798719283,-3002817.134853861,301.2930083906998,49.8,3:21:57
755000,3019.999999956234,-3528070.312682189,-3005373.164366616,300.3710895509966,49.8,3:21:41
757500,3029.9999999559977,-3524679.29850287,-3000080.6523545026,301.4637968245216,49.8,3:21:26
760000,3039.9999999557613,-3527609.9140411355,-3003951.9763250193,300.9232130129288,49.8,3:21:11
762500,3049.999999955525,-3528322.3387656882,-3005121.459168309,300.6605617902169,49.8,3:20:55
765000,3059.9999999552883,-3529304.301220715,-3005804.279488378,300.83246563414923,49.8,3:20:40
767500,3069.999999955052,-3525586.669176409,-3002916.782214511,300.35542364860464,49.8,3:20:24
770000,3079.9999999548154,-3526494.4129023924,-3002287.262945405,301.2388211613888,49.8,3:20:09
772500,3089.999999954579,-3526524.773486443,-3002623.2053666804,301.06321670345363,49.8,3:19:53
775000,3099.9999999543425,-3527667.2122728806,-3004354.204260293,300.7249970647431,49.8,3:19:38
777500,3109.999999954106,-3527968.107566973,-3003208.067034809,301.5565430869889,49.8,3:19:22
780000,3119.9999999538695,-3526713.836885581,-3001855.501052685,301.6130290783006,49.8,3:19:06
782500,3129.999999953633,-3527600.644717237,-3003596.1132507115,301.122385215757,49.8,3:18:50
785000,3139.9999999533966,-3529179.370627992,-3005641.6070590084,300.85415420970725,49.7,3:18:34
787500,3149.99999995316,-3526474.072857676,-3002269.6564042363,301.2372503369804,49.7,3:18:18
790000,3159.9999999529236,-3526854.1688190736,-3003797.4571916373,300.57771479105185,49.7,3:18:02
792500,3169.999999952687,-3524270.0286468677,-2998886.5539483153,301.9148033155452,49.7,3:17:46
795000,3179.9999999524507,-3526665.008079918,-3001603.3162595443,301.72988883107007,49.7,3:17:30
797500,3189.9999999522142,-3526722.442892449,-3001617.1810123757,301.75492663038835,49.7,3:17:14
800000,3199.9999999519778,-3529156.1188201588,-3008351.9231832754,299.28329280215485,49.7,3:16:58
802500,3209.9999999517413,-3525631.121070169,-3000917.8457744634,301.52966915994824,49.7,3:16:42
805000,3219.999999951505,-3526351.088955242,-3002913.294048964,300.7967066107781,49.7,3:16:27
807500,3229.9999999512684,-3528371.1299446225,-3004133.183765722,301.2565183972739,49.7,3:16:11
810000,3239.999999951032,-3529648.8203220665,-3006215.348151524,300.7942225244445,49.7,3:15:55
812500,3249.9999999507954,-3527683.3998102844,-3003665.77357709,301.12991020292105,49.7,3:15:39
815000,3259.999999950559,-3525763.3300298415,-3002665.5081143314,300.60133906767203,49.7,3:15:23
817500,3269.9999999503225,-3526723.950443795,-2999530.352464631,302.95500164792765,49.7,3:15:07
820000,3279.999999950086,-3527500.583647292,-3003520.4859524565,301.10834420051907,49.7,3:14:51
822500,3289.9999999498496,-3531113.021304613,-3006939.0416415576,301.2197596506055,49.7,3:14:35
825000,3299.999999949613,-3527643.7877441067,-3004388.200244428,300.69200001840244,49.6,3:14:19
827500,3309.9999999493766,-3527705.9643374123,-3004830.698921331,300.4734456241445,49.6,3:14:03
830000,3319.99999994914,-3525597.2411931157,-3002075.203970698,300.84511696917906,49.6,3:13:47
832500,3329.9999999489037,-3526989.7070393246,-3004718.005538167,300.1266039562237,49.6,3:13:31
835000,3339.999999948667,-3525852.6927555334,-3002670.7852029763,300.64965938948154,49.6,3:13:14
837500,3349.9999999484307,-3527654.7055095844,-3003425.2756219525,301.2516244587943,49.6,3:12:58
840000,3359.9999999481943,-3528572.8229969386,-3005849.622445573,300.38606062645664,49.6,3:12:42
842500,3369.999999947958,-3526608.7316005398,-3003222.3443767605,300.76716487393645,49.6,3:12:26
845000,3379.9999999477213,-3525140.298419293,-3002676.662720903,300.2369001078874,49.6,3:12:09
847500,3389.999999947485,-3528075.7715226803,-3004277.019302548,301.00413292254035,49.6,3:11:53
850000,3399.9999999472484,-3524193.5687098354,-3001464.0847771224,300.38967140969424,49.6,3:11:37
852500,3409.999999947012,-3528027.3026428986,-3001937.2794302134,302.32082570861667,49.6,3:11:20
855000,3419.9999999467755,-3528832.1835834626,-3005604.911449978,300.6757284213176,49.6,3:11:04
857500,3429.999999946539,-3527669.7694090866,-3002915.468005214,301.55324506207415,49.6,3:10:48
860000,3439.9999999463025,-3528823.566282913,-3005648.74974896,300.6455844925912,49.6,3:10:32
862500,3449.999999946066,-3531112.9263433553,-3008006.3519849535,300.6063687121156,49.6,3:10:15
865000,3459.9999999458296,-3529276.650500372,-3005509.712412809,300.9858507381172,49.6,3:09:58
867500,3469.999999945593,-3531162.165272262,-3008909.875285903,300.1154490113981,49.6,3:09:42
870000,3479.9999999453566,-3528226.6002896503,-3002325.8899613237,302.2120359103096,49.6,3:09:26
872500,3489.99999994512,-3524948.9581161793,-2999060.4015379352,302.20505168404003,49.6,3:09:10
875000,3499.9999999448837,-3530182.6834973115,-3005201.030620937,301.68389396598815,49.5,3:08:54
877500,3509.9999999446472,-3523026.180222677,-2997791.2267359956,301.8294546994778,49.5,3:08:38
880000,3519.999999944411,-3528022.353045879,-3004742.625642354,300.70587216070015,49.5,3:08:22
882500,3529.9999999441743,-3526146.2384181544,-3002627.320977124,300.84332416786503,49.5,3:08:05
885000,3539.999999943938,-3530316.226885572,-3006846.792220338,300.81488859034584,49.5,3:07:49
887500,3549.9999999437014,-3526771.9322187603,-3002833.191035071,301.0845784303153,49.5,3:07:33
890000,3559.999999943465,-3529207.0259611774,-3005325.2408886226,301.0518482552738,49.5,3:07:17
892500,3569.9999999432284,-3526135.3134837616,-3003917.4543824503,300.09566309427726,49.5,3:07:00
895000,3579.999999942992,-3528401.6893751808,-3004541.9470453486,301.0391812593478,49.5,3:06:44
897500,3589.9999999427555,-3527194.2865950223,-3006240.7901777294,299.36908940201573,49.5,3:06:28
900000,3599.999999942519,-3528829.5243353304,-3005955.8788017966,300.4725147488044,49.5,3:06:12
902500,3609.9999999422826,-3529041.0680382587,-3006692.4928460005,300.17077988951144,49.5,3:05:55
905000,3619.999999942046,-3527085.3531751055,-3002388.132185441,301.52044345551667,49.5,3:05:39
907500,3629.9999999418096,-3531096.1914292853,-3007309.8967882385,300.9969740990896,49.5,3:05:23
910000,3639.999999941573,-3527222.3916692752,-3002993.2363533336,301.2514666745057,49.5,3:05:07
912500,3649.9999999413367,-3528251.614457689,-3004831.079634596,300.7867879991906,49.5,3:04:50
915000,3659.9999999411,-3529023.8339938205,-3005214.871435236,301.01000035551834,49.5,3:04:33
917500,3669.9999999408637,-3524248.926901305,-3000812.4998644167,300.7959205563291,49.5,3:04:17
920000,3679.9999999406273,-3529171.7721919343,-3003104.898984919,302.3075224173158,49.5,3:04:00
922500,3689.999999940391,-3524916.6557551194,-3002738.0586870736,300.073100928503,49.5,3:03:44
925000,3699.9999999401543,-3527189.8943273406,-3003698.3367741983,300.8276016421894,49.4,3:03:27
927500,3709.999999939918,-3530088.384834083,-3005879.1609122185,301.2400129778964,49.4,3:03:11
930000,3719.9999999396814,-3528793.8827425633,-3005209.7536955695,300.8807984131287,49.4,3:02:54
932500,3729.999999939445,-3527857.9145389963,-3004130.550039057,300.96310953573965,49.4,3:02:38
935000,3739.9999999392085,-3525786.945813438,-3003570.1216884167,300.09506833886877,49.4,3:02:21
937500,3749.999999938972,-3525623.7395311743,-3001778.8100142376,301.0306689864894,49.4,3:02:05
940000,3759.9999999387355,-3528202.9965475816,-3005603.6191815836,300.3149048812602,49.4,3:01:48
942500,3769.999999938499,-3527358.8049758878,-3004052.535576619,300.72112467968947,49.4,3:01:32
945000,3779.9999999382626,-3524532.8842761517,-3001605.6033020313,300.50333668035597,49.4,3:01:16
947500,3789.999999938026,-3527617.4952179547,-3002864.5950595867,301.55243982783804,49.4,3:00:59
950000,3799.9999999377897,-3529113.823568808,-3006209.072333004,300.4903898294554,49.4,3:00:42
952500,3809.999999937553,-3525802.729693681,-3000240.125655058,302.01774107830335,49.4,3:00:25
955000,3819.9999999373167,-3529204.8926913235,-3005184.5365693658,301.131478950072,49.4,3:00:08
957500,3829.9999999370802,-3529349.1552104633,-3005828.855274944,300.84411862671607,49.4,2:59:52
960000,3839.999999936844,-3529977.0046410654,-3005974.8501033075,301.12101929921045,49.4,2:59:35
962500,3849.9999999366073,-3526168.6763681397,-3002722.027374789,300.8017946656671,49.4,2:59:19
965000,3859.999999936371,-3526906.545404177,-3005339.7256503627,299.72153938080675,49.4,2:59:02
967500,3869.9999999361344,-3528142.7124818433,-3004227.4955504113,301.07106007594086,49.4,2:58:45
970000,3879.999999935898,-3531176.1661552526,-3007341.0401653615,301.02503533015596,49.4,2:58:29
972500,3889.9999999356614,-3531547.1521991175,-3009568.062604131,299.95845274790844,49.4,2:58:12
975000,3899.999999935425,-3526460.5194724817,-3000467.4005112327,302.26513909222734,49.4,2:57:56
977500,3909.9999999351885,-3527777.12420281,-3005500.741948219,300.1292937796009,49.4,2:57:39
980000,3919.999999934952,-3528382.584617922,-3004082.7415450844,301.29208782314817,49.4,2:57:22
982500,3929.9999999347156,-3527682.656984603,-3003885.616849946,301.0031490622281,49.4,2:57:05
985000,3939.999999934479,-3529279.925087692,-3004135.256809122,301.777571756519,49.4,2:56:48
987500,3949.9999999342426,-3526236.4916625526,-3002787.879794228,300.8029226436876,49.3,2:56:32
990000,3959.999999934006,-3526128.7320572045,-3002230.4183784947,301.0613465191454,49.3,2:56:15
992500,3969.9999999337697,-3521616.6357680447,-2996516.8306591054,301.75179086372844,49.3,2:55:58
995000,3979.999999933533,-3529726.3285196554,-3005846.928807419,301.0504774934857,49.3,2:55:41
997500,3989.9999999332967,-3526530.114843715,-3003910.3500795932,300.3266206233629,49.3,2:55:25
1000000,3999.9999999330603,-3525171.0983548705,-3002163.2245928217,300.5496498152142,49.3,2:55:08
1002500,4009.999999932824,-3525835.9343693964,-3002982.0533747063,300.4611569365684,49.3,2:54:51
1005000,4019.9999999325873,-3527369.570427241,-3002773.3030785173,301.46242983286487,49.3,2:54:34
1007500,4029.999999932351,-3528766.561126506,-3005347.565558995,300.7859034566257,49.3,2:54:17
1010000,4039.9999999321144,-3526161.292343162,-3000756.44941801,301.92708269668594,49.3,2:54:00
1012500,4049.999999931878,-3530318.4608575534,-3007103.710839642,300.66853251158244,49.3,2:53:43
1015000,4059.9999999316415,-3525844.775332637,-3002908.3310752567,300.50860241671114,49.3,2:53:26
1017500,4069.999999931405,-3528550.0593162626,-3004294.571339772,301.26659889775436,49.3,2:53:09
1020000,4079.9999999311685,-3527511.870420195,-3003271.290489323,301.25803189883385,49.3,2:52:52
1022500,4089.999999930932,-3527789.938553149,-3004587.6413091957,300.6613764494271,49.3,2:52:35
1025000,4099.999999930696,-3529349.0312020183,-3005517.339091554,301.0230620304964,49.3,2:52:18
1027500,4109.999999930459,-3528544.9858659655,-3004238.9870005515,301.2956252867237,49.3,2:52:01
1030000,4119.999999930223,-3527928.8380616494,-3004904.269647822,300.5592434982116,49.3,2:51:44
1032500,4129.999999929986,-3530539.821657574,-3005445.272086659,301.7487707368965,49.3,2:51:27
1035000,4139.99999992975,-3527162.467766229,-3005233.5712355385,299.92960899879097,49.3,2:51:10
1037500,4149.999999929513,-3530237.6501808167,-3006177.0867329957,301.1545843339763,49.3,2:50:53
1040000,4159.999999929277,-3525289.2945500985,-3000496.7625851464,301.5752144860943,49.3,2:50:36
1042500,4169.99999992904,-3527609.1628592815,-3006270.6627590447,299.5903341057599,49.3,2:50:19
1045000,4179.999999928804,-3527993.3274816275,-3004266.1006547227,300.9630304210948,49.3,2:50:02
1047500,4189.999999928567,-3526680.4880994633,-3002940.949073667,300.9701057009345,49.3,2:49:45
1050000,4199.999999928331,-3528524.4110617302,-3004476.601945016,301.14725498017475,49.3,2:49:28
1052500,4209.999999928094,-3528015.3824018743,-3003858.3308777134,301.2100317928199,49.3,2:49:11
1055000,4219.999999927858,-3525246.5946657434,-3001926.529776421,300.7290523418009,49.3,2:48:54
1057500,4229.9999999276215,-3528037.587644592,-3004620.2126643127,300.7849721763345,49.3,2:48:37
1060000,4239.999999927385,-3527484.2828017697,-3002880.8183793933,301.4665656749324,49.3,2:48:20
1062500,4249.999999927149,-3529328.9795934577,-3003361.060569099,302.2506577955056,49.3,2:48:03
1065000,4259.999999926912,-3530604.2959186044,-3008226.5368536143,300.187550579151,49.3,2:47:46
1067500,4269.999999926676,-3529439.337373797,-3004460.7679729965,301.6821220280296,49.3,2:47:29
1070000,4279.999999926439,-3529626.5495945327,-3007598.2230731994,299.98674704654877,49.3,2:47:11
1072500,4289.999999926203,-3528446.3620502334,-3005157.783619711,300.71095845709823,49.3,2:46:54
1075000,4299.999999925966,-3529744.201749433,-3007519.457615081,300.0996196203124,49.3,2:46:37
1077500,4309.99999992573,-3526553.0194991585,-3001601.2353275786,301.6667297334462,49.3,2:46:20
1080000,4319.999999925493,-3528029.4424800184,-3003099.5918017114,301.6541255183798,49.3,2:46:03
1082500,4329.999999925257,-3525450.708855588,-3001315.373902948,301.1975522331549,49.3,2:45:46
1085000,4339.99999992502,-3528050.341293616,-3003775.083650246,301.27795965684777,49.3,2:45:29
1087500,4349.999999924784,-3528324.9735206235,-3004290.388130337,301.1396558855025,49.2,2:45:12
1090000,4359.999999924547,-3530909.231386034,-3007569.4108047453,300.7404050701251,49.2,2:44:55
1092500,4369.999999924311,-3527577.387196794,-3003060.085509016,301.4170517364052,49.2,2:44:38
1095000,4379.9999999240745,-3521065.9402255137,-2996065.200754338,301.6948621935643,49.2,2:44:21
1097500,4389.999999923838,-3529308.1336736716,-3005740.4278509454,300.8713607075985,49.2,2:44:04
1100000,4399.9999999236015,-3528201.450593088,-3004936.635977135,300.69730243678697,49.2,2:43:46
1102500,4409.999999923365,-3526888.1456362214,-3003757.808084919,300.6200243751811,49.2,2:43:29
1105000,4419.999999923129,-3530045.4119734038,-3004480.945531167,302.0188113198464,49.2,2:43:12
1107500,4429.999999922892,-3526767.164479062,-3004160.537773494,300.3190707582543,49.2,2:42:55
1110000,4439.999999922656,-3527339.6521418095,-3002027.8214281998,301.8736326646505,49.2,2:42:37
1112500,4449.999999922419,-3525191.847725991,-2999945.1866059103,301.8361825620873,49.2,2:42:20
1115000,4459.999999922183,-3529539.8603908736,-3006773.3666063687,300.41093934571165,49.2,2:42:03
1117500,4469.999999921946,-3526552.895174429,-3002003.8985046176,301.4352654502496,49.2,2:41:46
1120000,4479.99999992171,-3527535.8496314418,-3002220.673440219,301.87555516367087,49.2,2:41:29
1122500,4489.999999921473,-3528069.123108577,-3004590.7389814365,300.820031452962,49.2,2:41:11
1125000,4499.999999921237,-3528102.5121293366,-3003431.66117962,301.50528975196914,49.2,2:40:54
1127500,4509.999999921,-3527502.66959323,-3002433.555863455,301.73415387636544,49.2,2:40:37
1130000,4519.999999920764,-3520566.4186752737,-2998447.6713001234,300.0387079391357,49.2,2:40:20
1132500,4529.999999920527,-3526146.393839596,-3001730.4761525514,301.3587908048861,49.2,2:40:03
1135000,4539.999999920291,-3527887.6402134486,-3004234.3622494163,300.92053525810456,49.2,2:39:46
1137500,4549.9999999200545,-3525543.116708599,-3002452.5557362903,300.59716652258055,49.2,2:39:28
1140000,4559.999999919818,-3529395.2854888495,-3006296.840902003,300.6016968895358,49.2,2:39:11
1142500,4569.999999919582,-3526089.344709739,-3002418.064347026,300.93088044579844,49.2,2:38:54
1145000,4579.999999919345,-3527167.9914918505,-3003644.7688479647,300.84579817882246,49.2,2:38:37
1147500,4589.999999919109,-3528446.1565162595,-3003509.129294291,301.658249562763,49.2,2:38:20
1150000,4599.999999918872,-3526651.366326725,-3001852.56564492,301.57881684229125,49.2,2:38:03
1152500,4609.999999918636,-3527598.7077825777,-3003966.987461709,300.90814702758536,49.2,2:37:45
1155000,4619.999999918399,-3529465.3121064156,-3007116.807879214,300.1707391090107,49.2,2:37:28
1157500,4629.999999918163,-3525654.8882644624,-3005188.30458663,299.08928204025887,49.2,2:37:11
1160000,4639.999999917926,-3530558.7757747304,-3006592.349971148,301.100487565209,49.2,2:36:54
1162500,4649.99999991769,-3526940.790125396,-3002521.641599464,301.36064742606703,49.2,2:36:37
1165000,4659.999999917453,-3527817.496485345,-3003144.0111280605,301.5068036302716,49.2,2:36:19
1167500,4669.999999917217,-3532403.298705917,-3011171.211756564,299.5291831425746,49.2,2:36:03
1170000,4679.99999991698,-3529182.7596993,-3003805.0706187906,301.9114785750124,49.2,2:35:45
1172500,4689.999999916744,-3528744.42803663,-3003386.446294141,301.9001536335768,49.2,2:35:28
1175000,4699.9999999165075,-3526154.6564138047,-3004179.762793434,299.9560415056219,49.2,2:35:10
1177500,4709.999999916271,-3529869.4373876806,-3008341.117149062,299.6994154006707,49.2,2:34:52
1180000,4719.9999999160345,-3528825.2045199256,-3005767.90715633,300.5780513878917,49.2,2:34:34
1182500,4729.999999915798,-3528203.295393456,-3002187.8395530963,302.27797511541456,49.2,2:34:16
1185000,4739.999999915562,-3525018.2660725657,-3001796.3426761804,300.6726547370716,49.2,2:33:58
1187500,4749.999999915325,-3528160.2350746263,-3002944.8281228268,301.8182221645417,49.2,2:33:40
1190000,4759.999999915089,-3526926.4115111046,-3001751.7942350395,301.79478212974857,49.2,2:33:22
1192500,4769.999999914852,-3528859.66074878,-3007552.220232944,299.57248552702254,49.2,2:33:05
1195000,4779.999999914616,-3526323.9043878894,-3001300.0861508,301.7081245465068,49.2,2:32:47
1197500,4789.999999914379,-3526407.50754142,-3002172.1647292627,301.2550223567698,49.2,2:32:30
1200000,4799.999999914143,-3529378.6318542846,-3005914.414785877,300.8118902666538,49.2,2:32:13
1202500,4809.999999913906,-3530980.100859737,-3009094.8011230947,299.90455583641665,49.2,2:31:56
1205000,4819.99999991367,-3525201.1101540904,-3001880.3343623704,300.7294608661794,49.2,2:31:39
1207500,4829.999999913433,-3526815.305087397,-3004308.3477374525,300.26179515795695,49.2,2:31:21
1210000,4839.999999913197,-3527909.2297992855,-3003142.4301426425,301.56042725890484,49.2,2:31:04
1212500,4849.99999991296,-3527930.493355885,-3004519.577954665,300.7812601400122,49.2,2:30:47
1215000,4859.999999912724,-3526363.2855679765,-3000177.6711369758,302.3757577825518,49.2,2:30:30
1217500,4869.9999999124875,-3529000.2092843577,-3005612.8698204467,300.7677120845091,49.2,2:30:13
1220000,4879.999999912251,-3526690.3647970464,-3002957.8090282674,300.96609272989457,49.2,2:29:56
1222500,4889.999999912015,-3528437.1937319264,-3004489.218820958,301.08988464775376,49.2,2:29:39
1225000,4899.999999911778,-3525863.878407486,-3003267.594071566,300.313127452748,49.2,2:29:21
1227500,4909.999999911542,-3528960.4837975334,-3005074.894050142,301.05403463476677,49.2,2:29:04
1230000,4919.999999911305,-3527322.8180296253,-3003340.687477685,301.10951239419563,49.2,2:28:47
1232500,4929.999999911069,-3527744.074787354,-3003043.366443542,301.5224474847493,49.2,2:28:29
1235000,4939.999999910832,-3528783.543210672,-3004449.3782929857,301.31181107965693,49.2,2:28:12
1237500,4949.999999910596,-3524977.2717546914,-3001066.156721566,301.06870289517684,49.2,2:27:55
1240000,4959.999999910359,-3528788.4200991653,-3004679.6278232406,301.1822993228411,49.2,2:27:38
1242500,4969.999999910123,-3527916.333384391,-3005155.6028986955,300.4076274310618,49.2,2:27:21
1245000,4979.999999909886,-3530429.2264995947,-3005159.7397406367,301.8492994540415,49.2,2:27:04
1247500,4989.99999990965,-3525533.4680630527,-3002286.4138299213,300.6870963249762,49.1,2:26:47
1250000,4999.999999909413,-3528605.318336105,-3003428.8704637857,301.79583409299966,49.1,2:26:29
1252500,5009.999999909177,-3528840.544324737,-3003666.8931151303,301.79422697379357,49.1,2:26:13
1255000,5019.9999999089405,-3531332.7565994337,-3006403.8682639655,301.65357250222513,49.1,2:25:55
1257500,5029.999999908704,-3527505.071377147,-3003407.355403553,301.175934258463,49.1,2:25:38
1260000,5039.9999999084675,-3523777.517129807,-2999469.901106354,301.2965545964084,49.1,2:25:21
1262500,5049.999999908231,-3528059.336985603,-3004796.095901726,300.6963981970269,49.1,2:25:04
1265000,5059.999999907995,-3525503.7279405463,-3002365.692423973,300.624448057658,49.1,2:24:46
1267500,5069.999999907758,-3528479.174820211,-3003713.5587105635,301.55974712643854,49.1,2:24:29
1270000,5079.999999907522,-3526304.7481601965,-3004608.8086680477,299.7957388223209,49.1,2:24:12
1272500,5089.999999907285,-3530069.0735672116,-3005561.4316822495,301.411500672073,49.1,2:23:54
1275000,5099.999999907049,-3526611.545308206,-3003178.26865525,300.79411016907665,49.1,2:23:37
1277500,5109.999999906812,-3527868.536132766,-3006133.8131233617,299.81802600596484,49.1,2:23:20
1280000,5119.999999906576,-3524556.7397394814,-2999757.035398755,301.5793361353761,49.1,2:23:03
1282500,5129.999999906339,-3528369.259764023,-3005198.2186771478,300.64341490900756,49.1,2:22:45
1285000,5139.999999906103,-3528379.8335072845,-3005567.880192999,300.4370629404828,49.1,2:22:28
1287500,5149.999999905866,-3528993.0920605045,-3006735.4787927466,300.1185080673715,49.1,2:22:11
1290000,5159.99999990563,-3526233.3104391936,-3000614.2345962212,302.0501929435103,49.1,2:21:53
1292500,5169.999999905393,-3527912.8072843663,-3005806.784773181,300.0313955188062,49.1,2:21:36
1295000,5179.999999905157,-3525813.4160290323,-3002537.7768406207,300.7035228430658,49.1,2:21:19
1297500,5189.9999999049205,-3525426.238601191,-3002592.4048435763,300.44963667007704,49.1,2:21:01
1300000,5199.999999904684,-3526465.798460055,-3002155.800225675,301.2979235483801,49.1,2:20:44
1302500,5209.999999904448,-3528005.1112854425,-3004802.1647949712,300.66174954288044,49.1,2:20:27
1305000,5219.999999904211,-3526640.774493957,-3003352.497381849,300.7107853026422,49.1,2:20:09
1307500,5229.999999903975,-3527246.846910592,-3004624.0168747064,300.32838210039114,49.1,2:19:52
1310000,5239.999999903738,-3525393.3176805545,-3001057.8255064758,301.3125737956006,49.1,2:19:35
1312500,5249.999999903502,-3526841.513457807,-3002525.6898762663,301.3012711194912,49.1,2:19:17
1315000,5259.999999903265,-3526782.1359074973,-3003443.821142619,300.739539743583,49.1,2:19:00
1317500,5269.999999903029,-3530452.8394208476,-3008722.294536635,299.81562502095824,49.1,2:18:43
1320000,5279.999999902792,-3527819.3101511206,-3005300.988645873,300.26832563879316,49.1,2:18:25
1322500,5289.999999902556,-3528073.4890842624,-3005158.874201359,300.4960580341428,49.1,2:18:08
1325000,5299.999999902319,-3528231.1069774125,-3005326.931077564,300.49005920915585,49.1,2:17:50
1327500,5309.999999902083,-3526623.1698009185,-3003516.8246074994,300.6062370210671,49.1,2:17:33
1330000,5319.999999901846,-3526921.359441366,-3003216.837978064,300.94998264605704,49.1,2:17:16
1332500,5329.99999990161,-3524311.4316826034,-2999707.413205221,301.4668840660054,49.1,2:16:59
1335000,5339.9999999013735,-3527751.708811622,-3004807.9697507224,300.5127944198401,49.1,2:16:42
1337500,5349.999999901137,-3524863.224132262,-3000520.6343110576,301.3166525016108,49.1,2:16:24
1340000,5359.999999900901,-3527114.612627214,-3002921.0924065546,301.2309887506624,49.1,2:16:07
1342500,5369.999999900664,-3525518.054992063,-3002890.5227678046,300.33108424148617,49.1,2:15:50
1345000,5379.999999900428,-3525145.5026406944,-3000234.548381022,301.6432665766918,49.1,2:15:33
1347500,5389.999999900191,-3532303.690781664,-3008413.882968514,301.0564585718626,49.1,2:15:15
1350000,5399.999999899955,-3527864.409395678,-3005479.9515127083,300.19140009557105,49.1,2:14:58
1352500,5409.999999899718,-3524550.5281610824,-2999967.916749613,301.45458236561717,49.1,2:14:41
1355000,5419.999999899482,-3527273.037537981,-3001776.2352151126,301.9799277228653,49.1,2:14:23
1357500,5429.999999899245,-3525948.3629197087,-3002632.6869392176,300.7265302286959,49.1,2:14:06
1360000,5439.999999899009,-3523933.7184616476,-3001177.0202252343,300.40531027453244,49.1,2:13:48
1362500,5449.999999898772,-3526660.108945241,-3001326.9807941285,301.8858713664074,49.1,2:13:31
1365000,5459.999999898536,-3525581.256322354,-3002910.627763908,300.3558498115632,49.1,2:13:14
1367500,5469.999999898299,-3525706.8178819213,-3003118.042095241,300.3088126193432,49.1,2:12:56
1370000,5479.999999898063,-3527712.9964142926,-3003757.1435350296,301.09441177006113,49.1,2:12:39
1372500,5489.9999998978265,-3528290.398757994,-3004032.8302175663,301.26779450645193,49.1,2:12:22
1375000,5499.99999989759,-3529477.178909896,-3004861.625413649,301.47351273462453,49.1,2:12:05
1377500,5509.9999998973535,-3525487.9827036317,-2999952.9946550326,302.0018713819805,49.1,2:11:47
1380000,5519.999999897117,-3526433.4470475204,-3002515.8179496466,301.0724462420308,49.1,2:11:30
1382500,5529.999999896881,-3525502.6831367686,-3002288.8083762242,300.66802953962286,49.1,2:11:13
1385000,5539.999999896644,-3531243.341954224,-3006345.085203607,301.63596987602716,49.1,2:10:55
1387500,5549.999999896408,-3528804.076943131,-3005820.9981289385,300.5354012478998,49.1,2:10:38
1390000,5559.999999896171,-3528853.686449712,-3005312.9819372087,300.8558442407551,49.1,2:10:20
1392500,5569.999999895935,-3526738.1390332133,-3001965.3366911877,301.56387673850185,49,2:10:03
1395000,5579.999999895698,-3526967.8986892346,-3002948.5516384207,301.1308990812132,49,2:09:46
1397500,5589.999999895462,-3524608.283445254,-2999358.456121195,301.838002040425,49,2:09:28
1400000,5599.999999895225,-3529365.719359506,-3007501.244403165,299.8925887499906,49,2:09:11
1402500,5609.999999894989,-3527135.994272284,-3003473.422462263,300.92587602312483,49,2:08:54
1405000,5619.999999894752,-3525595.103101751,-3000606.3137001535,301.6879950135328,49,2:08:36
1407500,5629.999999894516,-3524831.743813256,-3002329.91552479,300.2588477116399,49,2:08:19
1410000,5639.999999894279,-3528131.8516200837,-3004047.598968537,301.1681974787133,49,2:08:01
1412500,5649.999999894043,-3529000.3087477535,-3003847.345252923,301.78233865290287,49,2:07:44
1415000,5659.9999998938065,-3528900.4754959513,-3006106.2529779105,300.42687383077794,49,2:07:27
1417500,5669.99999989357,-3527923.5809252113,-3004259.6816527015,300.92663885750295,49,2:07:09
1420000,5679.999999893334,-3526376.0741121415,-3004120.810037686,300.1171580891785,49,2:06:52
1422500,5689.999999893097,-3529565.6064687446,-3006718.3245822666,300.45736471897146,49,2:06:34
1425000,5699.999999892861,-3526157.2217096686,-3004864.2344273874,299.5641798886154,49,2:06:17
1427500,5709.999999892624,-3531132.8615205213,-3007448.3134218925,300.93850483079035,49,2:06:00
1430000,5719.999999892388,-3529304.896516502,-3006092.459808235,300.66720315415114,49,2:05:42
1432500,5729.999999892151,-3528661.6303086765,-3003879.7870498034,301.56907215625534,49,2:05:25
1435000,5739.999999891915,-3527468.316901641,-3003674.277280688,301.00142479881214,49,2:05:07
1437500,5749.999999891678,-3528211.0118132345,-3004524.941951719,300.93937932107144,49,2:04:50
1440000,5759.999999891442,-3526532.837595938,-3002615.128278645,301.0724923406069,49,2:04:33
1442500,5769.999999891205,-3530021.62354186,-3006064.5939793796,301.09508795821563,49,2:04:15
1445000,5779.999999890969,-3529175.8510450516,-3004634.893388458,301.4306457824994,49,2:03:58
1447500,5789.999999890732,-3527889.3582942374,-3004259.9293771284,300.90683025850365,49,2:03:40
1450000,5799.999999890496,-3526082.117593555,-3002806.296469107,300.70362739371376,49,2:03:23
1452500,5809.9999998902595,-3527386.5534129925,-3003452.6252157195,301.0818126184518,49,2:03:06
1455000,5819.999999890023,-3526726.0501663033,-3002110.664846226,301.47341609116756,49,2:02:48
1457500,5829.9999998897865,-3527072.8178288788,-3004319.5713081155,300.4033267251789,49,2:02:31
1460000,5839.99999988955,-3527838.691691149,-3002320.7066009454,301.99210052871433,49,2:02:13
1462500,5849.999999889314,-3529791.287698116,-3006963.6254585534,300.44609016976153,49,2:01:56
1465000,5859.999999889077,-3523907.640768513,-2998855.0843197377,301.7246391343206,49,2:01:38
1467500,5869.999999888841,-3524385.2574033123,-2999198.9300640076,301.80151138868064,49,2:01:21
1470000,5879.999999888604,-3526289.0263525676,-3004078.0808399394,300.09169015856844,49,2:01:03
1472500,5889.999999888368,-3527685.6580031347,-3004558.4084693603,300.6182498271615,49,2:00:46
1475000,5899.999999888131,-3530498.640317183,-3006212.8962992863,301.2839857156316,49,2:00:28
1477500,5909.999999887895,-3527275.5959107466,-3005635.824396896,299.76346155259836,49,2:00:11
1480000,5919.999999887658,-3524770.412972415,-3000731.4729255214,301.1421583153584,49,1:59:54
1482500,5929.999999887422,-3525071.2068489287,-3001140.9117272757,301.07972484949056,49,1:59:36
1485000,5939.999999887185,-3527935.0952656716,-3003606.980744717,301.30833418244316,49,1:59:19
1487500,5949.999999886949,-3528136.3817835376,-3005294.2275466076,300.45441808402876,49,1:59:01
1490000,5959.999999886712,-3527652.5262813885,-3005433.666085279,300.09623837948044,49,1:58:44
1492500,5969.999999886476,-3528830.6297288556,-3004541.9427034617,301.28567693275676,49,1:58:26
1495000,5979.9999998862395,-3526753.164401736,-3003672.681064965,300.59137534813806,49,1:58:09
1497500,5989.999999886003,-3528013.2076616623,-3005186.129036706,300.44575479208476,49,1:57:52
1500000,5999.999999885767,-3526620.3677078877,-3005145.4577248273,299.66872287306285,49,1:57:34
1502500,6009.99999988553,-3529566.4530965313,-3005035.8426853004,301.42469967513426,49,1:57:17
1505000,6019.999999885294,-3527952.7003961504,-3005326.096213878,300.33055093652484,49,1:56:59
1507500,6029.999999885057,-3526092.7399354856,-3001449.4665307957,301.48944214829754,49,1:56:42
1510000,6039.999999884821,-3528119.7160360776,-3004370.5236217612,300.97565307925294,49,1:56:24
1512500,6049.999999884584,-3526848.360274354,-3002216.4384859847,301.48291887306374,49,1:56:07
1515000,6059.999999884348,-3526391.4151310325,-3000812.476397489,302.02712790990614,49,1:55:50
1517500,6069.999999884111,-3526463.761236325,-3004353.410467663,300.03388277824183,49,1:55:32
1520000,6079.999999883875,-3527173.8497626856,-3003335.2494591037,301.0270318656106,49,1:55:15
1522500,6089.999999883638,-3525962.9643591866,-3002476.446105317,300.8247057782687,49,1:54:57
1525000,6099.999999883402,-3526511.286461469,-3003733.8380384883,300.4172344952166,49,1:54:40
1527500,6109.999999883165,-3525403.358622279,-3002716.0308167725,300.36544613526695,49,1:54:22
1530000,6119.999999882929,-3524940.5282648783,-3001411.6614796305,300.84904161892143,49,1:54:05
1532500,6129.9999998826925,-3526428.3561654873,-3004569.200187727,299.8895321666578,49,1:53:47
1535000,6139.999999882456,-3524563.7064977717,-3002137.2338590585,300.21554413002883,49,1:53:30
1537500,6149.9999998822195,-3523882.928674374,-3000002.003558563,301.05135407591024,49,1:53:12
1540000,6159.999999881983,-3522398.7915370036,-2996756.2276312243,302.06369050139733,49,1:52:55
1542500,6169.999999881747,-3527400.46523357,-3001205.628244965,302.38105758126886,49,1:52:37
1545000,6179.99999988151,-3524863.6095409803,-3000911.3119421196,301.0923687065941,49,1:52:20
1547500,6189.999999881274,-3527719.274143884,-3003912.328107333,301.00884154888985,49,1:52:02
1550000,6199.999999881037,-3528496.239427192,-3005183.451811871,300.7248704121158,49,1:51:45
1552500,6209.999999880801,-3526568.497611532,-3000894.673581197,302.0816543217522,49,1:51:27
1555000,6219.999999880564,-3525712.914039323,-3001730.085107682,301.10991372233065,49,1:51:10
1557500,6229.999999880328,-3528849.8173859566,-3003918.5844718046,301.65491982859953,49,1:50:52
1560000,6239.999999880091,-3530171.4319090936,-3005967.6101862704,301.23690857142094,49,1:50:35
1562500,6249.999999879855,-3528134.8736834265,-3006444.550264117,299.79251151196894,49,1:50:17
1565000,6259.999999879618,-3528433.7130974904,-3005805.6724436153,300.33137641365215,49,1:50:00
1567500,6269.999999879382,-3524209.2833574526,-3002744.4568009786,299.6629283707588,49,1:49:42
1570000,6279.999999879145,-3525769.7395110093,-2999917.9756625043,302.18390851852837,49,1:49:25
1572500,6289.999999878909,-3530119.936036272,-3006313.678245332,301.0084460443711,49,1:49:07
1575000,6299.9999998786725,-3527864.984269982,-3004435.454103617,300.79195722781213,49,1:48:50
1577500,6309.999999878436,-3529614.9879398234,-3007996.055747954,299.7514861097072,49,1:48:32
1580000,6319.9999998782,-3524771.162917882,-3002385.71013229,300.1919718224031,49,1:48:15
1582500,6329.999999877963,-3526431.116492389,-3003160.4024522076,300.7006925767349,48.9,1:47:57
1585000,6339.999999877727,-3525997.8335079867,-3002716.4367362363,300.7068314732856,48.9,1:47:40
1587500,6349.99999987749,-3529486.2250079922,-3007103.7846103557,300.19024073537634,48.9,1:47:22
1590000,6359.999999877254,-3525875.892544944,-3002383.909229913,300.82784630884345,48.9,1:47:05
1592500,6369.999999877017,-3529014.18314852,-3006175.7693279716,300.4522686310473,48.9,1:46:47
1595000,6379.999999876781,-3526100.7845448907,-3000427.8185288394,302.08116125863495,48.9,1:46:30
1597500,6389.999999876544,-3525863.5623831227,-3002722.018276991,300.62646428994844,48.9,1:46:12
1600000,6399.999999876308,-3527055.2654772066,-3003619.043319931,300.7958028210159,48.9,1:45:55
1602500,6409.999999876071,-3527418.5664290786,-3004107.9633266535,300.7236150685181,48.9,1:45:37
1605000,6419.999999875835,-3525695.1335574593,-3002756.0992481406,300.5100908057816,48.9,1:45:20
1607500,6429.999999875598,-3527229.149920605,-3001159.6092035174,302.3090553181731,48.9,1:45:02
1610000,6439.999999875362,-3527681.8363197297,-3003020.1934615606,301.49999826625964,48.9,1:44:45
1612500,6449.9999998751255,-3525789.0461521875,-3001124.1566414842,301.50186397484845,48.9,1:44:27
1615000,6459.999999874889,-3523031.807930352,-2997378.2738366327,302.06999458649665,48.9,1:44:10
1617500,6469.9999998746525,-3529639.6149371937,-3005586.047894281,301.1505638074208,48.9,1:43:53
1620000,6479.999999874416,-3527979.5174252875,-3006097.5342058,299.90264997969956,48.9,1:43:35
1622500,6489.99999987418,-3529163.681820115,-3004591.8059559246,301.4484131181982,48.9,1:43:17
1625000,6499.999999873943,-3528714.900967166,-3006931.866586152,299.8457884289565,48.9,1:43:00
1627500,6509.999999873707,-3526991.8115940634,-3002059.8341801725,301.6553476598941,48.9,1:42:43
1630000,6519.99999987347,-3527141.01039242,-3004526.6833781274,300.3234957874111,48.9,1:42:25
1632500,6529.999999873234,-3525245.7296206634,-2999849.0034918007,301.92241833042175,48.9,1:42:08
1635000,6539.999999872997,-3527171.1917934213,-3004113.6720010927,300.5781792079134,48.9,1:41:50
1637500,6549.999999872761,-3530221.668828966,-3005617.397981951,301.46702909174684,48.9,1:41:32
1640000,6559.999999872524,-3531187.16739876,-3007838.6835831488,300.74538345032283,48.9,1:41:15
1642500,6569.999999872288,-3527028.947061017,-3001384.210957924,302.064938767771,48.9,1:40:57
1645000,6579.999999872051,-3528135.3516150583,-3005233.6342899944,300.48864637423,48.9,1:40:40
1647500,6589.999999871815,-3523387.756048981,-2998580.726654283,301.5835455221114,48.9,1:40:22
1650000,6599.999999871578,-3529952.6191634275,-3006593.865599607,300.7512850234783,48.9,1:40:05
1652500,6609.999999871342,-3527241.1994705815,-3002479.3610024913,301.5575762817838,48.9,1:39:47
1655000,6619.9999998711055,-3525478.5282343123,-3000739.113154391,301.54469054564134,48.9,1:39:30
1657500,6629.999999870869,-3530003.7193231825,-3005636.6489515575,301.3307203985302,48.9,1:39:12
1660000,6639.999999870633,-3528127.861998901,-3004455.033476496,300.9317701051641,48.9,1:38:55
1662500,6649.999999870396,-3526584.76136161,-3002591.7051201686,301.1157909079971,48.9,1:38:37
1665000,6659.99999987016,-3526328.0412444193,-3003176.7651386694,300.63205684261146,48.9,1:38:20
1667500,6669.999999869923,-3523913.096905427,-2997841.015696893,302.31051522700596,48.9,1:38:02
1670000,6679.999999869687,-3527742.541766349,-3004002.922946798,300.97015155490016,48.9,1:37:44
1672500,6689.99999986945,-3529504.5648015626,-3006623.4588938192,300.4768018981356,48.9,1:37:27
1675000,6699.999999869214,-3526295.259673996,-3003395.4654370137,300.4875412599888,48.9,1:37:09
1677500,6709.999999868977,-3525445.8245631065,-3001859.096200462,300.88229212564767,48.9,1:36:52
1680000,6719.999999868741,-3528550.7321286537,-3006026.00262696,300.2720080328536,48.9,1:36:34
1682500,6729.999999868504,-3529128.729015643,-3003993.289724116,301.77226826308566,48.9,1:36:17
1685000,6739.999999868268,-3527423.7148728017,-3005714.5157079305,299.8033585737496,48.9,1:35:59
1687500,6749.999999868031,-3525982.1049252097,-3001516.907892586,301.38710947999573,48.9,1:35:42
1690000,6759.999999867795,-3526591.6191069987,-3002488.402894607,301.17909500408,48.9,1:35:24
1692500,6769.9999998675585,-3527117.2181247324,-3001917.808417772,301.8090292506763,48.9,1:35:06
1695000,6779.999999867322,-3530038.129929565,-3008523.958773901,299.6912845442521,48.9,1:34:49
1697500,6789.9999998670855,-3527891.857910637,-3002645.919701675,301.83576713682413,48.9,1:34:31
1700000,6799.999999866849,-3526798.030582616,-3003325.9391914876,300.8164152940099,48.9,1:34:14
1702500,6809.999999866613,-3526911.440942034,-3002835.3220111364,301.16352338676296,48.9,1:33:56
1705000,6819.999999866376,-3527727.508088626,-3002895.264267573,301.59803514529153,48.9,1:33:39
1707500,6829.99999986614,-3525270.9731297363,-3003010.823564024,300.11996556638866,48.9,1:33:21
1710000,6839.999999865903,-3528816.1262014546,-3006189.86475544,300.33035398105363,48.9,1:33:03
1712500,6849.999999865667,-3526275.159600636,-3003284.434658765,300.5397951415896,48.9,1:32:46
1715000,6859.99999986543,-3525259.2239687312,-3000816.0080538853,301.3744778972184,48.9,1:32:28
1717500,6869.999999865194,-3528365.245723726,-3004115.2848088993,301.263422738215,48.9,1:32:10
1720000,6879.999999864957,-3530555.568172885,-3008057.1509342752,300.256887531132,48.9,1:31:53
1722500,6889.999999864721,-3531743.5364718772,-3008924.7735500764,300.4409761227824,48.9,1:31:35
1725000,6899.999999864484,-3526547.379710937,-3002437.2712347233,301.18305568532776,48.9,1:31:18
1727500,6909.999999864248,-3527548.1417923477,-3004556.897488126,300.5400935963172,48.9,1:31:00
1730000,6919.999999864011,-3527144.1314586643,-3002529.2303463304,301.4731378382483,48.9,1:30:43
1732500,6929.999999863775,-3527644.002198439,-3004617.1092111515,300.5605793284628,48.9,1:30:25
1735000,6939.9999998635385,-3529110.394873157,-3004175.0381557825,301.6572895971567,48.9,1:30:08
1737500,6949.999999863302,-3525346.51395713,-3001521.163517395,301.01941775091154,48.9,1:29:50
1740000,6959.999999863066,-3527311.1275992915,-3002468.061718148,301.60425410782284,48.9,1:29:32
1742500,6969.999999862829,-3530463.580386786,-3007552.698818028,300.49391266250433,48.9,1:29:15
1745000,6979.999999862593,-3525910.6468766537,-3000800.4691356993,301.7577515596876,48.9,1:28:57
1747500,6989.999999862356,-3525903.2510578446,-3000778.676477527,301.76602479083044,48.9,1:28:40
1750000,6999.99999986212,-3527657.3075474147,-3004073.053544113,300.8808702200296,48.9,1:28:22
1752500,7009.999999861883,-3531472.457733048,-3008476.8901204616,300.54257801171565,48.9,1:28:04
1755000,7019.999999861647,-3526521.2799023967,-3002961.5649570553,300.86676870139723,48.9,1:27:47
1757500,7029.99999986141,-3525759.9536371436,-3000904.146641587,301.61157586657134,48.9,1:27:29
1760000,7039.999999861174,-3530783.5268017054,-3006605.8039834946,301.22191067744,48.9,1:27:12
1762500,7049.999999860937,-3527560.8751354665,-3002447.7237097668,301.7594604056796,48.9,1:26:54
1765000,7059.999999860701,-3525534.721145006,-3002289.9609486284,300.68577804282836,48.9,1:26:36
1767500,7069.999999860464,-3530502.611768147,-3007334.3995648534,300.64178927388326,48.9,1:26:19
1770000,7079.999999860228,-3526482.3109354246,-3002239.0847644936,301.2595525767487,48.9,1:26:01
1772500,7089.9999998599915,-3528458.908665471,-3008664.6897129994,298.70290356893344,48.9,1:25:44
1775000,7099.999999859755,-3527680.393072715,-3005879.534372746,299.8560312820548,48.9,1:25:26
1777500,7109.9999998595185,-3526547.6639764905,-3002746.4806880243,301.0055299507175,48.9,1:25:08
1780000,7119.999999859282,-3526803.6737186685,-3003784.3594630696,300.5562241642875,48.9,1:24:51
1782500,7129.999999859046,-3525610.032173652,-3001077.0140501317,301.42608328161845,48.9,1:24:33
1785000,7139.999999858809,-3525053.3881452624,-3002851.235108083,300.0866375091729,48.9,1:24:16
1787500,7149.999999858573,-3531647.478436986,-3008298.6789658484,300.7455648436873,48.9,1:23:58
1790000,7159.999999858336,-3526405.6138490625,-3003201.249207953,300.6625644917541,48.9,1:23:41
1792500,7169.9999998581,-3525158.287523238,-3002027.505096692,300.62028002544076,48.9,1:23:23
1795000,7179.999999857863,-3524401.4929384906,-3001965.1246044864,300.2212307514042,48.9,1:23:05
1797500,7189.999999857627,-3527592.473169079,-3002300.25775286,301.8623606149212,48.9,1:22:48
1800000,7199.99999985739,-3528987.9112156797,-3004155.5239730175,301.5981175633902,48.9,1:22:30
1802500,7209.999999857154,-3525836.8653189354,-3002632.806088281,300.6623889857819,48.9,1:22:13
1805000,7219.999999856917,-3527437.6770547833,-3002859.298839317,301.4521497338342,48.9,1:21:55
1807500,7229.999999856681,-3526766.814098716,-3003018.283498831,300.97527276357175,48.9,1:21:37
1810000,7239.999999856444,-3527836.2758427374,-3002974.1804507053,301.6151895317823,48.9,1:21:20
1812500,7249.999999856208,-3526297.574466724,-3000974.2309123524,301.8802485884881,48.9,1:21:02
1815000,7259.9999998559715,-3526831.394449422,-3003532.0221956084,300.7171611931815,48.9,1:20:45
1817500,7269.999999855735,-3529146.0322262384,-3004761.625095742,301.3406830722665,48.9,1:20:27
1820000,7279.999999855499,-3527498.1235060263,-3003046.3322166046,301.3794057882791,48.9,1:20:09
1822500,7289.999999855262,-3525195.9594061747,-3000868.18794309,301.3081370421556,48.9,1:19:52
1825000,7299.999999855026,-3526752.9620027393,-3003528.4097536905,300.67416542321445,48.9,1:19:34
1827500,7309.999999854789,-3526822.123688532,-3004282.4373480957,300.2806030710396,48.9,1:19:17
1830000,7319.999999854553,-3526028.130324524,-3001728.3866065866,301.2920307282516,48.9,1:18:59
1832500,7329.999999854316,-3528946.0571608357,-3006077.504281767,300.46958822399876,48.9,1:18:41
1835000,7339.99999985408,-3526969.3698246125,-3006268.2951034885,299.2240337418711,48.9,1:18:24
1837500,7349.999999853843,-3524455.117962543,-2999787.404848947,301.5034865753928,48.9,1:18:06
1840000,7359.999999853607,-3526488.108038159,-3000738.460594174,302.1252267067268,48.9,1:17:48
1842500,7369.99999985337,-3525843.359718533,-3004627.7725966256,299.5197014165635,48.9,1:17:31
1845000,7379.999999853134,-3522412.93724145,-2997844.3395759957,301.4465292813925,48.9,1:17:13
1847500,7389.999999852897,-3528983.636994142,-3006721.572577541,300.1210659470768,48.9,1:16:56
1850000,7399.999999852661,-3529100.670363674,-3004886.982790108,301.24257804244564,48.9,1:16:38
1852500,7409.9999998524245,-3530119.1870139744,-3007192.4041024633,300.5030504656538,48.8,1:16:20
1855000,7419.999999852188,-3528167.287625406,-3004419.222428717,300.9750053168,48.8,1:16:03
1857500,7429.9999998519515,-3525578.8854719307,-3001340.9351808373,301.2565207603704,48.8,1:15:45
1860000,7439.999999851715,-3526912.682915749,-3002830.2159482767,301.1671713245192,48.8,1:15:28
1862500,7449.999999851479,-3527560.9518676586,-3004453.016217767,300.6071509865347,48.8,1:15:10
1865000,7459.999999851242,-3529000.8167798445,-3005587.4821183756,300.78265038260145,48.8,1:14:52
1867500,7469.999999851006,-3527252.906725537,-3001847.1822006796,301.92758931330906,48.8,1:14:35
1870000,7479.999999850769,-3528506.7139118444,-3006557.8031783607,299.94111028193134,48.8,1:14:17
1872500,7489.999999850533,-3529295.491485052,-3007977.111966266,299.57877169147787,48.8,1:13:59
1875000,7499.999999850296,-3526687.9801251125,-3001611.2544336924,301.7385281363369,48.8,1:13:42
1877500,7509.99999985006,-3526544.7369854823,-3001851.2376777343,301.51830476840894,48.8,1:13:24
1880000,7519.999999849823,-3525953.171771029,-3003199.1211250992,300.4037888205874,48.8,1:13:07
1882500,7529.999999849587,-3528194.7691751327,-3005237.8594911164,300.5203629983722,48.8,1:12:49
1885000,7539.99999984935,-3528629.6850604527,-3003403.2665381506,301.8245500303818,48.8,1:12:31
1887500,7549.999999849114,-3525172.131046882,-3000643.6337153674,301.4234853810468,48.8,1:12:14
1890000,7559.999999848877,-3527051.393251458,-3003619.4042611965,300.79337020589185,48.8,1:11:56
1892500,7569.999999848641,-3526197.525780769,-3002021.843774309,301.220737912578,48.8,1:11:38
1895000,7579.9999998484045,-3523754.7172758225,-3000111.4693796355,300.9147714187254,48.8,1:11:21
1897500,7589.999999848168,-3525245.7235891074,-2999723.009781524,301.9948179148643,48.8,1:11:03
1900000,7599.999999847932,-3528459.628977716,-3006002.828559261,300.2329721727762,48.8,1:10:46
1902500,7609.999999847695,-3527384.203509895,-3002907.8253969885,301.39353475566014,48.8,1:10:28
1905000,7619.999999847459,-3525525.6038006097,-3003278.564091776,300.1124319075441,48.8,1:10:10
1907500,7629.999999847222,-3528342.2422536667,-3004895.5653828215,300.8018106856387,48.8,1:09:53
1910000,7639.999999846986,-3527291.93721842,-3003538.6997632873,300.9779775865154,48.8,1:09:35
1912500,7649.999999846749,-3527500.379710436,-3003127.852229581,301.33385635947906,48.8,1:09:17
1915000,7659.999999846513,-3523946.6118741203,-3001148.5299097816,300.4290916850235,48.8,1:09:00
1917500,7669.999999846276,-3530317.731717473,-3006643.5992306825,300.93251943621476,48.8,1:08:42
1920000,7679.99999984604,-3527278.2667422853,-3002713.8602408906,301.4441208035215,48.8,1:08:25
1922500,7689.999999845803,-3528841.433537744,-3004103.2766552437,301.54396751485456,48.8,1:08:07
1925000,7699.999999845567,-3530942.6463961154,-3007287.144925454,300.921813009688,48.8,1:07:49
1927500,7709.99999984533,-3527916.8814040404,-3004855.9255774636,300.58015374585426,48.8,1:07:32
1930000,7719.999999845094,-3527120.536423361,-3003246.556724339,301.0473628499872,48.8,1:07:14
1932500,7729.9999998448575,-3528888.760442855,-3004949.3278980367,301.08497572518513,48.8,1:06:56
1935000,7739.999999844621,-3526371.077532865,-3001367.8197534312,301.69630935469354,48.8,1:06:39
1937500,7749.999999844385,-3526716.838239694,-3003455.343258226,300.6953947886769,48.8,1:06:21
1940000,7759.999999844148,-3526266.35795941,-3004858.7441424746,299.6300507226471,48.8,1:06:03
1942500,7769.999999843912,-3524876.2096948307,-3002623.5491698748,300.1156619436526,48.8,1:05:46
1945000,7779.999999843675,-3527337.4823656715,-3003567.993021489,300.9873168332222,48.8,1:05:28
1947500,7789.999999843439,-3526232.7057867534,-3002340.8180183657,301.0576538307672,48.8,1:05:10
1950000,7799.999999843202,-3525847.9439061303,-3004849.527825717,299.3949027591332,48.8,1:04:53
1952500,7809.999999842966,-3528192.1950726286,-3004333.2104434185,301.03874584208523,48.8,1:04:35
1955000,7819.999999842729,-3528896.751961181,-3004646.186731181,301.2637700115979,48.8,1:04:18
1957500,7829.999999842493,-3526927.303625131,-3005012.8808041853,299.9212915936168,48.8,1:04:00
1960000,7839.999999842256,-3528230.91589861,-3005983.2039451227,300.1128182170154,48.8,1:03:42
1962500,7849.99999984202,-3528062.813971348,-3004998.548760337,300.58205550371054,48.8,1:03:25
1965000,7859.999999841783,-3529246.231684046,-3003790.532098683,301.9563077852249,48.8,1:03:07
1967500,7869.999999841547,-3525743.8747367132,-3001906.0548501285,301.0265833942456,48.8,1:02:49
1970000,7879.9999998413105,-3527981.7377777565,-3002572.655822821,301.9295186808864,48.8,1:02:32
1972500,7889.999999841074,-3523112.045714516,-2998300.1600037953,301.58633623359606,48.8,1:02:14
1975000,7899.9999998408375,-3528939.6354058813,-3003333.4231219687,302.0428008212025,48.8,1:01:56
1977500,7909.999999840601,-3527255.8779137786,-3003474.321325943,300.9942513480474,48.8,1:01:39
1980000,7919.999999840365,-3528691.992140189,-3005846.96635369,300.4560682374218,48.8,1:01:21
1982500,7929.999999840128,-3527215.518043464,-3006369.2723031067,299.3074571494004,48.8,1:01:03
1985000,7939.999999839892,-3527787.031805197,-3004977.4892549426,300.4356775802965,48.8,1:00:46
1987500,7949.999999839655,-3530370.0630047508,-3006883.4982951004,300.8247324743655,48.8,1:00:28
1990000,7959.999999839419,-3529491.438156113,-3006186.470197618,300.7203767988479,48.8,1:00:10
1992500,7969.999999839182,-3525453.0988559052,-3001233.006459823,301.24625861258784,48.8,59:53
1995000,7979.999999838946,-3526028.493873967,-3003907.5957381614,300.0399438868034,48.8,59:35
1997500,7989.999999838709,-3528663.6346959732,-3004947.0301610334,300.9569262565297,48.8,59:17
2000000,7999.999999838473,-3528989.6041894592,-3006001.7443445236,300.5381486962416,48.8,59:00
2002500,8009.999999838236,-3525272.1898804177,-3002371.9066753155,300.4878222484874,48.8,58:42
2005000,8019.999999838,-3527529.6585708708,-3003869.8874747125,300.92426657590045,48.8,58:24
2007500,8029.999999837763,-3527860.2030302715,-3006428.8435860164,299.643696291545,48.8,58:07
2010000,8039.999999837527,-3531854.9238844328,-3007456.951029239,301.34847869832043,48.8,57:49
2012500,8049.9999998372905,-3523079.956060672,-2999950.3200978115,300.619621203124,48.8,57:32
2015000,8059.999999837054,-3527789.727649318,-3005445.9740168704,300.168009150895,48.8,57:14
2017500,8069.999999836818,-3526415.941591412,-3001903.6657974063,301.4141635760371,48.8,56:56
2020000,8079.999999836581,-3528166.780760141,-3002829.383395502,301.8883246958785,48.8,56:38
2022500,8089.999999836345,-3527107.7163357846,-3004928.794603179,300.07328749896345,48.8,56:21
2025000,8099.999999836108,-3524942.1016859673,-3001336.354917321,300.8932211681164,48.8,56:03
2027500,8109.999999835872,-3529836.4058161154,-3007688.078533345,300.055706212628,48.8,55:46
2030000,8119.999999835635,-3528714.1305260155,-3004749.9808299113,301.0991795862284,48.8,55:28
2032500,8129.999999835399,-3524791.9254440796,-3002450.2227356946,300.16683057493134,48.8,55:10
2035000,8139.999999835162,-3531103.137399519,-3006131.506905474,301.678134543137,48.8,54:53
2037500,8149.999999834926,-3523878.213604277,-2999190.4565410335,301.5150049527439,48.8,54:35
2040000,8159.999999834689,-3527248.47741561,-3002687.270768885,301.4422819876093,48.8,54:17
2042500,8169.999999834453,-3530311.7758224327,-3005692.670180426,301.47555399675014,48.8,54:00
2045000,8179.999999834216,-3526140.7976331133,-3004144.729748699,299.9682094250026,48.8,53:42
2047500,8189.99999983398,-3527272.3275830485,-3003777.2163697714,300.82964377455994,48.8,53:24
2050000,8199.999999835562,-3528465.6888006143,-3006368.2854983094,300.0264424380963,48.8,53:07
2052500,8209.999999837599,-3524570.5074681975,-3001651.379320632,300.49865160908064,48.8,52:49
2055000,8219.999999839636,-3528539.7581964247,-3004441.1234057727,301.1764622622634,48.8,52:31
2057500,8229.999999841673,-3528648.8846809547,-3006463.226230314,300.0771587948806,48.8,52:14
2060000,8239.99999984371,-3526651.369665023,-3003165.1387853203,300.8245406369593,48.8,51:56
2062500,8249.999999845748,-3528595.5077186916,-3006364.3992827097,300.1032769048818,48.8,51:38
2065000,8259.999999847785,-3526033.187637903,-3002216.276485912,301.01456806297506,48.8,51:21
2067500,8269.999999849822,-3522727.9260355905,-2997343.075801355,301.9155937754762,48.8,51:03
2070000,8279.99999985186,-3529428.63402023,-3006161.101830809,300.6988641068786,48.8,50:45
2072500,8289.999999853897,-3526664.9235853646,-3003385.6605431465,300.705605312656,48.8,50:28
2075000,8299.999999855934,-3528888.3219269887,-3006829.3762223776,300.00434254610695,48.8,50:10
2077500,8309.999999857971,-3531006.711238984,-3007855.2606674656,300.6321571004246,48.8,49:52
2080000,8319.999999860009,-3526604.497607805,-3003264.410529318,300.7405582143581,48.8,49:34
2082500,8329.999999862046,-3528770.2366494928,-3004562.000161634,301.2394455429505,48.8,49:17
2085000,8339.999999864083,-3526889.6857979316,-3003888.78339936,300.5456436788694,48.8,48:59
2087500,8349.99999986612,-3530238.53769766,-3007157.6632868233,300.5916000812238,48.8,48:41
2090000,8359.999999868158,-3525659.997654205,-3004103.576653932,299.71556367395385,48.8,48:24
2092500,8369.999999870195,-3529969.6466295365,-3006100.140010217,301.04479236758,48.8,48:06
2095000,8379.999999872232,-3524462.111978203,-2998556.6511785854,302.2147657974771,48.8,47:48
2097500,8389.99999987427,-3525913.824240627,-3001580.627165392,301.3112549031164,48.8,47:31
2100000,8399.999999876307,-3527498.868474923,-3001100.348221888,302.49810540572577,48.8,47:13
2102500,8409.999999878344,-3531052.425598707,-3007360.914826458,300.9425059734563,48.8,46:55
2105000,8419.999999880381,-3525943.241333017,-3002623.4349497412,300.7289037897318,48.8,46:38
2107500,8429.999999882419,-3527245.18932876,-3002106.609645148,301.7740729084629,48.8,46:20
2110000,8439.999999884456,-3530127.333540365,-3005454.1979159336,301.5066026541643,48.8,46:02
2112500,8449.999999886493,-3528528.1147135943,-3003809.568516281,301.53269811555634,48.8,45:45
2115000,8459.99999988853,-3528593.6784779783,-3004340.4644286283,301.2652921717182,48.8,45:27
2117500,8469.999999890568,-3526835.446388064,-3001626.814426809,301.8143288750946,48.8,45:09
2120000,8479.999999892605,-3527343.186522858,-3003443.1121138274,301.0623583335136,48.8,44:52
2122500,8489.999999894642,-3526279.5860542003,-3001419.464704799,301.6140551362002,48.8,44:34
2125000,8499.99999989668,-3528922.8290316556,-3004478.286117708,301.37524046530837,48.8,44:16
2127500,8509.999999898717,-3528820.1767447554,-3005442.6945093526,300.762047568304,48.8,43:59
2130000,8519.999999900754,-3524655.463202104,-3000481.5141209187,301.21974207654824,48.8,43:41
2132500,8529.999999902791,-3528855.3315682746,-3004014.1911313278,301.603147639626,48.8,43:23
2135000,8539.999999904829,-3528215.3261550646,-3003981.4759362577,301.2541646289396,48.8,43:05
2137500,8549.999999906866,-3525216.9162310623,-3001116.212238627,301.1776513416303,48.8,42:48
2140000,8559.999999908903,-3525973.5013537537,-3002375.8772123936,300.88855345103434,48.8,42:30
2142500,8569.99999991094,-3525813.9884367846,-3002054.3469981696,300.98165767450166,48.8,42:12
2145000,8579.999999912978,-3527311.360630622,-3003344.996174763,301.10045231136746,48.8,41:55
2147500,8589.999999915015,-3526055.71822883,-3000697.1934012594,301.9004657207159,48.8,41:37
2150000,8599.999999917052,-3526655.492311936,-3002560.9312988324,301.1741212412635,48.8,41:19
2152500,8609.99999991909,-3528499.5571481213,-3003265.5761453575,301.8288958556908,48.8,41:02
2155000,8619.999999921127,-3528754.1394323222,-3005186.265682197,300.8714572080976,48.8,40:44
2157500,8629.999999923164,-3529464.3460567743,-3004753.0002093683,301.52856039076914,48.8,40:26
2160000,8639.999999925201,-3524258.220516909,-2998744.693467182,301.98953868868983,48.8,40:09
2162500,8649.999999927239,-3528657.946002882,-3004886.457885506,300.98846544037224,48.8,39:51
2165000,8659.999999929276,-3525861.820280617,-3000886.7837564717,301.6800918390119,48.8,39:33
2167500,8669.999999931313,-3526994.903034037,-3003262.927457509,300.9657593188952,48.8,39:16
2170000,8679.99999993335,-3526112.261289159,-3002955.446409865,300.63523973245435,48.8,38:58
2172500,8689.999999935388,-3527580.3488222416,-3004863.8633092735,300.3822017888748,48.8,38:40
2175000,8699.999999937425,-3527185.134747224,-3004345.058376556,300.4532240255669,48.8,38:23
2177500,8709.999999939462,-3530397.4898129497,-3005075.9314212995,301.8792227338927,48.8,38:05
2180000,8719.9999999415,-3528240.0663233995,-3002390.321655788,302.1827481839695,48.8,37:47
2182500,8729.999999943537,-3528191.5120680034,-3004845.477108091,300.74397620052827,48.8,37:30
2185000,8739.999999945574,-3526203.2447013278,-3003005.736205873,300.6586245660301,48.8,37:12
2187500,8749.999999947611,-3526143.7778785303,-3004863.2605562876,299.55701395037454,48.8,36:54
2190000,8759.999999949649,-3530357.2360592186,-3007730.113907259,300.3308485909503,48.8,36:36
2192500,8769.999999951686,-3527204.4423292633,-3005379.0839515156,299.87011017062673,48.8,36:19
2195000,8779.999999953723,-3526151.312646907,-3004467.3501727236,299.7888561562351,48.8,36:01
2197500,8789.99999995576,-3528196.3674074598,-3004228.9470812534,301.1010590736726,48.8,35:43
2200000,8799.999999957798,-3527059.815616844,-3001668.167547265,301.9195001928259,48.8,35:26
2202500,8809.999999959835,-3526350.3120386377,-3001559.118759911,301.57444520192786,48.8,35:08
2205000,8819.999999961872,-3527352.588120112,-3002599.4612714155,301.5525700968116,48.8,34:50
2207500,8829.99999996391,-3525423.475363752,-3002314.259560878,300.60788663421766,48.8,34:33
2210000,8839.999999965947,-3527243.5797848776,-3004450.2773212334,300.4263451159331,48.8,34:15
2212500,8849.999999967984,-3527691.203938227,-3000133.42742877,303.1642790512727,48.8,33:57
2215000,8859.999999970021,-3530048.0996381976,-3004926.175228665,301.7645018540996,48.8,33:39
2217500,8869.999999972059,-3526077.985206522,-3003166.9019903415,300.49402854042,48.8,33:22
2220000,8879.999999974096,-3528711.9802965242,-3008604.143920336,298.88312572542986,48.8,33:04
2222500,8889.999999976133,-3525971.2886737157,-3001503.4444265515,301.3886307179025,48.8,32:46
2225000,8899.99999997817,-3529233.3199476916,-3005852.6106593525,300.76390201386516,48.8,32:29
2227500,8909.999999980208,-3529342.0700782686,-3003768.6171548236,302.0239754558292,48.8,32:11
2230000,8919.999999982245,-3528869.227126505,-3006371.4788059522,300.2565031333096,48.8,31:53
2232500,8929.999999984282,-3525586.217957534,-3000814.8909613565,301.5630289220535,48.8,31:36
2235000,8939.99999998632,-3529058.671188036,-3003201.096806197,302.1872475767842,48.8,31:18
2237500,8949.999999988357,-3524651.2919816244,-3001128.0655297185,300.84580036712424,48.8,31:00
2240000,8959.999999990394,-3530583.163188964,-3006915.9040961713,300.928569598626,48.8,30:43
2242500,8969.999999992431,-3526324.397597229,-3003752.6929343883,300.29900259439114,48.8,30:25
2245000,8979.999999994468,-3526959.412408825,-3001632.40244725,301.88235551164604,48.8,30:07
2247500,8989.999999996506,-3526193.8813523334,-3003592.052628181,300.31631356910555,48.8,29:50
2250000,8999.999999998543,-3527714.663296014,-3003516.1635273127,301.2338502781755,48.7,29:32
2252500,9010.00000000058,-3528155.5174520053,-3005584.642795886,300.2985256259897,48.7,29:14
2255000,9020.000000002618,-3528375.9812610075,-3002609.3474392854,302.13498803181704,48.7,28:56
2257500,9030.000000004655,-3532423.3122394737,-3006793.167436242,302.05655378872234,48.7,28:39
2260000,9040.000000006692,-3525569.329382371,-3000575.5735892397,301.69084898057855,48.7,28:21
2262500,9050.00000000873,-3527169.05092955,-3005041.5614412515,300.04373164752946,48.7,28:03
2265000,9060.000000010767,-3528970.3697708547,-3004660.0716620814,301.29809587302066,48.7,27:46
2267500,9070.000000012804,-3528103.767664345,-3003598.4242119165,301.4101798638637,48.7,27:28
2270000,9080.000000014841,-3524751.442450274,-2999957.282134819,301.5761502275963,48.7,27:10
2272500,9090.000000016878,-3525301.7061745636,-3001004.761883643,301.2904220205212,48.7,26:52
2275000,9100.000000018916,-3528123.98467627,-3005930.344177807,300.0817457271201,48.7,26:35
2277500,9110.000000020953,-3530997.751404969,-3009036.088422963,299.948438438963,48.7,26:17
2280000,9120.00000002299,-3528658.6419091895,-3004382.2341571124,301.27862057379826,48.7,25:59
2282500,9130.000000025027,-3527478.625387989,-3004888.4708539173,300.3096049249021,48.7,25:42
2285000,9140.000000027065,-3527890.052536005,-3004776.8963425294,300.6101510035989,48.7,25:24
2287500,9150.000000029102,-3527447.0862965696,-3000542.9826579755,302.78864196761174,48.7,25:06
2290000,9160.00000003114,-3525988.6893871743,-3001349.7158635873,301.48697119551747,48.7,24:49
2292500,9170.000000033177,-3522428.159036625,-2998729.0626340783,300.94686510195885,48.7,24:31
2295000,9180.000000035214,-3525649.6823353134,-3003010.1020806176,300.3380077153203,48.7,24:13
2297500,9190.000000037251,-3527412.8586666454,-3003322.068416133,301.17195434964833,48.7,23:55
2300000,9200.000000039288,-3525660.2916067727,-3001457.557201707,301.23628373767076,48.7,23:38
2302500,9210.000000041326,-3529401.5411915947,-3005269.6040487695,301.19559966111706,48.7,23:20
2305000,9220.000000043363,-3526535.8650219925,-3002282.0599155417,301.26563182626944,48.7,23:02
2307500,9230.0000000454,-3530338.197918499,-3005189.108289104,301.7801125126124,48.7,22:45
2310000,9240.000000047437,-3528504.2245453745,-3005037.1343514477,300.81354132567594,48.7,22:27
2312500,9250.000000049475,-3527797.958453117,-3001884.8338027056,302.2191698758624,48.7,22:09
2315000,9260.000000051512,-3530035.2252916414,-3006696.340975325,300.73986703977465,48.7,21:51
2317500,9270.00000005355,-3527900.943593515,-3003074.5248371195,301.5946877365227,48.7,21:34
2320000,9280.000000055586,-3524148.2823071387,-2998951.8986565694,301.80729030900017,48.7,21:16
2322500,9290.000000057624,-3527734.974688243,-3002870.6597028705,301.6164650345705,48.7,20:58
2325000,9300.000000059661,-3527085.0263440013,-3004121.011712063,300.5244458998296,48.7,20:40
2327500,9310.000000061698,-3524904.5167277884,-3000761.6563206,301.20187678129815,48.7,20:23
2330000,9320.000000063736,-3527386.88599582,-3005177.4797372483,300.0908056168803,48.7,20:05
2332500,9330.000000065773,-3527685.0609273836,-3003913.5264763604,300.988492066284,48.7,19:47
2335000,9340.00000006781,-3527560.3279796783,-3004777.6593903876,300.4202342954781,48.7,19:30
2337500,9350.000000069847,-3527708.579668373,-3004386.923595687,300.7299667249807,48.7,19:12
2340000,9360.000000071885,-3527735.984217366,-3006048.1096134,299.7911042853652,48.7,18:54
2342500,9370.000000073922,-3527873.6254977062,-3005306.7844289974,300.2962077004965,48.7,18:36
2345000,9380.00000007596,-3530377.918221945,-3006543.41813198,301.02467565296354,48.7,18:19
2347500,9390.000000077996,-3528044.0094324853,-3006031.6627554134,299.9775641320311,48.7,18:01
2350000,9400.000000080034,-3527996.995659789,-3003189.3824113626,301.58388103720085,48.7,17:43
2352500,9410.000000082071,-3527232.8865824435,-3002287.4084361847,301.66310593771175,48.7,17:26
2355000,9420.000000084108,-3529078.3599657714,-3005167.766987642,301.0684028931039,48.7,17:08
2357500,9430.000000086146,-3526821.8753216937,-3002598.044340753,301.2484070130736,48.7,16:50
2360000,9440.000000088183,-3528329.692660935,-3004661.4460947965,300.9291370561788,48.7,16:32
2362500,9450.00000009022,-3525750.972072277,-3000830.461770535,301.6487580142816,48.7,16:15
2365000,9460.000000092257,-3531799.3498943355,-3008549.5212897724,300.6886906343626,48.7,15:57
2367500,9470.000000094295,-3525811.2839863095,-3001233.15644919,301.4520056800006,48.7,15:39
2370000,9480.000000096332,-3525485.295237802,-3003295.8057950265,300.07936029776863,48.7,15:22
2372500,9490.00000009837,-3527958.408158377,-3005009.459041707,300.5157884100182,48.7,15:04
2375000,9500.000000100406,-3526953.6301336177,-3004715.4560375265,300.1073372293589,48.7,14:46
2377500,9510.000000102444,-3527431.700155651,-3005254.3882825393,300.0723623834319,48.7,14:28
2380000,9520.000000104481,-3524836.7803136017,-3001768.7447407423,300.5842221650363,48.7,14:11
2382500,9530.000000106518,-3527155.6675514616,-3004046.4481923897,300.6078886778083,48.7,13:53
2385000,9540.000000108555,-3531875.784742603,-3008218.749826861,300.922694213213,48.7,13:35
2387500,9550.000000110593,-3527760.522916734,-3003231.50748737,301.42378310912136,48.7,13:17
2390000,9560.00000011263,-3528960.413169883,-3005951.840974249,300.5500511743143,48.7,13:00
2392500,9570.000000114667,-3525901.898276167,-3002540.708137108,300.75268521623155,48.7,12:42
2395000,9580.000000116705,-3525418.287661556,-3000976.057147893,301.37391163044623,48.7,12:24
2397500,9590.000000118742,-3527240.6699305326,-3004598.221855641,300.3396557256063,48.7,12:07
2400000,9600.000000120779,-3525174.8912765756,-3001562.9533979236,300.89677892706715,48.7,11:49
2402500,9610.000000122816,-3529242.431815326,-3004472.797293981,301.56205633111625,48.7,11:31
2405000,9620.000000124854,-3528439.366770722,-3004387.479095012,301.14959874886245,48.7,11:13
2407500,9630.00000012689,-3527651.709385356,-3002670.9820741783,301.6833620843285,48.7,10:56
2410000,9640.000000128928,-3528998.8447343186,-3006121.846744352,300.4744412582462,48.7,10:38
2412500,9650.000000130965,-3524928.5816658977,-2999831.593016141,301.75017236836055,48.7,10:20
2415000,9660.000000133003,-3524891.3946866393,-3000600.509075763,301.2869403632516,48.7,10:02
2417500,9670.00000013504,-3525258.162100468,-3001604.1555802505,300.9209539273396,48.7,9:45
2420000,9680.000000137077,-3526342.2977306377,-3003129.7885604887,300.6672447948117,48.7,9:27
2422500,9690.000000139114,-3528733.7626893856,-3005933.3991853027,300.43040278568856,48.7,9:09
2425000,9700.000000141152,-3527818.342962481,-3003138.0369833596,301.51072314201787,48.7,8:52
2427500,9710.000000143189,-3524543.0074103307,-3000382.187834064,301.2121971268382,48.7,8:34
2430000,9720.000000145226,-3526597.1305177305,-3003823.4326096405,300.4150792390655,48.7,8:16
2432500,9730.000000147264,-3527273.444983542,-3003511.9249286763,300.98273723273513,48.7,7:58
2435000,9740.0000001493,-3525658.5634900387,-3003417.9169723084,300.1087580214639,48.7,7:41
2437500,9750.000000151338,-3528330.860994458,-3004548.640671788,300.9946327672997,48.7,7:23
2440000,9760.000000153375,-3528606.967853917,-3005381.229675377,300.67484692479616,48.7,7:05
2442500,9770.000000155413,-3527599.946724437,-3004909.6395809925,300.3671582299005,48.7,6:47
2445000,9780.00000015745,-3525801.5016431827,-3002201.7885650992,300.88975387120416,48.7,6:30
2447500,9790.000000159487,-3526544.7865722775,-3003109.8962003156,300.7950375025,48.7,6:12
2450000,9800.000000161524,-3528407.1789837163,-3004678.653023232,300.96377697609324,48.7,5:54
2452500,9810.000000163562,-3527038.083635822,-3003459.1798970737,300.8777956580226,48.7,5:37
2455000,9820.000000165599,-3527843.5954390746,-3002959.911048969,301.6275957805913,48.7,5:19
2457500,9830.000000167636,-3530640.703092478,-3005469.0383424573,301.79308544273283,48.7,5:01
2460000,9840.000000169674,-3526710.8989616763,-3002884.2434964688,301.02016769172224,48.7,4:43
2462500,9850.00000017171,-3528064.070842428,-3004906.577697982,300.6356295016416,48.7,4:26
2465000,9860.000000173748,-3527110.055720385,-3002268.5438746046,301.60336107196713,48.7,4:08
2467500,9870.000000175785,-3524945.1844432633,-3002584.575712858,300.17769503526307,48.7,3:50
2470000,9880.000000177823,-3525665.4291539323,-3000217.303892001,301.9519551542816,48.7,3:32
2472500,9890.00000017986,-3525479.0500703976,-3001685.406663972,301.0011971117286,48.7,3:15
2475000,9900.000000181897,-3525387.8813882507,-3001032.589889291,301.323951597844,48.7,2:57
2477500,9910.000000183934,-3527518.4144704863,-3003985.9638198977,300.851101108897,48.7,2:39
2480000,9920.000000185972,-3526027.395005606,-3003364.2018941315,300.35157698682076,48.7,2:21
2482500,9930.000000188009,-3527296.6869049445,-3003116.688059032,301.2232186105765,48.7,2:04
2485000,9940.000000190046,-3527418.586992154,-3003668.2132864576,300.9763319155161,48.7,1:46
2487500,9950.000000192083,-3525862.151710281,-3002550.1409704024,300.7244239759266,48.7,1:28
2490000,9960.00000019412,-3527212.7902398203,-3003957.0674184794,300.69207778181715,48.7,1:10
2492500,9970.000000196158,-3524674.9411872122,-3002083.72267878,300.3102163442277,48.7,0:53
2495000,9980.000000198195,-3528147.6100764275,-3004997.562681732,300.63135075634483,48.7,0:35
2497500,9990.000000200233,-3526370.943359265,-3000459.5048200767,302.218200941812,48.7,0:17
2500000,10000.00000020227,-3527796.2462716717,-3003855.629406443,301.0856563020991,48.7,0:00
2502500,10010.000000204307,-3526884.8599624243,-3003185.308737177,300.94712646858494,48.7,23:59:43
2505000,10020.000000206344,-3526357.629217809,-3002280.1084235637,301.16432897604636,48.7,23:59:25
2507500,10030.000000208382,-3524799.257194003,-3000850.165655759,301.09052632439654,48.7,23:59:07
2510000,10040.000000210419,-3527954.5654936265,-3002430.563893462,301.9955579526893,48.7,23:58:50
2512500,10050.000000212456,-3527708.983455645,-3004585.0844422337,300.6163244302939,48.7,23:58:32
2515000,10060.000000214493,-3526529.4224467278,-3003747.409216538,300.419857689392,48.7,23:58:14
2517500,10070.00000021653,-3525673.2826127987,-3003891.670235992,299.8449712656059,48.7,23:57:56
2520000,10080.000000218568,-3527392.4270481765,-3002288.0969704883,301.75439116449076,48.7,23:57:39
2522500,10090.000000220605,-3526799.9011507835,-3003442.205834864,300.75067689489737,48.7,23:57:21
2525000,10100.000000222642,-3525221.8657065257,-3001985.484007788,300.68096328829444,48.7,23:57:03
2527500,10110.00000022468,-3528902.3624778464,-3006899.901998213,299.97188296865437,48.7,23:56:45
2530000,10120.000000226717,-3527462.4030700866,-3005526.4648876796,299.9336555266994,48.7,23:56:28
2532500,10130.000000228754,-3527583.5647215024,-3003443.923740359,301.20002671857605,48.7,23:56:10
2535000,10140.000000230792,-3526731.678642083,-3001879.0697145113,301.6097380773882,48.7,23:55:52
2537500,10150.000000232829,-3526920.931006087,-3001939.592879294,301.68371309323027,48.7,23:55:34
2540000,10160.000000234866,-3527336.5424238667,-3005037.4271495305,300.14235744740864,48.7,23:55:17
2542500,10170.000000236903,-3529268.9417949375,-3005843.1867694724,300.7897878201752,48.7,23:54:59
2545000,10180.00000023894,-3523786.8793721218,-3002070.2818851075,299.80761006448415,48.7,23:54:41
2547500,10190.000000240978,-3527772.7140198704,-3002808.4724652944,301.6738884442131,48.7,23:54:23
2550000,10200.000000243015,-3527400.6570975967,-3002805.7813932397,301.4616301159809,48.7,23:54:06
2552500,10210.000000245052,-3526657.2975851875,-3001632.507934947,301.7086827749716,48.7,23:53:48
2555000,10220.00000024709,-3530505.4939893764,-3006324.640962524,301.2237094708395,48.7,23:53:30
2557500,10230.000000249127,-3528323.5997172054,-3005934.0871124486,300.1943048221331,48.7,23:53:12
2560000,10240.000000251164,-3529267.230987264,-3007266.807233222,299.9707125519285,48.7,23:52:55
2562500,10250.000000253202,-3524924.3573853653,-3001299.941377515,300.90394955976495,48.7,23:52:37
2565000,10260.000000255239,-3527973.041344065,-3002781.493417727,301.80451143071326,48.7,23:52:19
2567500,10270.000000257276,-3523372.5815635156,-2999332.8955458244,301.1425869920063,48.7,23:52:01
2570000,10280.000000259313,-3527805.0706081763,-3003727.4581629364,301.16438164384675,48.7,23:51:44
2572500,10290.00000026135,-3527443.0694501027,-3003900.3746907944,300.8569879481645,48.7,23:51:26
2575000,10300.000000263388,-3527662.2149961926,-3004197.4291675743,300.81221710816163,48.7,23:51:08
2577500,10310.000000265425,-3524274.0058720447,-3001375.005229785,300.4870852159635,48.7,23:50:50
2580000,10320.000000267462,-3526297.1302639544,-3002560.3564587706,300.9685166501221,48.7,23:50:33
2582500,10330.0000002695,-3527252.627918709,-3003315.7469035005,301.0835094732049,48.7,23:50:15
2585000,10340.000000271537,-3528329.8203533776,-3004548.842928461,300.9939185285598,48.7,23:49:57
2587500,10350.000000273574,-3527103.342190163,-3002839.1270849956,301.27161399523084,48.7,23:49:39
2590000,10360.000000275611,-3527340.731889153,-3003501.3181892233,301.02749928876017,48.7,23:49:22
2592500,10370.000000277649,-3526745.654549379,-3002744.9754049582,301.12017145547236,48.7,23:49:04
2595000,10380.000000279686,-3530077.0347702093,-3004475.6452906355,302.0400293674102,48.7,23:48:46
2597500,10390.000000281723,-3527982.2154806387,-3002219.2818741393,302.1328616806753,48.7,23:48:28
2600000,10400.00000028376,-3529379.663597744,-3007657.8412673078,299.8106125524764,48.7,23:48:11
